###############################################################################
#
# IAR ELF Linker V8.32.2.178/W32 for ARM                  28/Aug/2019  16:06:50
# Copyright 2007-2018 IAR Systems AB.
#
#    Output file  =  dm_lite_mg21_v660.out
#    Map file     =  
#        C:/SiliconLabs/SimplicityStudio/v4/developer/sdks/gecko_sdk_suite/v2.5/dm_lite_mg21_v660/IAR
#        ARM - Default/dm_lite_mg21_v660.map
#    Command line =  
#        -f
#        "C:\SiliconLabs\SimplicityStudio\v4\developer\sdks\gecko_sdk_suite\v2.5\dm_lite_mg21_v660\IAR
#        ARM - Default\ilinkCommandLine_dm_lite_mg21_v660.out.xcl" (-o
#        dm_lite_mg21_v660.out --config
#        C:/SiliconLabs/SimplicityStudio/v4_2/developer/sdks/gecko_sdk_suite/v2.6//platform/base/hal/micro/cortexm3/efm32/iar-cfg.icf
#        --config_def APP_BTL=1 --config_def FLASH_SIZE=1048576 --config_def
#        RAM_SIZE=98304 --config_def SIMEEPROM_SIZE=32768 --config_def
#        LOCKBITS_IN_MAINFLASH_SIZE=8192 --config_def
#        EMBER_MALLOC_HEAP_SIZE=8192 --config_def HEADER_SIZE=256 --config_def
#        PSSTORE_SIZE=0 --config_def LONGTOKEN_SIZE=0 --no_wrap_diagnostics
#        C:/SiliconLabs/SimplicityStudio/v4_2/developer/sdks/gecko_sdk_suite/v2.6//protocol/zigbee/build/zigbee-r22-support-stub-library-cortexm3-iar-efr32mg21-rail/zigbee-r22-support-stub-library.a
#        C:/SiliconLabs/SimplicityStudio/v4_2/developer/sdks/gecko_sdk_suite/v2.6//protocol/zigbee/build/install-code-library-cortexm3-iar-efr32mg21-rail/install-code-library.a
#        C:/SiliconLabs/SimplicityStudio/v4_2/developer/sdks/gecko_sdk_suite/v2.6//protocol/zigbee/build/cbke-stub-library-cortexm3-iar-efr32mg21-rail/cbke-stub-library.a
#        C:/SiliconLabs/SimplicityStudio/v4_2/developer/sdks/gecko_sdk_suite/v2.6//protocol/zigbee/build/cbke-library-dsa-verify-stub-cortexm3-iar-efr32mg21-rail/cbke-library-dsa-verify-stub.a
#        C:/SiliconLabs/SimplicityStudio/v4_2/developer/sdks/gecko_sdk_suite/v2.6//protocol/zigbee/build/gp-library-cortexm3-iar-efr32mg21-rail/gp-library.a
#        C:/SiliconLabs/SimplicityStudio/v4_2/developer/sdks/gecko_sdk_suite/v2.6//protocol/zigbee/build/mfglib-library-cortexm3-iar-efr32mg21-rail/mfglib-library.a
#        C:/SiliconLabs/SimplicityStudio/v4_2/developer/sdks/gecko_sdk_suite/v2.6//protocol/zigbee/build/security-library-link-keys-cortexm3-iar-efr32mg21-rail/security-library-link-keys.a
#        C:/SiliconLabs/SimplicityStudio/v4_2/developer/sdks/gecko_sdk_suite/v2.6//protocol/zigbee/build/debug-extended-stub-library-cortexm3-iar-efr32mg21-rail/debug-extended-stub-library.a
#        C:/SiliconLabs/SimplicityStudio/v4_2/developer/sdks/gecko_sdk_suite/v2.6//protocol/zigbee/build/debug-basic-library-cortexm3-iar-efr32mg21-rail/debug-basic-library.a
#        C:/SiliconLabs/SimplicityStudio/v4_2/developer/sdks/gecko_sdk_suite/v2.6//protocol/zigbee/build/cbke-283k1-stub-library-cortexm3-iar-efr32mg21-rail/cbke-283k1-stub-library.a
#        C:/SiliconLabs/SimplicityStudio/v4_2/developer/sdks/gecko_sdk_suite/v2.6//protocol/zigbee/build/end-device-bind-stub-library-cortexm3-iar-efr32mg21-rail/end-device-bind-stub-library.a
#        C:/SiliconLabs/SimplicityStudio/v4_2/developer/sdks/gecko_sdk_suite/v2.6//protocol/zigbee/build/security-library-core-cortexm3-iar-efr32mg21-rail/security-library-core.a
#        C:/SiliconLabs/SimplicityStudio/v4_2/developer/sdks/gecko_sdk_suite/v2.6//protocol/zigbee/build/cbke-library-dsa-verify-283k1-stub-cortexm3-iar-efr32mg21-rail/cbke-library-dsa-verify-283k1-stub.a
#        C:/SiliconLabs/SimplicityStudio/v4_2/developer/sdks/gecko_sdk_suite/v2.6//protocol/zigbee/build/hal-library-cortexm3-iar-efr32mg21-rail/hal-library.a
#        C:/SiliconLabs/SimplicityStudio/v4_2/developer/sdks/gecko_sdk_suite/v2.6//protocol/zigbee/build/multi-network-stub-library-cortexm3-iar-efr32mg21-rail/multi-network-stub-library.a
#        C:/SiliconLabs/SimplicityStudio/v4_2/developer/sdks/gecko_sdk_suite/v2.6//platform/emdrv/nvm3/lib/libnvm3_CM33_iar.a
#        C:/SiliconLabs/SimplicityStudio/v4_2/developer/sdks/gecko_sdk_suite/v2.6//protocol/zigbee/build/sim-eeprom2-to-nvm3-upgrade-stub-library-cortexm3-iar-efr32mg21-rail/sim-eeprom2-to-nvm3-upgrade-stub-library.a
#        C:/SiliconLabs/SimplicityStudio/v4_2/developer/sdks/gecko_sdk_suite/v2.6//protocol/zigbee/build/zigbee-pro-stack-cortexm3-iar-efr32mg21-rail/zigbee-pro-stack.a
#        C:/SiliconLabs/SimplicityStudio/v4_2/developer/sdks/gecko_sdk_suite/v2.6//platform/radio/rail_lib/autogen/librail_release/librail_multiprotocol_efr32xg21_iar_release.a
#        C:/SiliconLabs/SimplicityStudio/v4_2/developer/sdks/gecko_sdk_suite/v2.6//protocol/zigbee/build/zll-library-cortexm3-iar-efr32mg21-rail/zll-library.a
#        C:/SiliconLabs/SimplicityStudio/v4_2/developer/sdks/gecko_sdk_suite/v2.6//protocol/zigbee/build/packet-validate-library-cortexm3-iar-efr32mg21-rail/packet-validate-library.a
#        C:/SiliconLabs/SimplicityStudio/v4_2/developer/sdks/gecko_sdk_suite/v2.6//protocol/zigbee/build/binding-table-library-cortexm3-iar-efr32mg21-rail/binding-table-library.a
#        C:/SiliconLabs/SimplicityStudio/v4_2/developer/sdks/gecko_sdk_suite/v2.6//protocol/zigbee/build/cbke-library-dsa-sign-stub-cortexm3-iar-efr32mg21-rail/cbke-library-dsa-sign-stub.a
#        C:/SiliconLabs/SimplicityStudio/v4_2/developer/sdks/gecko_sdk_suite/v2.6//protocol/zigbee/build/cbke-163k1-stub-library-cortexm3-iar-efr32mg21-rail/cbke-163k1-stub-library.a
#        C:/SiliconLabs/SimplicityStudio/v4_2/developer/sdks/gecko_sdk_suite/v2.6//protocol/bluetooth/lib/EFR32MG21/IAR/libbluetooth.a
#        --entry __iar_program_start --map
#        "C:/SiliconLabs/SimplicityStudio/v4/developer/sdks/gecko_sdk_suite/v2.5/dm_lite_mg21_v660/IAR
#        ARM - Default/dm_lite_mg21_v660.map" --log_file
#        "C:/SiliconLabs/SimplicityStudio/v4/developer/sdks/gecko_sdk_suite/v2.5/dm_lite_mg21_v660/IAR
#        ARM - Default/dm_lite_mg21_v660.log" --log
#        initialization,modules,sections,veneers --diag_suppress=Lp012
#        --redirect _Printf=_PrintfSmallNoMb --redirect _Scanf=_ScanfFullNoMb
#        ./zll-utility-server/zll-utility-server.o
#        ./zll-scenes-server/zll-scenes-server.o
#        ./zll-on-off-server/zll-on-off-server.o
#        ./zll-identify-server/zll-identify-server.o
#        ./zll-commissioning-server/zll-commissioning-server.o
#        ./zll-commissioning-common/zll-commissioning-cli.o
#        ./zll-commissioning-common/zll-commissioning-common.o
#        ./zcl-framework-core/af-event.o ./zcl-framework-core/af-main-common.o
#        ./zcl-framework-core/af-main-soc.o ./zcl-framework-core/af-node.o
#        ./zcl-framework-core/af-security-common.o
#        ./zcl-framework-core/af-trust-center.o
#        ./zcl-framework-core/attribute-size.o
#        ./zcl-framework-core/attribute-storage.o
#        ./zcl-framework-core/attribute-table.o
#        ./zcl-framework-core/client-api.o ./zcl-framework-core/core-cli.o
#        ./zcl-framework-core/crypto-state.o ./zcl-framework-core/message.o
#        ./zcl-framework-core/multi-network.o
#        ./zcl-framework-core/network-cli.o ./zcl-framework-core/option-cli.o
#        ./zcl-framework-core/plugin-cli.o
#        ./zcl-framework-core/print-formatter.o ./zcl-framework-core/print.o
#        ./zcl-framework-core/process-cluster-message.o
#        ./zcl-framework-core/process-global-message.o
#        ./zcl-framework-core/security-cli.o
#        ./zcl-framework-core/service-discovery-common.o
#        ./zcl-framework-core/service-discovery-soc.o
#        ./zcl-framework-core/time-util.o ./zcl-framework-core/util.o
#        ./zcl-framework-core/zcl-cli.o ./zcl-framework-core/zdo-cli.o
#        ./strong-random/strong-random-api.o ./spidisplay/display.o
#        ./spidisplay/displayls013b7dh03.o ./spidisplay/displaypalemlib.o
#        ./serial/EFR32/serial.o ./serial/com.o ./scenes/scenes-cli.o
#        ./scenes/scenes.o ./scan-dispatch/scan-dispatch.o
#        ./reporting/reporting-cli.o
#        ./reporting/reporting-default-configuration.o ./reporting/reporting.o
#        ./on-off/on-off.o ./nvm3/EFR32/nvm3_default.o
#        ./nvm3/EFR32/nvm3_hal_flash.o ./nvm3/nvm3_lock.o
#        ./network-creator-security/network-creator-security-cli.o
#        ./network-creator-security/network-creator-security.o
#        ./network-creator/network-creator-cli.o
#        ./network-creator/network-creator.o
#        ./micrium-rtos/EFR32/armv6m_v7m_cpu_int.o
#        ./micrium-rtos/EFR32/armv7m_cpu_a.o
#        ./micrium-rtos/EFR32/armv7m_cpu_c.o
#        ./micrium-rtos/EFR32/armv7m_os_cpu_a.o
#        ./micrium-rtos/EFR32/armv7m_os_cpu_c.o ./micrium-rtos/EFR32/bsp_cpu.o
#        ./micrium-rtos/EFR32/bsp_os.o ./micrium-rtos/EFR32/bsp_tick_rtcc.o
#        ./micrium-rtos/cpu_core.o ./micrium-rtos/kal_kernel.o
#        ./micrium-rtos/lib_ascii.o ./micrium-rtos/lib_math.o
#        ./micrium-rtos/lib_mem.o ./micrium-rtos/lib_str.o
#        ./micrium-rtos/micrium-rtos-main.o ./micrium-rtos/micrium-rtos-sleep.o
#        ./micrium-rtos/os_app_hooks.o ./micrium-rtos/os_cfg_app.o
#        ./micrium-rtos/os_core.o ./micrium-rtos/os_dbg.o
#        ./micrium-rtos/os_flag.o ./micrium-rtos/os_mem.o
#        ./micrium-rtos/os_mon.o ./micrium-rtos/os_msg.o
#        ./micrium-rtos/os_mutex.o ./micrium-rtos/os_prio.o
#        ./micrium-rtos/os_q.o ./micrium-rtos/os_sem.o ./micrium-rtos/os_stat.o
#        ./micrium-rtos/os_task.o ./micrium-rtos/os_tick.o
#        ./micrium-rtos/os_time.o ./micrium-rtos/os_tmr.o
#        ./micrium-rtos/os_var.o ./micrium-rtos/rtos_err_str.o
#        ./mbedtls/EFR32/aes.o ./mbedtls/EFR32/aes_aes.o
#        ./mbedtls/EFR32/aesni.o ./mbedtls/EFR32/arc4.o
#        ./mbedtls/EFR32/asn1parse.o ./mbedtls/EFR32/asn1write.o
#        ./mbedtls/EFR32/base64.o ./mbedtls/EFR32/bignum.o
#        ./mbedtls/EFR32/blowfish.o ./mbedtls/EFR32/camellia.o
#        ./mbedtls/EFR32/ccm.o ./mbedtls/EFR32/certs.o ./mbedtls/EFR32/cipher.o
#        ./mbedtls/EFR32/cipher_wrap.o ./mbedtls/EFR32/cmac.o
#        ./mbedtls/EFR32/crypto_aes.o ./mbedtls/EFR32/crypto_ble.o
#        ./mbedtls/EFR32/crypto_ecp.o ./mbedtls/EFR32/crypto_management.o
#        ./mbedtls/EFR32/crypto_sha.o ./mbedtls/EFR32/cryptoacc_aes.o
#        ./mbedtls/EFR32/cryptoacc_ccm.o ./mbedtls/EFR32/cryptoacc_cmac.o
#        ./mbedtls/EFR32/cryptoacc_ecp.o ./mbedtls/EFR32/cryptoacc_gcm.o
#        ./mbedtls/EFR32/cryptoacc_management.o ./mbedtls/EFR32/cryptoacc_sha.o
#        ./mbedtls/EFR32/cryptoacc_trng.o ./mbedtls/EFR32/ctr_drbg.o
#        ./mbedtls/EFR32/debug.o ./mbedtls/EFR32/des.o ./mbedtls/EFR32/dhm.o
#        ./mbedtls/EFR32/ecdh.o ./mbedtls/EFR32/ecdsa.o
#        ./mbedtls/EFR32/ecjpake.o ./mbedtls/EFR32/ecp.o
#        ./mbedtls/EFR32/ecp_curves.o ./mbedtls/EFR32/entropy.o
#        ./mbedtls/EFR32/entropy_adc.o ./mbedtls/EFR32/entropy_poll.o
#        ./mbedtls/EFR32/entropy_rail.o ./mbedtls/EFR32/error.o
#        ./mbedtls/EFR32/gcm.o ./mbedtls/EFR32/havege.o
#        ./mbedtls/EFR32/hmac_drbg.o ./mbedtls/EFR32/md.o ./mbedtls/EFR32/md2.o
#        ./mbedtls/EFR32/md4.o ./mbedtls/EFR32/md5.o ./mbedtls/EFR32/md_wrap.o
#        ./mbedtls/EFR32/memory_buffer_alloc.o ./mbedtls/EFR32/net_sockets.o
#        ./mbedtls/EFR32/oid.o ./mbedtls/EFR32/padlock.o ./mbedtls/EFR32/pem.o
#        ./mbedtls/EFR32/pk.o ./mbedtls/EFR32/pk_wrap.o
#        ./mbedtls/EFR32/pkcs11.o ./mbedtls/EFR32/pkcs12.o
#        ./mbedtls/EFR32/pkcs5.o ./mbedtls/EFR32/pkparse.o
#        ./mbedtls/EFR32/pkwrite.o ./mbedtls/EFR32/radioaes.o
#        ./mbedtls/EFR32/radioaes_aes.o ./mbedtls/EFR32/radioaes_ble.o
#        ./mbedtls/EFR32/ripemd160.o ./mbedtls/EFR32/rsa.o
#        ./mbedtls/EFR32/rsa_internal.o ./mbedtls/EFR32/se_aes.o
#        ./mbedtls/EFR32/se_ccm.o ./mbedtls/EFR32/se_cmac.o
#        ./mbedtls/EFR32/se_ecp.o ./mbedtls/EFR32/se_jpake.o
#        ./mbedtls/EFR32/se_management.o ./mbedtls/EFR32/se_sha.o
#        ./mbedtls/EFR32/se_trng.o ./mbedtls/EFR32/sha1.o
#        ./mbedtls/EFR32/sha256.o ./mbedtls/EFR32/sha512.o
#        ./mbedtls/EFR32/shax.o ./mbedtls/EFR32/ssl_cache.o
#        ./mbedtls/EFR32/ssl_ciphersuites.o ./mbedtls/EFR32/ssl_cli.o
#        ./mbedtls/EFR32/ssl_cookie.o ./mbedtls/EFR32/ssl_srv.o
#        ./mbedtls/EFR32/ssl_ticket.o ./mbedtls/EFR32/ssl_tls.o
#        ./mbedtls/EFR32/threading.o ./mbedtls/EFR32/timing.o
#        ./mbedtls/EFR32/trng.o ./mbedtls/EFR32/version.o
#        ./mbedtls/EFR32/version_features.o ./mbedtls/EFR32/x509.o
#        ./mbedtls/EFR32/x509_create.o ./mbedtls/EFR32/x509_crl.o
#        ./mbedtls/EFR32/x509_crt.o ./mbedtls/EFR32/x509_csr.o
#        ./mbedtls/EFR32/x509write_crt.o ./mbedtls/EFR32/x509write_csr.o
#        ./mbedtls/EFR32/xtea.o ./mbedtls-multiprotocol/sl_malloc.o
#        ./manufacturing-library-cli/manufacturing-library-cli-soc.o
#        ./kit-drivers/udelay.o ./interpan/interpan-cli.o
#        ./interpan/interpan-soc.o ./interpan/interpan.o
#        ./idle-sleep/idle-sleep-cli.o ./idle-sleep/idle-sleep-soc.o
#        ./idle-sleep/idle-sleep.o ./identify-feedback/identify-feedback.o
#        ./identify/identify-cli.o ./identify/identify.o
#        ./hal-library/EFR32/hal-config-gpio.o ./hal-library/EFR32/hal-config.o
#        ./groups-server/groups-server-cli.o ./groups-server/groups-server.o
#        ./green-power-common/green-power-common.o
#        ./green-power-client/green-power-client-cli.o
#        ./green-power-client/green-power-client.o ./glib/EFR32/graphics.o
#        ./glib/bmp.o ./glib/dmd_display.o ./glib/glib.o ./glib/glib_bitmap.o
#        ./glib/glib_circle.o ./glib/glib_font_narrow_6x8.o
#        ./glib/glib_font_normal_8x8.o ./glib/glib_font_number_16x20.o
#        ./glib/glib_line.o ./glib/glib_polygon.o ./glib/glib_rectangle.o
#        ./glib/glib_string.o ./form-and-join/form-and-join-afv2.o
#        ./form-and-join/form-and-join-node-adapter.o
#        ./form-and-join/form-and-join.o
#        ./find-and-bind-target/find-and-bind-target-cli.o
#        ./find-and-bind-target/find-and-bind-target.o
#        ./external-generated-files/bootloader-interface-app.o
#        ./external-generated-files/bootloader-interface.o
#        ./external-generated-files/btl_interface.o
#        ./external-generated-files/btl_interface_storage.o ./emlib/em_adc.o
#        ./emlib/em_cmu.o ./emlib/em_core.o ./emlib/em_cryotimer.o
#        ./emlib/em_emu.o ./emlib/em_gpio.o ./emlib/em_i2c.o ./emlib/em_ldma.o
#        ./emlib/em_leuart.o ./emlib/em_msc.o ./emlib/em_prs.o ./emlib/em_rmu.o
#        ./emlib/em_rtcc.o ./emlib/em_se.o ./emlib/em_system.o
#        ./emlib/em_timer.o ./emlib/em_usart.o ./emlib/em_wdog.o
#        ./emlib/system_efr32mg21.o ./emdrv/dmadrv.o ./emdrv/gpiointerrupt.o
#        ./emdrv/rtcdriver.o ./emdrv/sleep.o ./emdrv/tempdrv.o
#        ./emdrv/uartdrv.o ./emdrv/ustimer.o
#        ./ember-minimal-printf/ember-printf.o ./efr32/assert-crash-handlers.o
#        ./efr32/button.o ./efr32/buzzer-efr32.o ./efr32/cstartup-common.o
#        ./efr32/diagnostic.o ./efr32/ext-device.o ./efr32/faults-v7m.o
#        ./efr32/isr-stubs.o ./efr32/led.o ./efr32/mfg-token.o
#        ./efr32/micro-common.o ./efr32/micro.o ./efr32/mpu.o
#        ./efr32/sleep-efm32.o ./efr32/token.o ./eeprom/eeprom-afv2.o
#        ./eeprom/eeprom-cli.o ./eeprom/eeprom.o ./dmp-ui-demo/dmp-ui.o
#        ./debug-jtag/EFR32/debug-jtag-efr32.o
#        ./debug-basic-library/EFR32/SEGGER_RTT.o ./counters/counters-cli.o
#        ./counters/counters-ota.o ./counters/counters-soc.o
#        ./concentrator/concentrator-support-cli.o
#        ./concentrator/concentrator-support.o
#        ./concentrator/source-route-common.o ./concentrator/source-route.o
#        ./coexistence-stub/EFR32/coexistence-802154.o
#        ./coexistence-stub/EFR32/coulomb-counter-802154.o
#        ./ccm-encryption/ccm-star.o ./ble/ble-cli.o ./ble/ble-interface.o
#        ./ble/rtos_bluetooth.o ./antenna-stub/antenna-stub.o
#        ./address-table/address-table-cli.o ./address-table/address-table.o
#        ./adc/EFR32/adc-efr32.o ./call-command-handler.o ./callback-stub.o
#        ./command-interpreter2.o ./crc.o ./dm_lite_mg21_v660_callbacks.o
#        ./ember-base-configuration.o ./ember-configuration.o ./endian.o
#        ./gatt_db.o ./library.o ./mem-util.o ./random.o
#        ./security-address-cache.o ./stack-handler-stub.o ./token-def.o
#        ./zigbee-device-common.o ./zigbee-device-library.o
#        ./znet-bookkeeping.o ./znet-cli.o)
#
###############################################################################

*******************************************************************************
*** RUNTIME MODEL ATTRIBUTES
***

CppFlavor                   = *
__Heap_Handler              = DLMalloc
__SystemLibrary             = DLib
__dlib_jmp_buf_num_elements = 16
__dlib_version              = 6


*******************************************************************************
*** HEAP SELECTION
***

The advanced heap was selected because the application calls memory
allocation functions outside of system library functions, and there
are calls to deallocation functions in the application.


*******************************************************************************
*** PLACEMENT SUMMARY
***

"BAT": place at 0x0 { section BAT };
define block HEADER_block with fixed order { ro section AAT };
"HEADERS":
       place at start of [from 0x4000 to 0x40ff] { block HEADER_block };
define block APPRO_block
   with fixed order {
      ro section .intvec, ro section .textrw_init, ro section .gatt_header,
      ro section .gatt_data, ro section .text, ro section CODE,
      ro section .rodata, ro section .data_init, ro section .iar.init_table,
      ro section __DLIB_PERTHREAD_init };
"APP ro":
       place at start of [from 0x4100 to 0xf'ffff] { block APPRO_block };
"SIMEE&LOCKBITS":
       place at end of [from 0x4100 to 0xf'ffff] {
          zi section SIMEE, zi section INTERNAL_STORAGE, zi section LONGTOKEN,
          zi section PSSTORE, zi section LOCKBITS_IN_MAINFLASH };
define block ALIGN_EMHEAP with alignment = 8 { rw section EMHEAP };
define block RESETHEAP
   with fixed order { rw section RESETINFO, block ALIGN_EMHEAP };
"ResetHeap":
       place at start of [from 0x2000'0000 to 0x2001'7fef] { block RESETHEAP };
"Guard":
       place in [from 0x2000'0000 to 0x2001'7fef] { rw section GUARD_REGION };
define block ALIGN_CSTACK with alignment = 8 { rw section CSTACK };
define block DLIB_PERTHREAD_INITIALIZED_DATA { rw section __DLIB_PERTHREAD };
define block DLIB_PERTHREAD_ZERO_DATA { zi section __DLIB_PERTHREAD };
define block HEAP with size = 8K, alignment = 8 { };
define block APPRW_block
   with fixed order {
      block ALIGN_CSTACK, rw section .textrw, rw section .data,
      block DLIB_PERTHREAD_INITIALIZED_DATA, block DLIB_PERTHREAD_ZERO_DATA,
      rw section .bss, rw section .noinit, block HEAP };
"APP rw":
       place at end of [from 0x2000'0000 to 0x2001'7fef] { block APPRW_block };
do not initialize {
   rw section .noinit, rw section CSTACK, rw section RESETINFO,
   rw section EMHEAP, zi section SIMEE, zi section INTERNAL_STORAGE,
   zi section LONGTOKEN, zi section PSSTORE, zi section LOCKBITS_IN_MAINFLASH };
initialize by copy { rw };

No sections matched the following patterns:

  ro section .iar.init_table        in block APPRO_block
  ro section __DLIB_PERTHREAD_init  in block APPRO_block
  rw section .noinit                in block APPRW_block
  rw section DEBUG_CHANNEL          in "DEBUGCHAN"
  rw section __DLIB_PERTHREAD       in block DLIB_PERTHREAD_INITIALIZED_DATA
  zi section INTERNAL_STORAGE       in "SIMEE&LOCKBITS"
  zi section LONGTOKEN              in "SIMEE&LOCKBITS"
  zi section PSSTORE                in "SIMEE&LOCKBITS"
  zi section __DLIB_PERTHREAD       in block DLIB_PERTHREAD_ZERO_DATA


  Section                 Kind         Address     Size  Object
  -------                 ----         -------     ----  ------
"BAT":                                             0x54
  BAT                     uninit           0x0     0x54  cstartup-common.o [14]
                                        - 0x54     0x54

"HEADERS":                                         0xac
  HEADER_block                          0x4000     0xac  <Block>
    AAT                   const         0x4000     0xac  cstartup-common.o [14]
                                      - 0x40ac     0xac

"APP ro":                                       0x64870
  APPRO_block                           0x4100  0x64870  <Block>
    .intvec               const         0x4100    0x134  startup_efr32mg21.o [68]
    Initializer bytes     const         0x4234    0x135  <for rw section .textrw-1>
    .gatt_header          const         0x436c     0x34  gatt_db.o [1]
    .gatt_data            const         0x43a0     0x24  gatt_db.o [1]
    .gatt_data            const         0x43c4     0x40  gatt_db.o [1]
    .gatt_data            const         0x4404      0x8  gatt_db.o [1]
    .gatt_data            const         0x440c      0x8  gatt_db.o [1]
    .gatt_data            const         0x4414      0x8  gatt_db.o [1]
    .gatt_data            const         0x441c      0x8  gatt_db.o [1]
    .gatt_data            const         0x4424      0x8  gatt_db.o [1]
    .gatt_data            const         0x442c      0x8  gatt_db.o [1]
    .gatt_data            const         0x4434      0x8  gatt_db.o [1]
    .gatt_data            const         0x443c      0x8  gatt_db.o [1]
    .gatt_data            const         0x4444      0x8  gatt_db.o [1]
    .gatt_data            const         0x444c      0x8  gatt_db.o [1]
    .gatt_data            const         0x4454      0x8  gatt_db.o [1]
    .gatt_data            const         0x445c      0x8  gatt_db.o [1]
    .gatt_data            const         0x4464    0x1ec  gatt_db.o [1]
    .gatt_data            const         0x4650     0x18  gatt_db.o [1]
    .gatt_data            const         0x4668      0x6  gatt_db.o [1]
    .gatt_data            const         0x466e     0x16  gatt_db.o [1]
    .gatt_data            const         0x4684      0x6  gatt_db.o [1]
    .gatt_data            const         0x468a     0x16  gatt_db.o [1]
    .gatt_data            const         0x46a0      0x6  gatt_db.o [1]
    .gatt_data            const         0x46a6     0x16  gatt_db.o [1]
    .gatt_data            const         0x46bc     0x12  gatt_db.o [1]
    .gatt_data            const         0x46ce      0x6  gatt_db.o [1]
    .gatt_data            const         0x46d4      0x8  gatt_db.o [1]
    .gatt_data            const         0x46dc      0x6  gatt_db.o [1]
    .gatt_data            const         0x46e2      0x8  gatt_db.o [1]
    .gatt_data            const         0x46ea      0x4  gatt_db.o [1]
    .gatt_data            const         0x46ee      0x6  gatt_db.o [1]
    .gatt_data            const         0x46f4      0x8  gatt_db.o [1]
    .gatt_data            const         0x46fc      0x6  gatt_db.o [1]
    .gatt_data            const         0x4702      0x8  gatt_db.o [1]
    .gatt_data            const         0x470a      0x6  gatt_db.o [1]
    .gatt_data            const         0x4710      0x8  gatt_db.o [1]
    .gatt_data            const         0x4718      0x6  gatt_db.o [1]
    .gatt_data            const         0x471e      0x8  gatt_db.o [1]
    .gatt_data            const         0x4726      0x4  gatt_db.o [1]
    .gatt_data            const         0x472a      0x8  gatt_db.o [1]
    .gatt_data            const         0x4732      0x8  gatt_db.o [1]
    .gatt_data            const         0x473a      0x8  gatt_db.o [1]
    .gatt_data            const         0x4742      0x4  gatt_db.o [1]
    .gatt_data            const         0x4746      0x1  gatt_db.o [1]
    .gatt_data            const         0x4747      0x1  gatt_db.o [1]
    .text                               0x4748  0x52954  <Block>
      .text               ro code       0x4748    0x12c  zll-utility-server.o [55]
      .text               ro code       0x4874    0x91e  util.o [49]
      .text               ro code       0x5192      0x2  identify-cli.o [27]
      .text               ro code       0x5194     0xfc  callback-stub.o [1]
      .text               ro code       0x5290    0x16c  message.o [49]
      .text               ro code       0x53fc    0x27c  client-api.o [49]
      .text               ro code       0x5678    0x9d4  attribute-storage.o [49]
      .text               ro code       0x604c    0x694  attribute-table.o [49]
      .text               ro code       0x66e0     0xbe  mem-util.o [1]
      .text               ro code       0x679e      0x2  startup_efr32mg21.o [68]
      .text               ro code       0x67a0     0x58  multi-network.o [49]
      .text               ro code       0x67f8    0x15e  af-event.o [49]
      .text               ro code       0x6956      0x2  startup_efr32mg21.o [68]
      .text               ro code       0x6958    0x134  eeprom.o [13]
      .text               ro code       0x6a8c    0x230  zll-commissioning-common.o [50]
      .text               ro code       0x6cbc    0xf24  green-power-client.o [23]
      .text               ro code       0x7be0    0xa00  reporting.o [42]
      .text               ro code       0x85e0    0x160  concentrator-support.o [8]
      .text               ro code       0x8740     0x88  ble-interface.o [5]
      .text               ro code       0x87c8     0x88  interpan-soc.o [30]
      .text               ro code       0x8850     0x3e  idle-sleep-soc.o [29]
      .text               ro code       0x888e      0x2  startup_efr32mg21.o [68]
      .text               ro code       0x8890    0x16c  counters-soc.o [9]
      .text               ro code       0x89fc   0x14a0  association.o [81]
      .text               ro code       0x9e9c    0x208  ember-stack-common.o [81]
      .text               ro code       0xa0a4    0x124  print.o [49]
      .text               ro code       0xa1c8    0x118  time-util.o [49]
      .text               ro code       0xa2e0    0x14c  print-formatter.o [49]
      .text               ro code       0xa42c    0x42c  groups-server.o [25]
      .text               ro code       0xa858     0x50  process-cluster-message.o [49]
      .text               ro code       0xa8a8    0x578  process-global-message.o [49]
      .text               ro code       0xae20    0x2c4  ember-multi-network-stub.o [75]
      .text               ro code       0xb0e4     0x18  ABImemcpy_small.o [77]
      .text               ro code       0xb0fc     0x5c  znet-bookkeeping.o [1]
      .text               ro code       0xb158    0x55c  interpan.o [30]
      .text               ro code       0xb6b4    0x984  af-main-common.o [49]
      .text               ro code       0xc038    0x440  address-table.o [81]
      .text               ro code       0xc478    0x4d0  binding-table.o [56]
      .text               ro code       0xc948     0x50  random.o [1]
      .text               ro code       0xc998    0x5cc  af-main-soc.o [49]
      .text               ro code       0xcf64     0x98  micro-common.o [14]
      .text               ro code       0xcffc     0x24  attribute-size.o [49]
      .text               ro code       0xd020     0x12  ABImemset_small.o [77]
      .text               ro code       0xd032      0x2  startup_efr32mg21.o [68]
      .text               ro code       0xd034    0x24c  event-control.o [81]
      .text               ro code       0xd280     0x10  crypto-state.o [49]
      .text               ro code       0xd290     0xd8  bootloader-interface-app.o [18]
      .text               ro code       0xd368    0x1fc  assert-crash-handlers.o [14]
      .text               ro code       0xd564    0x920  scenes.o [44]
      .text               ro code       0xde84    0x1d4  zll-commissioning-server.o [51]
      .text               ro code       0xe058    0x810  zll-api.o [83]
      .text               ro code       0xe868    0x406  leave.o [81]
      .text               ro code       0xec6e    0x128  zll-tokens.o [83]
      .text               ro code       0xed96     0x1a  xsnprout.o [65]
      .text               ro code       0xedb0    0xc54  gp-data.o [67]
      .text               ro code       0xfa04    0x74c  scan.o [81]
      .text               ro code     0x1'0150    0x100  zigbee-dispatch.o [81]
      .text               ro code     0x1'0250      0x6  ABImemclr4.o [77]
      .text               ro code     0x1'0256     0x3a  zero_init3.o [77]
      .text               ro code     0x1'0290    0x15a  green-power-common.o [24]
      .text               ro code     0x1'03ea     0x7a  lz77_init_single.o [77]
      .text               ro code     0x1'0464    0x824  gp-proxy-table.o [67]
      .text               ro code     0x1'0c88    0x474  zigbee-stack.o [81]
      .text               ro code     0x1'10fc   0x18f8  network.o [81]
      .text               ro code     0x1'29f4     0x7a  gp-util.o [67]
      .text               ro code     0x1'2a70    0x268  green-power-client-cli.o [23]
      .text               ro code     0x1'2cd8    0x334  token.o [14]
      .text               ro code     0x1'300c     0x74  reporting-default-configuration.o [42]
      .text               ro code     0x1'3080     0xd0  system-timer.o [68]
      .text               ro code     0x1'3150    0x2a8  source-route-common.o [8]
      .text               ro code     0x1'33f8    0x140  source-route.o [8]
      .text               ro code     0x1'3538    0x9c0  zigbee-device-util.o [81]
      .text               ro code     0x1'3ef8   0x1128  dm_lite_mg21_v660_callbacks.o [1]
      .text               ro code     0x1'5020    0x3ea  os_flag.o [35]
      .text               ro code     0x1'540c    0x76c  packet-buffer.o [81]
      .text               ro code     0x1'5b78    0x9d0  upper-mac.o [81]
      .text               ro code     0x1'6548    0x380  mac-header.o [81]
      .text               ro code     0x1'68c8      0x8  em_core.o [17]
      .text               ro code     0x1'68d0     0xac  idle-sleep.o [29]
      .text               ro code     0x1'697c      0x8  em_core.o [17]
      .text               ro code     0x1'6984    0x324  child-handling.o [81]
      .text               ro code     0x1'6ca8    0x8e8  beacon-handling.o [81]
      .text               ro code     0x1'7590    0x184  token-cache.o [81]
      .text               ro code     0x1'7714    0x2f8  management.o [81]
      .text               ro code     0x1'7a0c     0x14  debug-extended-stub.o [64]
      .text               ro code     0x1'7a20    0x36c  random-id.o [81]
      .text               ro code     0x1'7d8c    0xdb8  aps-security.o [78]
      .text               ro code     0x1'8b44    0x74c  child.o [81]
      .text               ro code     0x1'9290     0x98  strong-random-api.o [48]
      .text               ro code     0x1'9328    0x628  command.o [81]
      .text               ro code     0x1'9950    0x168  child-aging.o [81]
      .text               ro code     0x1'9ab8      0xc  ember-multi-phy-stub.o [81]
      .text               ro code     0x1'9ac4     0x3c  ember-configuration.o [1]
      .text               ro code     0x1'9b00    0x258  packet-header.o [81]
      .text               ro code     0x1'9d58     0x5e  byte-utilities.o [81]
      .text               ro code     0x1'9db8    0x5dc  zigbee-packet-header.o [81]
      .text               ro code     0x1'a394     0x48  child-table.o [81]
      .text               ro code     0x1'a3dc    0x5b5  mac-indirect.o [81]
      .text               ro code     0x1'a994    0x2f6  retry.o [81]
      .text               ro code     0x1'ac8c    0x7d4  neighbor.o [81]
      .text               ro code     0x1'b460    0x664  trust-center-util.o [78]
      .text               ro code     0x1'bac4     0x34  mac-info-element-parsing-stub.o [82]
      .text               ro code     0x1'baf8   0x1438  phy.o [81]
      .text               ro code     0x1'cf30    0x45c  zdo-channel.o [81]
      .text               ro code     0x1'd38c    0x658  aps-keys.o [78]
      .text               ro code     0x1'd9e4     0x1c  zdo-r22-stub.o [82]
      .text               ro code     0x1'da00     0x30  mac-dispatch.o [81]
      .text               ro code     0x1'da30    0x2ae  ember-printf.o [15]
      .text               ro code     0x1'dce0     0xba  serial.o [46]
      .text               ro code     0x1'dd9c    0x956  call-command-handler.o [1]
      .text               ro code     0x1'e6f4    0x1f8  zigbee-neighbor.o [81]
      .text               ro code     0x1'e8ec    0x238  network-creator-security.o [38]
      .text               ro code     0x1'eb24    0x294  zigbee-device-library.o [1]
      .text               ro code     0x1'edb8    0x46c  service-discovery-common.o [49]
      .text               ro code     0x1'f224     0x70  af-security-common.o [49]
      .text               ro code     0x1'f294    0x1d0  af-trust-center.o [49]
      .text               ro code     0x1'f464     0x8e  af-node.o [49]
      .text               ro code     0x1'f4f4    0x988  aps-retry.o [81]
      .text               ro code     0x1'fe7c    0x5ba  micro.o [14]
      .text               ro code     0x2'0438     0xa4  cstartup-common.o [14]
      .text               ro code     0x2'04dc    0x3b0  diagnostic.o [14]
      .text               ro code     0x2'088c     0xa4  security-address-cache.o [1]
      .text               ro code     0x2'0930    0x79a  command-interpreter2.o [1]
      .text               ro code     0x2'10cc    0x272  mfg-token.o [14]
      .text               ro code     0x2'1340    0xa58  application-support.o [81]
      .text               ro code     0x2'1d98    0x33e  form-and-join.o [20]
      .text               ro code     0x2'20d8    0x168  scan-dispatch.o [43]
      .text               ro code     0x2'2240      0x4  faults-v7m.o [14]
      .text               ro code     0x2'2244    0x79c  em_cmu.o [17]
      .text               ro code     0x2'29e0     0xba  em_wdog.o [17]
      .text               ro code     0x2'2a9a      0xc  em_core.o [17]
      .text               ro code     0x2'2aa6      0x6  em_core.o [17]
      .text               ro code     0x2'2aac     0x1a  em_core.o [17]
      .text               ro code     0x2'2ac8    0x1b4  micrium-rtos-main.o [35]
      .text               ro code     0x2'2c7c     0x68  btl_interface.o [18]
      .text               ro code     0x2'2ce4    0x2d8  debug.o [63]
      .text               ro code     0x2'2fbc     0x50  micro-internal.o [68]
      .text               ro code     0x2'300c    0x1ba  zll-scenes-server.o [54]
      .text               ro code     0x2'31c8    0x984  zll-interpan.o [83]
      .text               ro code     0x2'3b4c    0x184  zll-security.o [83]
      .text               ro code     0x2'3cd0     0xac  aes-efm32.o [81]
      .text               ro code     0x2'3d7c    0x428  crypto.o [81]
      .text               ro code     0x2'41a4    0x474  lower-mac-efr32.o [81]
      .text               ro code     0x2'4618     0x28  enhanced-beacon-request-stub.o [82]
      .text               ro code     0x2'4640     0x3a  ABImemset48.o [77]
      .text               ro code     0x2'467c    0x260  debug-jtag-efr32.o [11]
      .text               ro code     0x2'48dc     0x90  ember-library.o [81]
      .text               ro code     0x2'496c    0x4c6  rail_rf.o [72]
      .text               ro code     0x2'4e32     0x12  phy-util.o [81]
      .text               ro code     0x2'4e44      0x6  cbke-crypto-engine-163k1-stub.o [57]
      .text               ro code     0x2'4e4a      0x6  cbke-crypto-engine-283k1-stub.o [58]
      .text               ro code     0x2'4e50    0x1c4  broadcast.o [81]
      .text               ro code     0x2'5014    0x538  route-table.o [81]
      .text               ro code     0x2'554c      0xe  cbke-crypto-engine-stub.o [62]
      .text               ro code     0x2'555c     0x58  micro-common-internal.o [68]
      .text               ro code     0x2'55b4    0x22c  store-forward.o [81]
      .text               ro code     0x2'57e0     0x64  unicast-table.o [81]
      .text               ro code     0x2'5844    0x4fc  aps-encryption.o [78]
      .text               ro code     0x2'5d40    0x2a8  jit.o [81]
      .text               ro code     0x2'5fe8    0x7c6  route-discovery.o [81]
      .text               ro code     0x2'67b0     0x7a  led.o [14]
      .text               ro code     0x2'682c    0x2dc  packet-validate.o [76]
      .text               ro code     0x2'6b08    0x154  route-error.o [81]
      .text               ro code     0x2'6c5c    0x39c  neighbor-exchange.o [81]
      .text               ro code     0x2'6ff8      0x4  sim-eeprom2-to-nvm3-upgrade-stub.o [80]
      .text               ro code     0x2'6ffc   0x1b7a  nvm3.o [71]
      .text               ro code     0x2'8b76      0x6  ember-base-configuration.o [1]
      .text               ro code     0x2'8b7c    0x604  rtcdriver.o [16]
      .text               ro code     0x2'9180    0x184  ustimer.o [16]
      .text               ro code     0x2'9304    0x170  sleep-efm32.o [14]
      .text               ro code     0x2'9474    0xa68  zigbee-device.o [81]
      .text               ro code     0x2'9edc      0x8  end-device-bind-stub.o [66]
      .text               ro code     0x2'9ee4    0x1e4  rtos_bluetooth.o [5]
      .text               ro code     0x2'a0c8    0x528  aps-keys-transient.o [79]
      .text               ro code     0x2'a5f0    0x724  dmp-ui.o [12]
      .text               ro code     0x2'ad14    0x368  network-creator.o [37]
      .text               ro code     0x2'b07c   0x14e0  dlmalloc.o [65]
      .text               ro code     0x2'c55c      0x4  heaptramp0.o [65]
      .text               ro code     0x2'c560     0x44  snprintf.o [65]
      .text               ro code     0x2'c5a4     0x14  strlen_small.o [77]
      .text               ro code     0x2'c5b8      0x2  cpu_core.o [35]
      .text               ro code     0x2'c5ba      0x8  em_core.o [17]
      .text               ro code     0x2'c5c4    0x744  os_core.o [35]
      .text               ro code     0x2'cd08      0x6  em_core.o [17]
      .text               ro code     0x2'cd10      0xc  bsp_cpu.o [36]
      .text               ro code     0x2'cd1c    0x360  os_tick.o [35]
      .text               ro code     0x2'd07c     0x6c  install-code-tokens.o [69]
      .text               ro code     0x2'd0e8     0x62  hmac.o [78]
      .text               ro code     0x2'd14c    0x31c  aps-keys-full.o [79]
      .text               ro code     0x2'd468      0x4  ember-duty-cycle-stub.o [81]
      .text               ro code     0x2'd46c    0x2a4  entropy.o [34]
      .text               ro code     0x2'd710    0x400  ctr_drbg.o [34]
      .text               ro code     0x2'db10     0x22  I64Shl.o [77]
      .text               ro code     0x2'db32      0xc  coexistence-802154.o [7]
      .text               ro code     0x2'db40    0xa08  rail_multiprotocol.o [72]
      .text               ro code     0x2'e548    0x132  rail_calibration.o [72]
      .text               ro code     0x2'e67c    0x1b8  rail_tx.o [72]
      .text               ro code     0x2'e834    0x2d8  rail_ieee802154.o [72]
      .text               ro code     0x2'eb0c     0x5e  duty-cycle-stub.o [81]
      .text               ro code     0x2'eb6c     0x34  antenna-stub.o [4]
      .text               ro code     0x2'eba0    0x1a8  rail_data.o [72]
      .text               ro code     0x2'ed48     0xa6  rail_rx.o [72]
      .text               ro code     0x2'edf0     0x18  eui64.o [81]
      .text               ro code     0x2'ee08    0x11e  rail_autoack.o [72]
      .text               ro code     0x2'ef26      0xc  rail_pti.o [72]
      .text               ro code     0x2'ef32      0x2  phy.o [81]
      .text               ro code     0x2'ef34     0xca  security-config-mfg-3xx.o [78]
      .text               ro code     0x2'f000    0x786  com.o [45]
      .text               ro code     0x2'f788    0x11c  identify.o [27]
      .text               ro code     0x2'f8a4    0x142  zll-identify-server.o [52]
      .text               ro code     0x2'f9e8    0x122  on-off.o [41]
      .text               ro code     0x2'fb0c    0x3f0  zll-on-off-server.o [53]
      .text               ro code     0x2'fefc    0x100  zigbee-device-common.o [1]
      .text               ro code     0x2'fffc     0x56  service-discovery-soc.o [49]
      .text               ro code     0x3'0054     0x24  crc.o [1]
      .text               ro code     0x3'0078    0x14e  aes-mmo.o [78]
      .text               ro code     0x3'01c8     0x1c  em_system.o [17]
      .text               ro code     0x3'01e4     0xd8  hal-config.o [26]
      .text               ro code     0x3'02bc    0x194  tempdrv.o [16]
      .text               ro code     0x3'0450     0x86  em_emu.o [17]
      .text               ro code     0x3'04d8     0x1c  pa_conversions_efr32.o [72]
      .text               ro code     0x3'04f4      0x4  hal-config-gpio.o [26]
      .text               ro code     0x3'04f8     0x1c  em_rmu.o [17]
      .text               ro code     0x3'0514    0x534  core-cli.o [49]
      .text               ro code     0x3'0a48     0xf4  em_se.o [17]
      Veneer              ro code     0x3'0b3c      0x8  - Linker created -
      .text               ro code     0x3'0b44     0xbc  flash.o [68]
      .text               ro code     0x3'0c00      0x4  cbke-crypto-engine-dsa-sign-stub.o [59]
      .text               ro code     0x3'0c04     0x50  form-and-join-node-adapter.o [20]
      .text               ro code     0x3'0c54      0xa  form-and-join-afv2.o [20]
      .text               ro code     0x3'0c60     0x70  faults-v7m.o [14]
      .text               ro code     0x3'0cd0    0x148  system_efr32mg21.o [17]
      .text               ro code     0x3'0e18    0x4c4  os_mutex.o [35]
      .text               ro code     0x3'12dc     0xb2  os_app_hooks.o [35]
      .text               ro code     0x3'1390    0x6a4  os_task.o [35]
      .text               ro code     0x3'1a34    0x39c  bglib.c.obj [70]
      .text               ro code     0x3'1dd0     0x14  gecko_bgapi_dfu.c.obj [70]
      .text               ro code     0x3'1de4     0x14  gecko_bgapi_system.c.obj [70]
      .text               ro code     0x3'1df8     0x14  gecko_bgapi_gap.c.obj [70]
      .text               ro code     0x3'1e0c     0x14  gecko_bgapi_le_connection.c.obj [70]
      .text               ro code     0x3'1e20     0x14  gecko_bgapi_gatt.c.obj [70]
      .text               ro code     0x3'1e34     0x14  gecko_bgapi_gatt_server.c.obj [70]
      .text               ro code     0x3'1e48     0x14  gecko_bgapi_hardware.c.obj [70]
      .text               ro code     0x3'1e5c     0x14  gecko_bgapi_flash.c.obj [70]
      .text               ro code     0x3'1e70     0x14  gecko_bgapi_test.c.obj [70]
      .text               ro code     0x3'1e84     0x14  gecko_bgapi_sm.c.obj [70]
      .text               ro code     0x3'1e98     0x70  micrium-rtos-sleep.o [35]
      .text               ro code     0x3'1f08    0x1c0  armv7m_os_cpu_c.o [36]
      .text               ro code     0x3'20c8    0x2c0  os_stat.o [35]
      .text               ro code     0x3'2388     0x2c  threading.o [34]
      .text               ro code     0x3'23b4    0x300  se_aes.o [34]
      .text               ro code     0x3'26b4    0x128  ccm-star.o [6]
      .text               ro code     0x3'27dc    0x10c  symbol-timer.o [81]
      .text               ro code     0x3'28e8    0x134  em_gpio.o [17]
      .text               ro code     0x3'2a1c    0x170  SEGGER_RTT.o [10]
      .text               ro code     0x3'2b8c     0x28  rfhal_module.o [72]
      .text               ro code     0x3'2bb4   0x1e18  rail_rf_hal.o [72]
      .text               ro code     0x3'49cc     0x18  rail_assert.o [72]
      .text               ro code     0x3'49e4     0xc0  pa_conversions_efr32.o [72]
      .text               ro code     0x3'4aa4     0xcc  rfhal_antenna.o [72]
      .text               ro code     0x3'4b70    0x256  nvm3_page.o [71]
      .text               ro code     0x3'4dc8    0x1ba  nvm3_object.o [71]
      .text               ro code     0x3'4f84    0x23e  nvm3_cache.o [71]
      .text               ro code     0x3'51c2     0x3e  nvm3_utils.o [71]
      .text               ro code     0x3'5200     0x10  nvm3_lock.o [39]
      .text               ro code     0x3'5210      0xc  nvm3_lock.o [39]
      .text               ro code     0x3'521c     0xf4  em_rtcc.o [17]
      .text               ro code     0x3'5310    0x106  I64DivMod_small.o [77]
      .text               ro code     0x3'5418    0x1ba  em_timer.o [17]
      .text               ro code     0x3'55d4    0x1c4  zdo-binding-table.o [56]
      .text               ro code     0x3'5798    0x17a  gecko_endpoints.c.obj [70]
      .text               ro code     0x3'5914     0x70  ll_task.c.obj [70]
      .text               ro code     0x3'5984    0x1c0  glib_string.o [21]
      .text               ro code     0x3'5b44    0x464  dmd_display.o [21]
      .text               ro code     0x3'5fa8     0x34  glib_bitmap.o [21]
      .text               ro code     0x3'5fdc    0x2fe  glib_line.o [21]
      .text               ro code     0x3'62dc     0x90  graphics.o [22]
      .text               ro code     0x3'636c    0x1be  glib.o [21]
      .text               ro code     0x3'652c     0x1e  strncpy_small.o [77]
      .text               ro code     0x3'654a      0x6  abort.o [65]
      .text               ro code     0x3'6550     0x2c  xgetmemchunk.o [65]
      .text               ro code     0x3'657c    0x4d0  xprintfsmall_nomb.o [65]
      .text               ro code     0x3'6a4c     0x44  os_prio.o [35]
      .text               ro code     0x3'6a90     0x64  os_msg.o [35]
      .text               ro code     0x3'6af4    0x248  os_dbg.o [35]
      .text               ro code     0x3'6d3c      0x2  os_cfg_app.o [35]
      .text               ro code     0x3'6d40    0x1ee  shax.o [34]
      .text               ro code     0x3'6f2e     0x42  sha256.o [34]
      .text               ro code     0x3'6f70    0x312  tmrdrv.o [72]
      .text               ro code     0x3'7284    0x51e  radio_scheduler.o [72]
      .text               ro code     0x3'77a4     0x24  rail_rssi.o [72]
      .text               ro code     0x3'77c8    0x5ce  rfhal_protimer.o [72]
      .text               ro code     0x3'7d98     0x74  rfhal_ircal.o [72]
      .text               ro code     0x3'7e0c     0xac  pa_conversions_efr32.o [72]
      .text               ro code     0x3'7eb8    0x29c  rail_ieee802154_rf_hal.o [72]
      .text               ro code     0x3'8154    0xb34  uartdrv.o [16]
      .text               ro code     0x3'8c88    0x278  em_usart.o [17]
      .text               ro code     0x3'8f00     0x64  identify-feedback.o [28]
      .text               ro code     0x3'8f64    0x156  button.o [14]
      .text               ro code     0x3'90ba      0x2  em_emu.o [17]
      .text               ro code     0x3'90bc     0x30  em_msc.o [17]
      .text               ro code     0x3'90ec     0xc6  pskeys.c.obj [70]
      .text               ro code     0x3'91b4     0x30  efr32xg2x.c.obj [70]
      .text               ro code     0x3'91e4      0x6  ABImemclr.o [77]
      .text               ro code     0x3'91ec     0xb0  vectors_efr32xg2x.c.obj [70]
      .text               ro code     0x3'929c    0x43c  bgapi.c.obj [70]
      .text               ro code     0x3'96d8     0xb4  bg_pool.c.obj [70]
      .text               ro code     0x3'978c    0x168  ubt.c.obj [70]
      .text               ro code     0x3'98f4    0x3d0  bondingdb.c.obj [70]
      .text               ro code     0x3'9cc4    0x1e4  ll_init.c.obj [70]
      .text               ro code     0x3'9ea8    0x34c  bg_message.c.obj [70]
      .text               ro code     0x3'a1f4      0x2  ll_adv_sync-stubs.c.obj [70]
      .text               ro code     0x3'a1f6      0x2  gap_periodic_adv-stubs.c.obj [70]
      .text               ro code     0x3'a1f8      0x2  ll_scan_sync-stubs.c.obj [70]
      .text               ro code     0x3'a1fa      0x2  gap_periodic_scan-stubs.c.obj [70]
      .text               ro code     0x3'a1fc    0x110  bg_event.c.obj [70]
      .text               ro code     0x3'a30c     0xf8  init.c.obj [70]
      .text               ro code     0x3'a404     0x2a  bg_malloc_sl.c.obj [70]
      .text               ro code     0x3'a42e     0xca  ubt_gatt.c.obj [70]
      .text               ro code     0x3'a4f8     0xd0  sleep_efr32xg2x.c.obj [70]
      .text               ro code     0x3'a5c8     0x84  timer_hal.c.obj [70]
      .text               ro code     0x3'a64c    0x93c  gap.c.obj [70]
      .text               ro code     0x3'af88    0x130  sleep.o [16]
      .text               ro code     0x3'b0b8     0x8c  ll_radio_multiprotocol.c.obj [70]
      .text               ro code     0x3'b144      0x2  bgapi_dfu.c.obj [70]
      .text               ro code     0x3'b148    0x150  bgapi_system.c.obj [70]
      .text               ro code     0x3'b298    0x220  bgapi_gap.c.obj [70]
      .text               ro code     0x3'b4b8     0xb0  bgapi_le_connection.c.obj [70]
      .text               ro code     0x3'b568    0x180  bgapi_gatt_lib.c.obj [70]
      .text               ro code     0x3'b6e8     0x88  bgapi_hardware.c.obj [70]
      .text               ro code     0x3'b770      0x2  bgapi_ps.c.obj [70]
      .text               ro code     0x3'b774     0x90  bgapi_test_lib.c.obj [70]
      .text               ro code     0x3'b804    0x170  bgapi_sm.c.obj [70]
      .text               ro code     0x3'b974     0xb4  os_time.o [35]
      .text               ro code     0x3'ba28     0x60  se_management.o [34]
      .text               ro code     0x3'ba88    0x3d8  se_ccm.o [34]
      .text               ro code     0x3'be60      0x4  rail_timer.o [72]
      .text               ro code     0x3'be64     0x18  strcpy.o [77]
      .text               ro code     0x3'be7c    0x394  rfhal_timings.o [72]
      .text               ro code     0x3'c210   0x1008  generic_phy.o [72]
      .text               ro code     0x3'd218    0x7a4  rfhal_radio.o [72]
      .text               ro code     0x3'd9bc    0x7d0  rfhal_pa.o [72]
      .text               ro code     0x3'e18c    0x644  rfhal_bufc.o [72]
      .text               ro code     0x3'e7d0    0x348  rail_ble_rf_hal.o [72]
      .text               ro code     0x3'eb18     0x26  rail_rf.o [72]
      .text               ro code     0x3'eb40     0x2c  rfhal_tempcal.o [72]
      .text               ro code     0x3'eb6c    0x152  rfhal_rftest.o [72]
      .text               ro code     0x3'ecc0    0x300  rfhal_synth.o [72]
      .text               ro code     0x3'efc0     0x2a  cortex_utils.o [72]
      .text               ro code     0x3'efec    0x120  rfhal_rand.o [72]
      .text               ro code     0x3'f10c    0x150  rfhal_pti.o [72]
      .text               ro code     0x3'f25c      0x2  I64DivZer.o [77]
      .text               ro code     0x3'f25e      0xc  memcpy.o [77]
      .text               ro code     0x3'f26c    0x7dc  bgbuf.c.obj [70]
      .text               ro code     0x3'fa48     0x98  display.o [47]
      .text               ro code     0x3'fae0     0x24  glib_rectangle.o [21]
      .text               ro code     0x3'fb04      0xc  XXexit.o [77]
      .text               ro code     0x3'fb10     0x16  strchr.o [77]
      .text               ro code     0x3'fb28     0x40  xfail_s.o [65]
      .text               ro code     0x3'fb68     0x58  memchr.o [77]
      .text               ro code     0x3'fbc0     0xe4  se_sha.o [34]
      .text               ro code     0x3'fca4     0x28  tmrdrv_config.o [72]
      .text               ro code     0x3'fccc    0x430  dmadrv.o [16]
      .text               ro code     0x4'00fc     0xc0  gpiointerrupt.o [16]
      .text               ro code     0x4'01bc     0x4c  em_core.o [17]
      .text               ro code     0x4'0208     0x8c  em_core.o [17]
      .text               ro code     0x4'0294     0x14  memset.o [77]
      .text               ro code     0x4'02a8    0x216  acl.c.obj [70]
      .text               ro code     0x4'04be     0x3c  adv_report_msg.c.obj [70]
      .text               ro code     0x4'04fc    0x266  ubt_message.c.obj [70]
      .text               ro code     0x4'0764    0xc50  hci.c.obj [70]
      .text               ro code     0x4'13b4    0x2da  l2cap.c.obj [70]
      .text               ro code     0x4'1690    0x1ee  gatt.c.obj [70]
      .text               ro code     0x4'1880    0x9b8  gap_adv.c.obj [70]
      .text               ro code     0x4'2238      0x2  l2cap_coc-stubs.c.obj [70]
      .text               ro code     0x4'223c     0xa0  uuid.c.obj [70]
      .text               ro code     0x4'22dc    0xafc  gatt_db_minimal.c.obj [70]
      .text               ro code     0x4'2dd8      0x6  gap_whitelist-stubs.c.obj [70]
      .text               ro code     0x4'2dde      0x6  gap_whitelist-stubs.c.obj [70]
      .text               ro code     0x4'2de4     0x1e  memcmp_small.o [77]
      .text               ro code     0x4'2e04    0x9b6  ll_radio.c.obj [70]
      .text               ro code     0x4'37bc    0xfec  ll_hci.c.obj [70]
      .text               ro code     0x4'47a8    0xc98  ll_scan.c.obj [70]
      .text               ro code     0x4'5440   0x1672  ll_conn.c.obj [70]
      .text               ro code     0x4'6ab4    0xc70  ll_adv.c.obj [70]
      .text               ro code     0x4'7724      0x2  ll_channelmap.c.obj [70]
      .text               ro code     0x4'7728    0x714  ll_adv_ext.c.obj [70]
      .text               ro code     0x4'7e3c      0x2  ll_scan_sync-stubs.c.obj [70]
      .text               ro code     0x4'7e3e      0x2  ll_aox-stubs.c.obj [70]
      .text               ro code     0x4'7e40      0x2  ll_addr-stubs.c.obj [70]
      .text               ro code     0x4'7e44     0xfc  ll_radio_pa.c.obj [70]
      .text               ro code     0x4'7f40    0x17c  ll_channelmap.c.obj [70]
      .text               ro code     0x4'80bc      0x2  ll_addr-stubs.c.obj [70]
      .text               ro code     0x4'80c0    0x26a  ll_conn_enc.c.obj [70]
      .text               ro code     0x4'832c    0x6c0  ll_scan_ext.c.obj [70]
      .text               ro code     0x4'89ec     0xe2  ll_to_hci.c.obj [70]
      .text               ro code     0x4'8ad0    0x102  irq.c.obj [70]
      .text               ro code     0x4'8bd2     0x36  sl_malloc.o [33]
      .text               ro code     0x4'8c08   0x119a  gatt_server.c.obj [70]
      .text               ro code     0x4'9da4    0x140  gatt_caching.c.obj [70]
      .text               ro code     0x4'9ee4    0x29a  gap_scan.c.obj [70]
      .text               ro code     0x4'a180     0xc8  gap_resolver.c.obj [70]
      .text               ro code     0x4'a248    0x27e  sm.c.obj [70]
      .text               ro code     0x4'a4c8    0x2b4  scheduler.c.obj [70]
      .text               ro code     0x4'a77c     0xc4  gap_deprecated.c.obj [70]
      .text               ro code     0x4'a840      0x6  gap_periodic_adv-stubs.c.obj [70]
      .text               ro code     0x4'a848    0xb6c  gatt_client.c.obj [70]
      .text               ro code     0x4'b3b4     0xc0  ubt_gatt_client.c.obj [70]
      .text               ro code     0x4'b474     0x44  seq_globals.o [72]
      .text               ro code     0x4'b4b8    0x272  rail_ble.o [72]
      .text               ro code     0x4'b72c     0x1e  U64Shr.o [77]
      .text               ro code     0x4'b74c     0x1e  ABImemmove_small.o [77]
      .text               ro code     0x4'b76c    0x184  em_ldma.o [17]
      .text               ro code     0x4'b8f0     0x3a  bg_util_aes.c.obj [70]
      .text               ro code     0x4'b92a      0x2  l2cap_coc-stubs.c.obj [70]
      .text               ro code     0x4'b92c      0x2  gap_periodic_adv-stubs.c.obj [70]
      .text               ro code     0x4'b930     0xf0  hci_pck.c.obj [70]
      .text               ro code     0x4'ba20      0x4  l2cap_coc-stubs.c.obj [70]
      .text               ro code     0x4'ba24      0xa  l2cap_coc-stubs.c.obj [70]
      .text               ro code     0x4'ba30    0x2f4  att.c.obj [70]
      .text               ro code     0x4'bd24    0x254  bgapi_gatt.c.obj [70]
      .text               ro code     0x4'bf78      0x4  gap_periodic_adv-stubs.c.obj [70]
      .text               ro code     0x4'bf7c     0xdc  bg_random_aes.c.obj [70]
      .text               ro code     0x4'c058    0x128  cipher.o [34]
      .text               ro code     0x4'c180    0x374  se_cmac.o [34]
      .text               ro code     0x4'c4f4    0x150  ll_hci_phy.c.obj [70]
      .text               ro code     0x4'c644      0x2  ll_coex-stubs.c.obj [70]
      .text               ro code     0x4'c646      0x2  ll_radio.c.obj [70]
      .text               ro code     0x4'c648     0x3c  ext_utils.c.obj [70]
      .text               ro code     0x4'c684      0x2  ll_coex-stubs.c.obj [70]
      .text               ro code     0x4'c688     0x10  ll_timing.c.obj [70]
      .text               ro code     0x4'c698      0x4  ll_radio.c.obj [70]
      .text               ro code     0x4'c69c      0x2  ll_radio.c.obj [70]
      .text               ro code     0x4'c69e      0x2  ll_radio.c.obj [70]
      .text               ro code     0x4'c6a0      0x2  ll_coex-stubs.c.obj [70]
      .text               ro code     0x4'c6a2      0x4  ll_radio.c.obj [70]
      .text               ro code     0x4'c6a6      0x4  ll_aox-stubs.c.obj [70]
      .text               ro code     0x4'c6ac   0x105a  ll_llcp.c.obj [70]
      .text               ro code     0x4'd708     0x10  ll_channelmap.c.obj [70]
      .text               ro code     0x4'd718      0x2  ll_adv_sync-stubs.c.obj [70]
      .text               ro code     0x4'd71a      0x4  ll_channelmap.c.obj [70]
      .text               ro code     0x4'd71e      0x4  ll_channelmap.c.obj [70]
      .text               ro code     0x4'd722      0x4  ll_addr-stubs.c.obj [70]
      .text               ro code     0x4'd728     0xf8  ll_link.c.obj [70]
      .text               ro code     0x4'd820     0x26  bg_bit.c.obj [70]
      .text               ro code     0x4'd846      0x2  ll_channelmap.c.obj [70]
      .text               ro code     0x4'd848      0x2  ll_aox-stubs.c.obj [70]
      .text               ro code     0x4'd84a      0x4  ll_aox-stubs.c.obj [70]
      .text               ro code     0x4'd850     0x14  ll_aox-stubs.c.obj [70]
      .text               ro code     0x4'd864     0x2c  ll_channelmap.c.obj [70]
      .text               ro code     0x4'd890      0x4  ll_adv.c.obj [70]
      .text               ro code     0x4'd894    0x2e4  ll_adv_header.c.obj [70]
      .text               ro code     0x4'db78      0x4  ll_adv_sync-stubs.c.obj [70]
      .text               ro code     0x4'db7c      0x2  ll_adv_sync-stubs.c.obj [70]
      .text               ro code     0x4'db7e      0x4  ll_adv_sync-stubs.c.obj [70]
      .text               ro code     0x4'db82      0x2  ll_radio_pa.c.obj [70]
      .text               ro code     0x4'db84     0xdc  ll_random.c.obj [70]
      .text               ro code     0x4'dc60    0x1ec  radioaes_aes.o [34]
      .text               ro code     0x4'de4c    0x202  radioaes_ble.o [34]
      .text               ro code     0x4'e04e      0x4  ll_scan_sync-stubs.c.obj [70]
      .text               ro code     0x4'e052      0x2  ll_scan_sync-stubs.c.obj [70]
      .text               ro code     0x4'e054     0x16  vla_alloc.o [65]
      .text               ro code     0x4'e06c   0x2ba4  smp.c.obj [70]
      .text               ro code     0x5'0c10    0x474  att_client.c.obj [70]
      .text               ro code     0x5'1084    0x49c  ll_llcp_phy.c.obj [70]
      .text               ro code     0x5'1520      0x4  ll_aox-stubs.c.obj [70]
      .text               ro code     0x5'1524      0x4  ll_adv_sync-stubs.c.obj [70]
      .text               ro code     0x5'1528     0xe6  radioaes.o [34]
      .text               ro code     0x5'1610    0x300  ecp.o [34]
      .text               ro code     0x5'1910    0xda0  bignum.o [34]
      .text               ro code     0x5'26b0    0x316  se_ecp.o [34]
      .text               ro code     0x5'29c8    0x3f8  ecp_curves.o [34]
      .text               ro code     0x5'2dc0      0x6  gap_whitelist-stubs.c.obj [70]
      .text               ro code     0x5'2dc8    0x38e  zll-commissioning-cli.o [50]
      .text               ro code     0x5'3158    0x2e0  network-cli.o [49]
      .text               ro code     0x5'3438    0x360  option-cli.o [49]
      .text               ro code     0x5'3798    0x360  security-cli.o [49]
      .text               ro code     0x5'3af8    0xa06  zcl-cli.o [49]
      .text               ro code     0x5'4500    0x58a  zdo-cli.o [49]
      .text               ro code     0x5'4a8c    0x1f6  displayls013b7dh03.o [47]
      .text               ro code     0x5'4c84     0xfc  displaypalemlib.o [47]
      .text               ro code     0x5'4d80    0x1a4  udelay.o [31]
      .text               ro code     0x5'4f24     0x18  scenes-cli.o [44]
      .text               ro code     0x5'4f3c     0xb0  reporting-cli.o [42]
      Veneer              ro code     0x5'4fec      0x8  - Linker created -
      .text               ro code     0x5'4ff4     0xe0  nvm3_hal_flash.o [40]
      .text               ro code     0x5'50d4     0xe4  network-creator-security-cli.o [38]
      .text               ro code     0x5'51b8    0x16c  network-creator-cli.o [37]
      .text               ro code     0x5'5324     0xf8  se_trng.o [34]
      .text               ro code     0x5'541c    0x41c  manufacturing-library-cli-soc.o [32]
      .text               ro code     0x5'5838    0x238  mfglib.o [74]
      .text               ro code     0x5'5a70      0x4  eeprom-afv2.o [13]
      .text               ro code     0x5'5a74     0xd4  interpan-cli.o [30]
      .text               ro code     0x5'5b48     0x88  idle-sleep-cli.o [29]
      .text               ro code     0x5'5bd0     0x5c  groups-server-cli.o [25]
      .text               ro code     0x5'5c2c     0x44  find-and-bind-target.o [19]
      .text               ro code     0x5'5c70      0x4  faults-v7m.o [14]
      .text               ro code     0x5'5c74      0x4  faults-v7m.o [14]
      .text               ro code     0x5'5c78      0x4  faults-v7m.o [14]
      .text               ro code     0x5'5c7c      0x4  faults-v7m.o [14]
      .text               ro code     0x5'5c80      0x4  faults-v7m.o [14]
      .text               ro code     0x5'5c84      0x4  faults-v7m.o [14]
      .text               ro code     0x5'5c88      0x4  isr-stubs.o [14]
      .text               ro code     0x5'5c8c    0x156  eeprom-cli.o [13]
      .text               ro code     0x5'5de4     0xc0  counters-cli.o [9]
      .text               ro code     0x5'5ea4    0x214  concentrator-support-cli.o [8]
      .text               ro code     0x5'60b8    0x66c  ble-cli.o [5]
      .text               ro code     0x5'6724    0x130  address-table-cli.o [3]
      .text               ro code     0x5'6854    0x114  address-table.o [3]
      .text               ro code     0x5'6968     0xac  library.o [1]
      .text               ro code     0x5'6a14    0x55c  rfhal_rtccsync.o [72]
      .text               ro code     0x5'6f70     0x22  fpinit_M.o [73]
      .text               ro code     0x5'6f94     0x1e  cmain.o [77]
      .text               ro code     0x5'6fb2      0x4  low_level_init.o [65]
      .text               ro code     0x5'6fb8     0x28  data_init.o [77]
      .text               ro code     0x5'6fe0      0x4  exit.o [65]
      .text               ro code     0x5'6fe4      0xa  cexit.o [77]
      .text               ro code     0x5'6fee     0x78  cipher_wrap.o [34]
      .text               ro code     0x5'7066     0x12  find-and-bind-target-cli.o [19]
      .text               ro code     0x5'7078      0xa  znet-cli.o [1]
      .text               ro code     0x5'7082      0xe  startup_efr32mg21.o [68]
      .text               ro code     0x5'7090      0xc  cstartup_M.o [77]
    CODE                  ro code     0x5'709c     0x34  armv7m_cpu_a.o [36]
    CODE                  ro code     0x5'70d0     0xf8  armv7m_os_cpu_a.o [36]
    .rodata               const       0x5'71c8      0x4  zll-utility-server.o [55]
    .rodata               const       0x5'71cc      0x4  zll-scenes-server.o [54]
    .rodata               const       0x5'71d0      0x8  zll-on-off-server.o [53]
    .rodata               const       0x5'71d8      0x8  zll-on-off-server.o [53]
    .rodata               const       0x5'71e0     0x10  zll-on-off-server.o [53]
    .rodata               const       0x5'71f0     0x18  zll-on-off-server.o [53]
    .rodata               const       0x5'7208      0x4  zll-commissioning-server.o [51]
    .rodata               const       0x5'720c     0x1c  zll-commissioning-server.o [51]
    .rodata               const       0x5'7228     0x20  zll-commissioning-server.o [51]
    .rodata               const       0x5'7248     0x2c  zll-commissioning-cli.o [50]
    .rodata               const       0x5'7274     0x2c  zll-commissioning-cli.o [50]
    .rodata               const       0x5'72a0      0x8  zll-commissioning-cli.o [50]
    .rodata               const       0x5'72a8      0x8  zll-commissioning-cli.o [50]
    .rodata               const       0x5'72b0     0x18  zll-commissioning-cli.o [50]
    .rodata               const       0x5'72c8     0x18  zll-commissioning-cli.o [50]
    .rodata               const       0x5'72e0     0x14  zll-commissioning-cli.o [50]
    .rodata               const       0x5'72f4      0xc  zll-commissioning-cli.o [50]
    .rodata               const       0x5'7300     0x10  zll-commissioning-cli.o [50]
    .rodata               const       0x5'7310      0x8  zll-commissioning-cli.o [50]
    .rodata               const       0x5'7318      0x8  zll-commissioning-cli.o [50]
    .rodata               const       0x5'7320      0xc  zll-commissioning-cli.o [50]
    .rodata               const       0x5'732c      0x8  zll-commissioning-cli.o [50]
    .rodata               const       0x5'7334      0xc  zll-commissioning-cli.o [50]
    .rodata               const       0x5'7340      0xc  zll-commissioning-cli.o [50]
    .rodata               const       0x5'734c     0x10  zll-commissioning-cli.o [50]
    .rodata               const       0x5'735c     0x28  zll-commissioning-cli.o [50]
    .rodata               const       0x5'7384     0x28  zll-commissioning-cli.o [50]
    .rodata               const       0x5'73ac     0x18  zll-commissioning-cli.o [50]
    .rodata               const       0x5'73c4     0x14  zll-commissioning-cli.o [50]
    .rodata               const       0x5'73d8     0x18  zll-commissioning-cli.o [50]
    .rodata               const       0x5'73f0     0x18  zll-commissioning-cli.o [50]
    .rodata               const       0x5'7408     0x1c  zll-commissioning-cli.o [50]
    .rodata               const       0x5'7424     0x14  zll-commissioning-cli.o [50]
    .rodata               const       0x5'7438     0x20  zll-commissioning-cli.o [50]
    .rodata               const       0x5'7458     0x10  zll-commissioning-cli.o [50]
    .rodata               const       0x5'7468      0x8  zll-commissioning-cli.o [50]
    .rodata               const       0x5'7470      0xc  zll-commissioning-cli.o [50]
    .rodata               const       0x5'747c      0xc  zll-commissioning-cli.o [50]
    .rodata               const       0x5'7488     0x30  zll-commissioning-common.o [50]
    .rodata               const       0x5'74b8     0x1c  zll-commissioning-common.o [50]
    .rodata               const       0x5'74d4     0x28  zll-commissioning-common.o [50]
    .rodata               const       0x5'74fc     0x14  zll-commissioning-common.o [50]
    .rodata               const       0x5'7510      0x8  zll-commissioning-common.o [50]
    .rodata               const       0x5'7518     0x18  zll-commissioning-common.o [50]
    .rodata               const       0x5'7530     0x18  zll-commissioning-common.o [50]
    .rodata               const       0x5'7548     0x30  zll-commissioning-common.o [50]
    .rodata               const       0x5'7578     0x20  zll-commissioning-common.o [50]
    .rodata               const       0x5'7598     0x18  zll-commissioning-common.o [50]
    .rodata               const       0x5'75b0     0x10  zll-commissioning-common.o [50]
    .rodata               const       0x5'75c0     0x20  af-event.o [49]
    .rodata               const       0x5'75e0     0x20  af-event.o [49]
    .rodata               const       0x5'7600     0x20  af-event.o [49]
    .rodata               const       0x5'7620     0x20  af-event.o [49]
    .rodata               const       0x5'7640     0x20  af-event.o [49]
    .rodata               const       0x5'7660     0x1c  af-event.o [49]
    .rodata               const       0x5'767c     0x14  af-event.o [49]
    .rodata               const       0x5'7690     0x18  af-event.o [49]
    .rodata               const       0x5'76a8     0x18  af-event.o [49]
    .rodata               const       0x5'76c0     0x24  af-event.o [49]
    .rodata               const       0x5'76e4     0x28  af-event.o [49]
    .rodata               const       0x5'770c     0x24  af-event.o [49]
    .rodata               const       0x5'7730     0x2c  af-event.o [49]
    .rodata               const       0x5'775c     0x2c  af-event.o [49]
    .rodata               const       0x5'7788     0x20  af-event.o [49]
    .rodata               const       0x5'77a8     0x24  af-event.o [49]
    .rodata               const       0x5'77cc     0x2c  af-event.o [49]
    .rodata               const       0x5'77f8     0x18  af-event.o [49]
    .rodata               const       0x5'7810     0x1c  af-event.o [49]
    .rodata               const       0x5'782c     0x24  af-event.o [49]
    .rodata               const       0x5'7850     0x20  af-event.o [49]
    .rodata               const       0x5'7870     0x30  af-event.o [49]
    .rodata               const       0x5'78a0     0x30  af-event.o [49]
    .rodata               const       0x5'78d0     0xc0  af-event.o [49]
    .rodata               const       0x5'7990      0xc  af-main-common.o [49]
    .rodata               const       0x5'799c      0x8  af-main-common.o [49]
    .rodata               const       0x5'79a4      0x8  af-main-common.o [49]
    .rodata               const       0x5'79ac      0x8  af-main-common.o [49]
    .rodata               const       0x5'79b4      0x8  af-main-common.o [49]
    .rodata               const       0x5'79bc      0x8  af-main-common.o [49]
    .rodata               const       0x5'79c4      0x8  af-main-common.o [49]
    .rodata               const       0x5'79cc      0x4  af-main-common.o [49]
    .rodata               const       0x5'79d0      0x8  af-main-common.o [49]
    .rodata               const       0x5'79d8      0x8  af-main-common.o [49]
    .rodata               const       0x5'79e0     0x10  af-main-common.o [49]
    .rodata               const       0x5'79f0      0x8  af-main-common.o [49]
    .rodata               const       0x5'79f8      0x4  af-main-common.o [49]
    .rodata               const       0x5'79fc     0x3c  af-main-common.o [49]
    .rodata               const       0x5'7a38     0x18  af-main-common.o [49]
    .rodata               const       0x5'7a50     0x30  af-main-common.o [49]
    .rodata               const       0x5'7a80     0x14  af-main-common.o [49]
    .rodata               const       0x5'7a94      0x8  af-main-common.o [49]
    .rodata               const       0x5'7a9c      0x8  af-main-common.o [49]
    .rodata               const       0x5'7aa4      0xc  af-main-common.o [49]
    .rodata               const       0x5'7ab0      0x8  af-main-common.o [49]
    .rodata               const       0x5'7ab8     0x10  af-main-common.o [49]
    .rodata               const       0x5'7ac8      0x8  af-main-common.o [49]
    .rodata               const       0x5'7ad0      0xc  af-main-common.o [49]
    .rodata               const       0x5'7adc     0x20  af-main-common.o [49]
    .rodata               const       0x5'7afc      0xc  af-main-common.o [49]
    .rodata               const       0x5'7b08      0xc  af-main-common.o [49]
    .rodata               const       0x5'7b14      0x8  af-main-common.o [49]
    .rodata               const       0x5'7b1c     0x30  af-main-common.o [49]
    .rodata               const       0x5'7b4c     0x1c  af-main-common.o [49]
    .rodata               const       0x5'7b68      0x8  af-main-common.o [49]
    .rodata               const       0x5'7b70      0x8  af-main-common.o [49]
    .rodata               const       0x5'7b78     0x18  af-main-common.o [49]
    .rodata               const       0x5'7b90      0x4  af-main-common.o [49]
    .rodata               const       0x5'7b94     0x10  af-main-common.o [49]
    .rodata               const       0x5'7ba4     0x48  af-main-common.o [49]
    .rodata               const       0x5'7bec     0x18  af-main-soc.o [49]
    .rodata               const       0x5'7c04     0x20  af-main-soc.o [49]
    .rodata               const       0x5'7c24     0x14  af-main-soc.o [49]
    .rodata               const       0x5'7c38      0x8  af-main-soc.o [49]
    .rodata               const       0x5'7c40     0x10  af-main-soc.o [49]
    .rodata               const       0x5'7c50      0x4  af-main-soc.o [49]
    .rodata               const       0x5'7c54     0x14  af-main-soc.o [49]
    .rodata               const       0x5'7c68     0x18  af-main-soc.o [49]
    .rodata               const       0x5'7c80     0x1c  af-security-common.o [49]
    .rodata               const       0x5'7c9c     0x10  af-security-common.o [49]
    .rodata               const       0x5'7cac      0x4  af-trust-center.o [49]
    .rodata               const       0x5'7cb0     0x30  attribute-size.o [49]
    .rodata               const       0x5'7ce0      0x4  attribute-storage.o [49]
    .rodata               const       0x5'7ce4      0x4  attribute-storage.o [49]
    .rodata               const       0x5'7ce8     0x18  attribute-storage.o [49]
    .rodata               const       0x5'7d00     0x84  attribute-storage.o [49]
    .rodata               const       0x5'7d84      0x8  attribute-storage.o [49]
    .rodata               const       0x5'7d8c      0x4  attribute-storage.o [49]
    .rodata               const       0x5'7d90      0x4  attribute-storage.o [49]
    .rodata               const       0x5'7d94      0x8  attribute-storage.o [49]
    .rodata               const       0x5'7d9c     0xf0  attribute-storage.o [49]
    .rodata               const       0x5'7e8c      0x4  attribute-storage.o [49]
    .rodata               const       0x5'7e90    0x12c  attribute-storage.o [49]
    .rodata               const       0x5'7fbc     0xa0  attribute-storage.o [49]
    .rodata               const       0x5'805c     0x10  attribute-storage.o [49]
    .rodata               const       0x5'806c      0x4  attribute-storage.o [49]
    .rodata               const       0x5'8070      0x4  attribute-storage.o [49]
    .rodata               const       0x5'8074      0x8  attribute-table.o [49]
    .rodata               const       0x5'807c      0xc  attribute-table.o [49]
    .rodata               const       0x5'8088     0x40  attribute-table.o [49]
    .rodata               const       0x5'80c8     0x14  attribute-table.o [49]
    .rodata               const       0x5'80dc      0x8  attribute-table.o [49]
    .rodata               const       0x5'80e4      0x8  attribute-table.o [49]
    .rodata               const       0x5'80ec      0x8  attribute-table.o [49]
    .rodata               const       0x5'80f4      0x4  attribute-table.o [49]
    .rodata               const       0x5'80f8     0x18  attribute-table.o [49]
    .rodata               const       0x5'8110      0x8  attribute-table.o [49]
    .rodata               const       0x5'8118      0x8  attribute-table.o [49]
    .rodata               const       0x5'8120      0x8  attribute-table.o [49]
    .rodata               const       0x5'8128      0xc  attribute-table.o [49]
    .rodata               const       0x5'8134     0x34  attribute-table.o [49]
    .rodata               const       0x5'8168     0x24  attribute-table.o [49]
    .rodata               const       0x5'818c     0x2c  attribute-table.o [49]
    .rodata               const       0x5'81b8     0x28  attribute-table.o [49]
    .rodata               const       0x5'81e0      0xc  attribute-table.o [49]
    .rodata               const       0x5'81ec     0x14  attribute-table.o [49]
    .rodata               const       0x5'8200     0x14  attribute-table.o [49]
    .rodata               const       0x5'8214     0x20  attribute-table.o [49]
    .rodata               const       0x5'8234     0x2c  attribute-table.o [49]
    .rodata               const       0x5'8260     0x10  core-cli.o [49]
    .rodata               const       0x5'8270     0x10  core-cli.o [49]
    .rodata               const       0x5'8280     0x10  core-cli.o [49]
    .rodata               const       0x5'8290     0x1c  core-cli.o [49]
    .rodata               const       0x5'82ac      0x8  core-cli.o [49]
    .rodata               const       0x5'82b4     0x18  core-cli.o [49]
    .rodata               const       0x5'82cc     0x18  core-cli.o [49]
    .rodata               const       0x5'82e4      0x8  core-cli.o [49]
    .rodata               const       0x5'82ec     0x20  core-cli.o [49]
    .rodata               const       0x5'830c      0xc  core-cli.o [49]
    .rodata               const       0x5'8318      0xc  core-cli.o [49]
    .rodata               const       0x5'8324     0x20  core-cli.o [49]
    .rodata               const       0x5'8344      0xc  core-cli.o [49]
    .rodata               const       0x5'8350     0x24  core-cli.o [49]
    .rodata               const       0x5'8374      0xc  core-cli.o [49]
    .rodata               const       0x5'8380      0x8  core-cli.o [49]
    .rodata               const       0x5'8388      0x8  core-cli.o [49]
    .rodata               const       0x5'8390     0x10  core-cli.o [49]
    .rodata               const       0x5'83a0      0xc  core-cli.o [49]
    .rodata               const       0x5'83ac     0x14  core-cli.o [49]
    .rodata               const       0x5'83c0      0xc  core-cli.o [49]
    .rodata               const       0x5'83cc     0x20  core-cli.o [49]
    .rodata               const       0x5'83ec      0x8  core-cli.o [49]
    .rodata               const       0x5'83f4      0xc  core-cli.o [49]
    .rodata               const       0x5'8400     0x34  core-cli.o [49]
    .rodata               const       0x5'8434     0x18  core-cli.o [49]
    .rodata               const       0x5'844c      0xc  core-cli.o [49]
    .rodata               const       0x5'8458      0xc  core-cli.o [49]
    .rodata               const       0x5'8464     0x10  core-cli.o [49]
    .rodata               const       0x5'8474      0xc  core-cli.o [49]
    .rodata               const       0x5'8480      0xc  core-cli.o [49]
    .rodata               const       0x5'848c     0x14  core-cli.o [49]
    .rodata               const       0x5'84a0     0x1c  core-cli.o [49]
    .rodata               const       0x5'84bc      0x4  core-cli.o [49]
    .rodata               const       0x5'84c0      0x8  core-cli.o [49]
[...]
                           0x4'9ef7    0x20  Code  Lc  gap_scan.c.obj [70]
vectors_init               0x3'91f7    0x76  Code  Gb  vectors_efr32xg2x.c.obj [70]
vectors_register           0x3'91ed     0xa  Code  Gb  vectors_efr32xg2x.c.obj [70]
waitStateMax               0x2'2945     0xe  Code  Lc  em_cmu.o [17]
wakeInfo                0x2001'1178     0x4  Data  Lc  sleep-efm32.o [14]
wakeupCB                0x2001'45b0     0x4  Data  Lc  rtos_bluetooth.o [5]
walkDelayQueue             0x1'a995    0xde  Code  Lc  retry.o [81]
walkStoreAndForwardQueue
                           0x2'55d5   0x108  Code  Lc  store-forward.o [81]
wallClockOverflowCnt    0x2001'10dc     0x4  Data  Lc  rtcdriver.o [16]
wallClockTimeBase       0x2001'10e0     0x4  Data  Lc  rtcdriver.o [16]
wdog0ClkGet                0x2'2955    0x3a  Code  Lc  em_cmu.o [17]
wdog1ClkGet                0x2'2351    0x3e  Code  Lc  em_cmu.o [17]
wordSize                0x2001'5d9c     0x1  Data  Lc  eeprom.o [13]
workBegin                  0x2'854f    0x16  Code  Lc  nvm3.o [71]
workEnd                    0x2'8565    0x14  Code  Lc  nvm3.o [71]
writeBoolean               0x2'fb15     0x8  Code  Lc  zll-on-off-server.o [53]
writeBurst              0x2000'b615    0x54  Code  Gb  em_msc.o [17]
writeCommandArguments      0x6'5248    0x1c  Data  Lc  znet-cli.o [1]
writeFullAllowed           0x2'706f    0x18  Code  Lc  nvm3.o [71]
writeIdentifyTime          0x2'f81b    0x18  Code  Lc  identify.o [27]
writeInt16u                0x2'fb2d     0x6  Code  Lc  zll-on-off-server.o [53]
writeLightState            0x1'4147    0x7c  Code  Lc  dm_lite_mg21_v660_callbacks.o [1]
writeMessage               0x1'58f7    0xaa  Code  Lc  packet-buffer.o [81]
writeObj                   0x2'720f   0x2b4  Code  Lc  nvm3.o [71]
writeServerAttribute         0xd565     0xe  Code  Lc  scenes.o [44]
writeZllTokens               0xec6f     0xc  Code  Lc  zll-tokens.o [83]
write_value                0x4'aa47    0x48  Code  Lc  gatt_client.c.obj [70]
xor_in_place               0x4'e079    0x16  Code  Lc  smp.c.obj [70]
zaNodeSecurityInit         0x1'f465    0x8e  Code  Gb  af-node.o [49]
zaTrustCenterSecurityInit
                           0x1'f2cf    0x8e  Code  Gb  af-trust-center.o [49]
zaTrustCenterSecurityPolicyInit
                           0x1'f2a5    0x2a  Code  Gb  af-trust-center.o [49]
zaTrustCenterSetJoinPolicy
                           0x1'f29d     0x8  Code  Gb  af-trust-center.o [49]
zclBasicGlsrCommand        0x5'7079     0xa  Code  Lc  znet-cli.o [1]
zclBasicGlsrCommandArguments
                           0x6'5264    0x10  Data  Lc  znet-cli.o [1]
zclBufferAddByte           0x5'3c17    0x12  Code  Gb  zcl-cli.o [49]
zclBufferAddByteFromArgument
                           0x5'3c4f     0x8  Code  Gb  zcl-cli.o [49]
zclBufferAddInt32          0x5'3c3b    0x14  Code  Gb  zcl-cli.o [49]
zclBufferAddLengthAndStringFromArgument
                           0x5'3c6d    0x34  Code  Gb  zcl-cli.o [49]
zclBufferAddWord           0x5'3c29    0x12  Code  Gb  zcl-cli.o [49]
zclBufferAddWordFromArgument
                           0x5'3c5f     0x6  Code  Gb  zcl-cli.o [49]
zclBufferSetup             0x5'3bc5    0x52  Code  Gb  zcl-cli.o [49]
zclClusterNames            0x5'8d6c    0x40  Data  Gb  util.o [49]
zclCmdIsBuilt           0x2001'5d61     0x1  Data  Gb  zcl-cli.o [49]
zclGlobalCommandDiscoveryCommand
                           0x5'3f3b    0x2e  Code  Gb  zcl-cli.o [49]
zclGlobalDirection      0x2001'5d64     0x1  Data  Lc  zcl-cli.o [49]
zclGlobalDirectionCommand
                           0x5'3d75    0x14  Code  Gb  zcl-cli.o [49]
zclGlobalDirectionCommandArguments
                           0x6'529c     0x8  Data  Lc  znet-cli.o [1]
zclGlobalDiscComGenCommandArguments
                           0x6'52a4    0x10  Data  Lc  znet-cli.o [1]
zclGlobalDiscComRecCommandArguments
                           0x6'52b4    0x10  Data  Lc  znet-cli.o [1]
zclGlobalDiscoverCommand
                           0x5'3ddf     0x4  Code  Gb  zcl-cli.o [49]
zclGlobalDiscoverCommandArguments
                           0x6'52c4    0x10  Data  Lc  znet-cli.o [1]
zclGlobalExpectReportFromMeCommand
                           0x5'3f13    0x1c  Code  Gb  zcl-cli.o [49]
zclGlobalExpectReportFromMeCommandArguments
                           0x6'52d4    0x10  Data  Lc  znet-cli.o [1]
zclGlobalNwriteCommandArguments
                           0x6'52e4    0x14  Data  Lc  znet-cli.o [1]
zclGlobalReadCommand       0x5'3d89     0x6  Code  Gb  zcl-cli.o [49]
zclGlobalReadCommandArguments
                           0x6'52f8     0xc  Data  Lc  znet-cli.o [1]
zclGlobalReportCommand     0x5'3ded    0x94  Code  Gb  zcl-cli.o [49]
zclGlobalReportCommandArguments
                           0x6'5304    0x14  Data  Lc  znet-cli.o [1]
zclGlobalReportReadCommand
                           0x5'3e89    0x20  Code  Gb  zcl-cli.o [49]
zclGlobalReportReadCommandArguments
                           0x6'5318    0x10  Data  Lc  znet-cli.o [1]
zclGlobalSendMeAReportCommand
                           0x5'3ea9    0x4a  Code  Gb  zcl-cli.o [49]
zclGlobalSendMeAReportCommandArguments
                           0x6'5328    0x1c  Data  Lc  znet-cli.o [1]
zclGlobalSetup             0x5'3d5b    0x1a  Code  Gb  zcl-cli.o [49]
zclGlobalUwriteCommandArguments
                           0x6'5344    0x14  Data  Lc  znet-cli.o [1]
zclGlobalWriteCommand      0x5'3d8f    0x50  Code  Gb  zcl-cli.o [49]
zclGlobalWriteCommandArguments
                           0x6'5358    0x14  Data  Lc  znet-cli.o [1]
zclIdentifyOffCommandArguments
                           0x6'5470     0x8  Data  Lc  znet-cli.o [1]
zclIdentifyOnCommandArguments
                           0x6'5478     0xc  Data  Lc  znet-cli.o [1]
zclIdentifyOnOffCommand
                           0x5'3ff9    0x40  Code  Gb  zcl-cli.o [49]
zclMfgCodeCommand          0x5'3f81    0x2a  Code  Gb  zcl-cli.o [49]
zclMfgCodeCommandArguments
                           0x6'54c0     0x8  Data  Lc  znet-cli.o [1]
zclSimpleCommand           0x5'3ca1    0xba  Code  Gb  zcl-cli.o [49]
zclTestResponseOffCommand
                           0x5'3f7b     0x6  Code  Gb  zcl-cli.o [49]
zclTestResponseOnCommand
                           0x5'3f75     0x6  Code  Gb  zcl-cli.o [49]
zclTimeCommand             0x5'3feb     0xe  Code  Gb  zcl-cli.o [49]
zclTimeCommandArguments
                           0x6'552c     0x8  Data  Lc  znet-cli.o [1]
zclUseNextSequenceCommand
                           0x5'3fc9    0x22  Code  Gb  zcl-cli.o [49]
zclUseNextSequenceCommandArguments
                           0x6'5534     0x8  Data  Lc  znet-cli.o [1]
zclXDefaultRespCommand     0x5'3fab    0x14  Code  Gb  zcl-cli.o [49]
zclXDefaultRespCommandArguments
                           0x6'553c     0x8  Data  Lc  znet-cli.o [1]
zdoActiveCommandArguments
                           0x6'55f8     0x8  Data  Lc  znet-cli.o [1]
zdoActiveEpCommand         0x5'47b9    0x1e  Code  Gb  zdo-cli.o [49]
zdoAddClusterCommand       0x5'465b    0x38  Code  Gb  zdo-cli.o [49]
zdoBindCommand             0x5'45e1    0x72  Code  Gb  zdo-cli.o [49]
zdoBindCommandArguments
                           0x6'5600    0x1c  Data  Lc  znet-cli.o [1]
zdoClearClusterCommand     0x5'4693    0x1c  Code  Gb  zdo-cli.o [49]
zdoConfigurationModeEnabled
                        0x2000'c3e0     0x1  Data  Gb  zigbee-device-util.o [81]
zdoIeeeAddressRequestCommand
                           0x5'4517    0x14  Code  Gb  zdo-cli.o [49]
zdoIeeeCommandArguments
                           0x6'561c     0x8  Data  Lc  znet-cli.o [1]
zdoInClListAddCommandArguments
                           0x6'5624     0x8  Data  Lc  znet-cli.o [1]
zdoLeaveCommandArguments
                           0x6'5668    0x10  Data  Lc  znet-cli.o [1]
zdoLeaveRequestCommand     0x5'4817    0x32  Code  Gb  zdo-cli.o [49]
zdoMatchCommand            0x5'4573    0x44  Code  Gb  zdo-cli.o [49]
zdoMatchCommandArguments
                           0x6'5678     0xc  Data  Lc  znet-cli.o [1]
zdoMgmtBindCommand         0x5'47fb    0x1c  Code  Gb  zdo-cli.o [49]
zdoMgmtBindCommandArguments
                           0x6'5684     0xc  Data  Lc  znet-cli.o [1]
zdoMgmtLqiCommand          0x5'47d7    0x1a  Code  Gb  zdo-cli.o [49]
zdoMgmtLqiCommandArguments
                           0x6'5690     0xc  Data  Lc  znet-cli.o [1]
zdoNetworkUpdateChannelCommand
                           0x5'46b9    0x72  Code  Gb  zdo-cli.o [49]
zdoNetworkUpdateScanCommand
                           0x5'472b    0x5c  Code  Gb  zdo-cli.o [49]
zdoNetworkUpdateSetCommand
                           0x5'478d    0x1e  Code  Gb  zdo-cli.o [49]
zdoNodeCommand             0x5'4551    0x22  Code  Gb  zdo-cli.o [49]
zdoNodeCommandArguments
                           0x6'569c     0x8  Data  Lc  znet-cli.o [1]
zdoNwkAddressRequestCommand
                           0x5'4501    0x16  Code  Gb  zdo-cli.o [49]
zdoNwkCommandArguments     0x6'56a4     0x8  Data  Lc  znet-cli.o [1]
zdoNwkUpdChanCommandArguments
                           0x6'56ac     0x8  Data  Lc  znet-cli.o [1]
zdoNwkUpdChanPgCommandArguments
                           0x6'56b4     0xc  Data  Lc  znet-cli.o [1]
zdoNwkUpdScanChanMaskCommandArguments
                           0x6'56d0    0x14  Data  Lc  znet-cli.o [1]
zdoNwkUpdScanCommandArguments
                           0x6'56c0    0x10  Data  Lc  znet-cli.o [1]
zdoNwkUpdSetCommandArguments
                           0x6'56e4     0xc  Data  Lc  znet-cli.o [1]
zdoOutClListAddCommandArguments
                           0x6'5768     0x8  Data  Lc  znet-cli.o [1]
zdoPowerCommandArguments
                           0x6'57ac     0x8  Data  Lc  znet-cli.o [1]
zdoPowerDescriptorRequestCommand
                           0x5'4849    0x18  Code  Gb  zdo-cli.o [49]
zdoRouteCommandArguments
                           0x6'57b4     0xc  Data  Lc  znet-cli.o [1]
zdoRouteRequestCommand     0x5'4937    0x26  Code  Gb  zdo-cli.o [49]
zdoSimpleCommand           0x5'452b    0x26  Code  Gb  zdo-cli.o [49]
zdoSimpleCommandArguments
                           0x6'57c0     0xc  Data  Lc  znet-cli.o [1]
zdoUnbindGroupCommand      0x5'48f3    0x18  Code  Gb  zdo-cli.o [49]
zdoUnbindGroupCommandArguments
                           0x6'57cc    0x18  Data  Lc  znet-cli.o [1]
zdoUnbindUnicastCommand
                           0x5'490b    0x2c  Code  Gb  zdo-cli.o [49]
zdoUnbindUnicastCommandArguments
                           0x6'57e4    0x1c  Data  Lc  znet-cli.o [1]
zeroLenByte             0x2001'5c00     0x2  Data  Lc  message.o [49]
zeroize                    0x4'b919    0x12  Code  Gb  bg_util_aes.c.obj [70]
zeros                      0x5'9a8c     0x4  Data  Lc  radioaes_ble.o [34]
zigDevApsStruct         0x2001'4948     0x4  Data  Lc  zigbee-device-util.o [81]
zigDevRequestRadius     0x2000'c3d2     0x1  Data  Gb  zigbee-device-common.o [1]
zigDevRequestSequence   0x2001'5dbd     0x1  Data  Lc  zigbee-device-common.o [1]
zigDevRequestSequence   0x2001'4938     0x1  Data  Lc  zigbee-device-util.o [81]
zigbeeBitmap            0x2000'bd70    0x20  Data  Lc  dmp-ui.o [12]
zigbeeTask                 0x2'2c05    0x48  Code  Lc  micrium-rtos-main.o [35]
zigbeeTaskControlBlock  0x2000'df60    0x98  Data  Lc  micrium-rtos-main.o [35]
zigbeeTaskDeepSleepAllowed
                        0x2001'5d6f     0x1  Data  Lc  micrium-rtos-sleep.o [35]
zigbeeTaskNextWakeUpTimeMs
                        0x2000'f5d8     0x4  Data  Lc  micrium-rtos-sleep.o [35]
zigbeeTaskStack         0x2000'dff8  0x15e0  Data  Lc  micrium-rtos-main.o [35]
zllNodeType             0x2001'472d     0x1  Data  Lc  zll-api.o [83]
zllPrimaryChannelMask   0x2001'4740     0x4  Data  Lc  zll-api.o [83]
zllSecondaryChannelMask
                        0x2001'4768     0x4  Data  Lc  zll-api.o [83]
zllSequenceNum          0x2001'5dd1     0x1  Data  Lc  zll-interpan.o [83]


[1] = C:\SiliconLabs\SimplicityStudio\v4\developer\sdks\gecko_sdk_suite\v2.5\dm_lite_mg21_v660\IAR ARM - Default
[2] = C:\SiliconLabs\SimplicityStudio\v4\developer\sdks\gecko_sdk_suite\v2.5\dm_lite_mg21_v660\IAR ARM - Default\adc\EFR32
[3] = C:\SiliconLabs\SimplicityStudio\v4\developer\sdks\gecko_sdk_suite\v2.5\dm_lite_mg21_v660\IAR ARM - Default\address-table
[4] = C:\SiliconLabs\SimplicityStudio\v4\developer\sdks\gecko_sdk_suite\v2.5\dm_lite_mg21_v660\IAR ARM - Default\antenna-stub
[5] = C:\SiliconLabs\SimplicityStudio\v4\developer\sdks\gecko_sdk_suite\v2.5\dm_lite_mg21_v660\IAR ARM - Default\ble
[6] = C:\SiliconLabs\SimplicityStudio\v4\developer\sdks\gecko_sdk_suite\v2.5\dm_lite_mg21_v660\IAR ARM - Default\ccm-encryption
[7] = C:\SiliconLabs\SimplicityStudio\v4\developer\sdks\gecko_sdk_suite\v2.5\dm_lite_mg21_v660\IAR ARM - Default\coexistence-stub\EFR32
[8] = C:\SiliconLabs\SimplicityStudio\v4\developer\sdks\gecko_sdk_suite\v2.5\dm_lite_mg21_v660\IAR ARM - Default\concentrator
[9] = C:\SiliconLabs\SimplicityStudio\v4\developer\sdks\gecko_sdk_suite\v2.5\dm_lite_mg21_v660\IAR ARM - Default\counters
[10] = C:\SiliconLabs\SimplicityStudio\v4\developer\sdks\gecko_sdk_suite\v2.5\dm_lite_mg21_v660\IAR ARM - Default\debug-basic-library\EFR32
[11] = C:\SiliconLabs\SimplicityStudio\v4\developer\sdks\gecko_sdk_suite\v2.5\dm_lite_mg21_v660\IAR ARM - Default\debug-jtag\EFR32
[12] = C:\SiliconLabs\SimplicityStudio\v4\developer\sdks\gecko_sdk_suite\v2.5\dm_lite_mg21_v660\IAR ARM - Default\dmp-ui-demo
[13] = C:\SiliconLabs\SimplicityStudio\v4\developer\sdks\gecko_sdk_suite\v2.5\dm_lite_mg21_v660\IAR ARM - Default\eeprom
[14] = C:\SiliconLabs\SimplicityStudio\v4\developer\sdks\gecko_sdk_suite\v2.5\dm_lite_mg21_v660\IAR ARM - Default\efr32
[15] = C:\SiliconLabs\SimplicityStudio\v4\developer\sdks\gecko_sdk_suite\v2.5\dm_lite_mg21_v660\IAR ARM - Default\ember-minimal-printf
[16] = C:\SiliconLabs\SimplicityStudio\v4\developer\sdks\gecko_sdk_suite\v2.5\dm_lite_mg21_v660\IAR ARM - Default\emdrv
[17] = C:\SiliconLabs\SimplicityStudio\v4\developer\sdks\gecko_sdk_suite\v2.5\dm_lite_mg21_v660\IAR ARM - Default\emlib
[18] = C:\SiliconLabs\SimplicityStudio\v4\developer\sdks\gecko_sdk_suite\v2.5\dm_lite_mg21_v660\IAR ARM - Default\external-generated-files
[19] = C:\SiliconLabs\SimplicityStudio\v4\developer\sdks\gecko_sdk_suite\v2.5\dm_lite_mg21_v660\IAR ARM - Default\find-and-bind-target
[20] = C:\SiliconLabs\SimplicityStudio\v4\developer\sdks\gecko_sdk_suite\v2.5\dm_lite_mg21_v660\IAR ARM - Default\form-and-join
[21] = C:\SiliconLabs\SimplicityStudio\v4\developer\sdks\gecko_sdk_suite\v2.5\dm_lite_mg21_v660\IAR ARM - Default\glib
[22] = C:\SiliconLabs\SimplicityStudio\v4\developer\sdks\gecko_sdk_suite\v2.5\dm_lite_mg21_v660\IAR ARM - Default\glib\EFR32
[23] = C:\SiliconLabs\SimplicityStudio\v4\developer\sdks\gecko_sdk_suite\v2.5\dm_lite_mg21_v660\IAR ARM - Default\green-power-client
[24] = C:\SiliconLabs\SimplicityStudio\v4\developer\sdks\gecko_sdk_suite\v2.5\dm_lite_mg21_v660\IAR ARM - Default\green-power-common
[25] = C:\SiliconLabs\SimplicityStudio\v4\developer\sdks\gecko_sdk_suite\v2.5\dm_lite_mg21_v660\IAR ARM - Default\groups-server
[26] = C:\SiliconLabs\SimplicityStudio\v4\developer\sdks\gecko_sdk_suite\v2.5\dm_lite_mg21_v660\IAR ARM - Default\hal-library\EFR32
[27] = C:\SiliconLabs\SimplicityStudio\v4\developer\sdks\gecko_sdk_suite\v2.5\dm_lite_mg21_v660\IAR ARM - Default\identify
[28] = C:\SiliconLabs\SimplicityStudio\v4\developer\sdks\gecko_sdk_suite\v2.5\dm_lite_mg21_v660\IAR ARM - Default\identify-feedback
[29] = C:\SiliconLabs\SimplicityStudio\v4\developer\sdks\gecko_sdk_suite\v2.5\dm_lite_mg21_v660\IAR ARM - Default\idle-sleep
[30] = C:\SiliconLabs\SimplicityStudio\v4\developer\sdks\gecko_sdk_suite\v2.5\dm_lite_mg21_v660\IAR ARM - Default\interpan
[31] = C:\SiliconLabs\SimplicityStudio\v4\developer\sdks\gecko_sdk_suite\v2.5\dm_lite_mg21_v660\IAR ARM - Default\kit-drivers
[32] = C:\SiliconLabs\SimplicityStudio\v4\developer\sdks\gecko_sdk_suite\v2.5\dm_lite_mg21_v660\IAR ARM - Default\manufacturing-library-cli
[33] = C:\SiliconLabs\SimplicityStudio\v4\developer\sdks\gecko_sdk_suite\v2.5\dm_lite_mg21_v660\IAR ARM - Default\mbedtls-multiprotocol
[34] = C:\SiliconLabs\SimplicityStudio\v4\developer\sdks\gecko_sdk_suite\v2.5\dm_lite_mg21_v660\IAR ARM - Default\mbedtls\EFR32
[35] = C:\SiliconLabs\SimplicityStudio\v4\developer\sdks\gecko_sdk_suite\v2.5\dm_lite_mg21_v660\IAR ARM - Default\micrium-rtos
[36] = C:\SiliconLabs\SimplicityStudio\v4\developer\sdks\gecko_sdk_suite\v2.5\dm_lite_mg21_v660\IAR ARM - Default\micrium-rtos\EFR32
[37] = C:\SiliconLabs\SimplicityStudio\v4\developer\sdks\gecko_sdk_suite\v2.5\dm_lite_mg21_v660\IAR ARM - Default\network-creator
[38] = C:\SiliconLabs\SimplicityStudio\v4\developer\sdks\gecko_sdk_suite\v2.5\dm_lite_mg21_v660\IAR ARM - Default\network-creator-security
[39] = C:\SiliconLabs\SimplicityStudio\v4\developer\sdks\gecko_sdk_suite\v2.5\dm_lite_mg21_v660\IAR ARM - Default\nvm3
[40] = C:\SiliconLabs\SimplicityStudio\v4\developer\sdks\gecko_sdk_suite\v2.5\dm_lite_mg21_v660\IAR ARM - Default\nvm3\EFR32
[41] = C:\SiliconLabs\SimplicityStudio\v4\developer\sdks\gecko_sdk_suite\v2.5\dm_lite_mg21_v660\IAR ARM - Default\on-off
[42] = C:\SiliconLabs\SimplicityStudio\v4\developer\sdks\gecko_sdk_suite\v2.5\dm_lite_mg21_v660\IAR ARM - Default\reporting
[43] = C:\SiliconLabs\SimplicityStudio\v4\developer\sdks\gecko_sdk_suite\v2.5\dm_lite_mg21_v660\IAR ARM - Default\scan-dispatch
[44] = C:\SiliconLabs\SimplicityStudio\v4\developer\sdks\gecko_sdk_suite\v2.5\dm_lite_mg21_v660\IAR ARM - Default\scenes
[45] = C:\SiliconLabs\SimplicityStudio\v4\developer\sdks\gecko_sdk_suite\v2.5\dm_lite_mg21_v660\IAR ARM - Default\serial
[46] = C:\SiliconLabs\SimplicityStudio\v4\developer\sdks\gecko_sdk_suite\v2.5\dm_lite_mg21_v660\IAR ARM - Default\serial\EFR32
[47] = C:\SiliconLabs\SimplicityStudio\v4\developer\sdks\gecko_sdk_suite\v2.5\dm_lite_mg21_v660\IAR ARM - Default\spidisplay
[48] = C:\SiliconLabs\SimplicityStudio\v4\developer\sdks\gecko_sdk_suite\v2.5\dm_lite_mg21_v660\IAR ARM - Default\strong-random
[49] = C:\SiliconLabs\SimplicityStudio\v4\developer\sdks\gecko_sdk_suite\v2.5\dm_lite_mg21_v660\IAR ARM - Default\zcl-framework-core
[50] = C:\SiliconLabs\SimplicityStudio\v4\developer\sdks\gecko_sdk_suite\v2.5\dm_lite_mg21_v660\IAR ARM - Default\zll-commissioning-common
[51] = C:\SiliconLabs\SimplicityStudio\v4\developer\sdks\gecko_sdk_suite\v2.5\dm_lite_mg21_v660\IAR ARM - Default\zll-commissioning-server
[52] = C:\SiliconLabs\SimplicityStudio\v4\developer\sdks\gecko_sdk_suite\v2.5\dm_lite_mg21_v660\IAR ARM - Default\zll-identify-server
[53] = C:\SiliconLabs\SimplicityStudio\v4\developer\sdks\gecko_sdk_suite\v2.5\dm_lite_mg21_v660\IAR ARM - Default\zll-on-off-server
[54] = C:\SiliconLabs\SimplicityStudio\v4\developer\sdks\gecko_sdk_suite\v2.5\dm_lite_mg21_v660\IAR ARM - Default\zll-scenes-server
[55] = C:\SiliconLabs\SimplicityStudio\v4\developer\sdks\gecko_sdk_suite\v2.5\dm_lite_mg21_v660\IAR ARM - Default\zll-utility-server
[56] = binding-table-library.a
[57] = cbke-163k1-stub-library.a
[58] = cbke-283k1-stub-library.a
[59] = cbke-library-dsa-sign-stub.a
[60] = cbke-library-dsa-verify-283k1-stub.a
[61] = cbke-library-dsa-verify-stub.a
[62] = cbke-stub-library.a
[63] = debug-basic-library.a
[64] = debug-extended-stub-library.a
[65] = dl7M_tln.a
[66] = end-device-bind-stub-library.a
[67] = gp-library.a
[68] = hal-library.a
[69] = install-code-library.a
[70] = libbluetooth.a
[71] = libnvm3_CM33_iar.a
[72] = librail_multiprotocol_efr32xg21_iar_release.a
[73] = m7M_tls.a
[74] = mfglib-library.a
[75] = multi-network-stub-library.a
[76] = packet-validate-library.a
[77] = rt7M_tl.a
[78] = security-library-core.a
[79] = security-library-link-keys.a
[80] = sim-eeprom2-to-nvm3-upgrade-stub-library.a
[81] = zigbee-pro-stack.a
[82] = zigbee-r22-support-stub-library.a
[83] = zll-library.a

  338 560 bytes of readonly  code memory
      324 bytes of readwrite code memory
   73 456 bytes of readonly  data memory
   97 047 bytes of readwrite data memory

Errors: none
Warnings: none
