###############################################################################
#
# IAR ELF Linker V8.32.2.178/W32 for ARM                  28/Aug/2019  17:00:20
# Copyright 2007-2018 IAR Systems AB.
#
#    Output file  =  dm_lite_mg21_v660.out
#    Map file     =  
#        C:/SiliconLabs/SimplicityStudio/v4/developer/sdks/gecko_sdk_suite/v2.5/dm_lite_mg21_v660/IAR
#        ARM - Default - EFR32MG21A010F1024IM32/dm_lite_mg21_v660.map
#    Command line =  
#        -f
#        "C:\SiliconLabs\SimplicityStudio\v4\developer\sdks\gecko_sdk_suite\v2.5\dm_lite_mg21_v660\IAR
#        ARM - Default -
#        EFR32MG21A010F1024IM32\ilinkCommandLine_dm_lite_mg21_v660.out.xcl" (-o
#        dm_lite_mg21_v660.out --config
#        C:/SiliconLabs/SimplicityStudio/v4_2/developer/sdks/gecko_sdk_suite/v2.6//platform/base/hal/micro/cortexm3/efm32/iar-cfg.icf
#        --config_def APP_BTL=1 --config_def FLASH_SIZE=1048576 --config_def
#        RAM_SIZE=98304 --config_def SIMEEPROM_SIZE=32768 --config_def
#        LOCKBITS_IN_MAINFLASH_SIZE=8192 --config_def
#        EMBER_MALLOC_HEAP_SIZE=8192 --config_def HEADER_SIZE=256 --config_def
#        PSSTORE_SIZE=0 --config_def LONGTOKEN_SIZE=0 --no_wrap_diagnostics
#        C:/SiliconLabs/SimplicityStudio/v4_2/developer/sdks/gecko_sdk_suite/v2.6//protocol/zigbee/build/zigbee-r22-support-stub-library-cortexm3-iar-efr32mg21-rail/zigbee-r22-support-stub-library.a
#        C:/SiliconLabs/SimplicityStudio/v4_2/developer/sdks/gecko_sdk_suite/v2.6//protocol/zigbee/build/install-code-library-cortexm3-iar-efr32mg21-rail/install-code-library.a
#        C:/SiliconLabs/SimplicityStudio/v4_2/developer/sdks/gecko_sdk_suite/v2.6//protocol/zigbee/build/cbke-stub-library-cortexm3-iar-efr32mg21-rail/cbke-stub-library.a
#        C:/SiliconLabs/SimplicityStudio/v4_2/developer/sdks/gecko_sdk_suite/v2.6//protocol/zigbee/build/cbke-library-dsa-verify-stub-cortexm3-iar-efr32mg21-rail/cbke-library-dsa-verify-stub.a
#        C:/SiliconLabs/SimplicityStudio/v4_2/developer/sdks/gecko_sdk_suite/v2.6//protocol/zigbee/build/gp-library-cortexm3-iar-efr32mg21-rail/gp-library.a
#        C:/SiliconLabs/SimplicityStudio/v4_2/developer/sdks/gecko_sdk_suite/v2.6//protocol/zigbee/build/mfglib-library-cortexm3-iar-efr32mg21-rail/mfglib-library.a
#        C:/SiliconLabs/SimplicityStudio/v4_2/developer/sdks/gecko_sdk_suite/v2.6//protocol/zigbee/build/security-library-link-keys-cortexm3-iar-efr32mg21-rail/security-library-link-keys.a
#        C:/SiliconLabs/SimplicityStudio/v4_2/developer/sdks/gecko_sdk_suite/v2.6//protocol/zigbee/build/debug-extended-stub-library-cortexm3-iar-efr32mg21-rail/debug-extended-stub-library.a
#        C:/SiliconLabs/SimplicityStudio/v4_2/developer/sdks/gecko_sdk_suite/v2.6//protocol/zigbee/build/debug-basic-library-cortexm3-iar-efr32mg21-rail/debug-basic-library.a
#        C:/SiliconLabs/SimplicityStudio/v4_2/developer/sdks/gecko_sdk_suite/v2.6//protocol/zigbee/build/cbke-283k1-stub-library-cortexm3-iar-efr32mg21-rail/cbke-283k1-stub-library.a
#        C:/SiliconLabs/SimplicityStudio/v4_2/developer/sdks/gecko_sdk_suite/v2.6//protocol/zigbee/build/end-device-bind-stub-library-cortexm3-iar-efr32mg21-rail/end-device-bind-stub-library.a
#        C:/SiliconLabs/SimplicityStudio/v4_2/developer/sdks/gecko_sdk_suite/v2.6//protocol/zigbee/build/security-library-core-cortexm3-iar-efr32mg21-rail/security-library-core.a
#        C:/SiliconLabs/SimplicityStudio/v4_2/developer/sdks/gecko_sdk_suite/v2.6//protocol/zigbee/build/cbke-library-dsa-verify-283k1-stub-cortexm3-iar-efr32mg21-rail/cbke-library-dsa-verify-283k1-stub.a
#        C:/SiliconLabs/SimplicityStudio/v4_2/developer/sdks/gecko_sdk_suite/v2.6//protocol/zigbee/build/hal-library-cortexm3-iar-efr32mg21-rail/hal-library.a
#        C:/SiliconLabs/SimplicityStudio/v4_2/developer/sdks/gecko_sdk_suite/v2.6//protocol/zigbee/build/multi-network-stub-library-cortexm3-iar-efr32mg21-rail/multi-network-stub-library.a
#        C:/SiliconLabs/SimplicityStudio/v4_2/developer/sdks/gecko_sdk_suite/v2.6//platform/emdrv/nvm3/lib/libnvm3_CM33_iar.a
#        C:/SiliconLabs/SimplicityStudio/v4_2/developer/sdks/gecko_sdk_suite/v2.6//protocol/zigbee/build/sim-eeprom2-to-nvm3-upgrade-stub-library-cortexm3-iar-efr32mg21-rail/sim-eeprom2-to-nvm3-upgrade-stub-library.a
#        C:/SiliconLabs/SimplicityStudio/v4_2/developer/sdks/gecko_sdk_suite/v2.6//protocol/zigbee/build/zigbee-pro-stack-cortexm3-iar-efr32mg21-rail/zigbee-pro-stack.a
#        C:/SiliconLabs/SimplicityStudio/v4_2/developer/sdks/gecko_sdk_suite/v2.6//platform/radio/rail_lib/autogen/librail_release/librail_multiprotocol_efr32xg21_iar_release.a
#        C:/SiliconLabs/SimplicityStudio/v4_2/developer/sdks/gecko_sdk_suite/v2.6//protocol/zigbee/build/zll-library-cortexm3-iar-efr32mg21-rail/zll-library.a
#        C:/SiliconLabs/SimplicityStudio/v4_2/developer/sdks/gecko_sdk_suite/v2.6//protocol/zigbee/build/packet-validate-library-cortexm3-iar-efr32mg21-rail/packet-validate-library.a
#        C:/SiliconLabs/SimplicityStudio/v4_2/developer/sdks/gecko_sdk_suite/v2.6//protocol/zigbee/build/binding-table-library-cortexm3-iar-efr32mg21-rail/binding-table-library.a
#        C:/SiliconLabs/SimplicityStudio/v4_2/developer/sdks/gecko_sdk_suite/v2.6//protocol/zigbee/build/cbke-library-dsa-sign-stub-cortexm3-iar-efr32mg21-rail/cbke-library-dsa-sign-stub.a
#        C:/SiliconLabs/SimplicityStudio/v4_2/developer/sdks/gecko_sdk_suite/v2.6//protocol/zigbee/build/cbke-163k1-stub-library-cortexm3-iar-efr32mg21-rail/cbke-163k1-stub-library.a
#        C:/SiliconLabs/SimplicityStudio/v4_2/developer/sdks/gecko_sdk_suite/v2.6//protocol/bluetooth/lib/EFR32MG21/IAR/libbluetooth.a
#        --entry __iar_program_start --map
#        "C:/SiliconLabs/SimplicityStudio/v4/developer/sdks/gecko_sdk_suite/v2.5/dm_lite_mg21_v660/IAR
#        ARM - Default - EFR32MG21A010F1024IM32/dm_lite_mg21_v660.map"
#        --log_file
#        "C:/SiliconLabs/SimplicityStudio/v4/developer/sdks/gecko_sdk_suite/v2.5/dm_lite_mg21_v660/IAR
#        ARM - Default - EFR32MG21A010F1024IM32/dm_lite_mg21_v660.log" --log
#        initialization,modules,sections,veneers --diag_suppress=Lp012
#        --redirect _Printf=_PrintfSmallNoMb --redirect _Scanf=_ScanfFullNoMb
#        ./zll-utility-server/zll-utility-server.o
#        ./zll-scenes-server/zll-scenes-server.o
#        ./zll-on-off-server/zll-on-off-server.o
#        ./zll-identify-server/zll-identify-server.o
#        ./zll-commissioning-server/zll-commissioning-server.o
#        ./zll-commissioning-common/zll-commissioning-cli.o
#        ./zll-commissioning-common/zll-commissioning-common.o
#        ./zcl-framework-core/af-event.o ./zcl-framework-core/af-main-common.o
#        ./zcl-framework-core/af-main-soc.o ./zcl-framework-core/af-node.o
#        ./zcl-framework-core/af-security-common.o
#        ./zcl-framework-core/af-trust-center.o
#        ./zcl-framework-core/attribute-size.o
#        ./zcl-framework-core/attribute-storage.o
#        ./zcl-framework-core/attribute-table.o
#        ./zcl-framework-core/client-api.o ./zcl-framework-core/core-cli.o
#        ./zcl-framework-core/crypto-state.o ./zcl-framework-core/message.o
#        ./zcl-framework-core/multi-network.o
#        ./zcl-framework-core/network-cli.o ./zcl-framework-core/option-cli.o
#        ./zcl-framework-core/plugin-cli.o
#        ./zcl-framework-core/print-formatter.o ./zcl-framework-core/print.o
#        ./zcl-framework-core/process-cluster-message.o
#        ./zcl-framework-core/process-global-message.o
#        ./zcl-framework-core/security-cli.o
#        ./zcl-framework-core/service-discovery-common.o
#        ./zcl-framework-core/service-discovery-soc.o
#        ./zcl-framework-core/time-util.o ./zcl-framework-core/util.o
#        ./zcl-framework-core/zcl-cli.o ./zcl-framework-core/zdo-cli.o
#        ./update-tc-link-key/update-tc-link-key-cli.o
#        ./update-tc-link-key/update-tc-link-key.o
#        ./strong-random/strong-random-api.o ./spidisplay/display.o
#        ./spidisplay/displayls013b7dh03.o ./spidisplay/displaypalemlib.o
#        ./serial/EFR32/serial.o ./serial/com.o ./scenes/scenes-cli.o
#        ./scenes/scenes.o ./scan-dispatch/scan-dispatch.o
#        ./reporting/reporting-cli.o
#        ./reporting/reporting-default-configuration.o ./reporting/reporting.o
#        ./on-off/on-off.o ./nvm3/EFR32/nvm3_default.o
#        ./nvm3/EFR32/nvm3_hal_flash.o ./nvm3/nvm3_lock.o
#        ./network-steering/network-steering-cli.o
#        ./network-steering/network-steering-soc.o
#        ./network-steering/network-steering-v2.o
#        ./network-steering/network-steering.o
#        ./network-creator-security/network-creator-security-cli.o
#        ./network-creator-security/network-creator-security.o
#        ./network-creator/network-creator-cli.o
#        ./network-creator/network-creator.o
#        ./micrium-rtos/EFR32/armv6m_v7m_cpu_int.o
#        ./micrium-rtos/EFR32/armv7m_cpu_a.o
#        ./micrium-rtos/EFR32/armv7m_cpu_c.o
#        ./micrium-rtos/EFR32/armv7m_os_cpu_a.o
#        ./micrium-rtos/EFR32/armv7m_os_cpu_c.o ./micrium-rtos/EFR32/bsp_cpu.o
#        ./micrium-rtos/EFR32/bsp_os.o ./micrium-rtos/EFR32/bsp_tick_rtcc.o
#        ./micrium-rtos/cpu_core.o ./micrium-rtos/kal_kernel.o
#        ./micrium-rtos/lib_ascii.o ./micrium-rtos/lib_math.o
#        ./micrium-rtos/lib_mem.o ./micrium-rtos/lib_str.o
#        ./micrium-rtos/micrium-rtos-main.o ./micrium-rtos/micrium-rtos-sleep.o
#        ./micrium-rtos/os_app_hooks.o ./micrium-rtos/os_cfg_app.o
#        ./micrium-rtos/os_core.o ./micrium-rtos/os_dbg.o
#        ./micrium-rtos/os_flag.o ./micrium-rtos/os_mem.o
#        ./micrium-rtos/os_mon.o ./micrium-rtos/os_msg.o
#        ./micrium-rtos/os_mutex.o ./micrium-rtos/os_prio.o
#        ./micrium-rtos/os_q.o ./micrium-rtos/os_sem.o ./micrium-rtos/os_stat.o
#        ./micrium-rtos/os_task.o ./micrium-rtos/os_tick.o
#        ./micrium-rtos/os_time.o ./micrium-rtos/os_tmr.o
#        ./micrium-rtos/os_var.o ./micrium-rtos/rtos_err_str.o
#        ./mbedtls/EFR32/aes.o ./mbedtls/EFR32/aes_aes.o
#        ./mbedtls/EFR32/aesni.o ./mbedtls/EFR32/arc4.o
#        ./mbedtls/EFR32/asn1parse.o ./mbedtls/EFR32/asn1write.o
#        ./mbedtls/EFR32/base64.o ./mbedtls/EFR32/bignum.o
#        ./mbedtls/EFR32/blowfish.o ./mbedtls/EFR32/camellia.o
#        ./mbedtls/EFR32/ccm.o ./mbedtls/EFR32/certs.o ./mbedtls/EFR32/cipher.o
#        ./mbedtls/EFR32/cipher_wrap.o ./mbedtls/EFR32/cmac.o
#        ./mbedtls/EFR32/crypto_aes.o ./mbedtls/EFR32/crypto_ble.o
#        ./mbedtls/EFR32/crypto_ecp.o ./mbedtls/EFR32/crypto_management.o
#        ./mbedtls/EFR32/crypto_sha.o ./mbedtls/EFR32/cryptoacc_aes.o
#        ./mbedtls/EFR32/cryptoacc_ccm.o ./mbedtls/EFR32/cryptoacc_cmac.o
#        ./mbedtls/EFR32/cryptoacc_ecp.o ./mbedtls/EFR32/cryptoacc_gcm.o
#        ./mbedtls/EFR32/cryptoacc_management.o ./mbedtls/EFR32/cryptoacc_sha.o
#        ./mbedtls/EFR32/cryptoacc_trng.o ./mbedtls/EFR32/ctr_drbg.o
#        ./mbedtls/EFR32/debug.o ./mbedtls/EFR32/des.o ./mbedtls/EFR32/dhm.o
#        ./mbedtls/EFR32/ecdh.o ./mbedtls/EFR32/ecdsa.o
#        ./mbedtls/EFR32/ecjpake.o ./mbedtls/EFR32/ecp.o
#        ./mbedtls/EFR32/ecp_curves.o ./mbedtls/EFR32/entropy.o
#        ./mbedtls/EFR32/entropy_adc.o ./mbedtls/EFR32/entropy_poll.o
#        ./mbedtls/EFR32/entropy_rail.o ./mbedtls/EFR32/error.o
#        ./mbedtls/EFR32/gcm.o ./mbedtls/EFR32/havege.o
#        ./mbedtls/EFR32/hmac_drbg.o ./mbedtls/EFR32/md.o ./mbedtls/EFR32/md2.o
#        ./mbedtls/EFR32/md4.o ./mbedtls/EFR32/md5.o ./mbedtls/EFR32/md_wrap.o
#        ./mbedtls/EFR32/memory_buffer_alloc.o ./mbedtls/EFR32/net_sockets.o
#        ./mbedtls/EFR32/oid.o ./mbedtls/EFR32/padlock.o ./mbedtls/EFR32/pem.o
#        ./mbedtls/EFR32/pk.o ./mbedtls/EFR32/pk_wrap.o
#        ./mbedtls/EFR32/pkcs11.o ./mbedtls/EFR32/pkcs12.o
#        ./mbedtls/EFR32/pkcs5.o ./mbedtls/EFR32/pkparse.o
#        ./mbedtls/EFR32/pkwrite.o ./mbedtls/EFR32/radioaes.o
#        ./mbedtls/EFR32/radioaes_aes.o ./mbedtls/EFR32/radioaes_ble.o
#        ./mbedtls/EFR32/ripemd160.o ./mbedtls/EFR32/rsa.o
#        ./mbedtls/EFR32/rsa_internal.o ./mbedtls/EFR32/se_aes.o
#        ./mbedtls/EFR32/se_ccm.o ./mbedtls/EFR32/se_cmac.o
#        ./mbedtls/EFR32/se_ecp.o ./mbedtls/EFR32/se_jpake.o
#        ./mbedtls/EFR32/se_management.o ./mbedtls/EFR32/se_sha.o
#        ./mbedtls/EFR32/se_trng.o ./mbedtls/EFR32/sha1.o
#        ./mbedtls/EFR32/sha256.o ./mbedtls/EFR32/sha512.o
#        ./mbedtls/EFR32/shax.o ./mbedtls/EFR32/ssl_cache.o
#        ./mbedtls/EFR32/ssl_ciphersuites.o ./mbedtls/EFR32/ssl_cli.o
#        ./mbedtls/EFR32/ssl_cookie.o ./mbedtls/EFR32/ssl_srv.o
#        ./mbedtls/EFR32/ssl_ticket.o ./mbedtls/EFR32/ssl_tls.o
#        ./mbedtls/EFR32/threading.o ./mbedtls/EFR32/timing.o
#        ./mbedtls/EFR32/trng.o ./mbedtls/EFR32/version.o
#        ./mbedtls/EFR32/version_features.o ./mbedtls/EFR32/x509.o
#        ./mbedtls/EFR32/x509_create.o ./mbedtls/EFR32/x509_crl.o
#        ./mbedtls/EFR32/x509_crt.o ./mbedtls/EFR32/x509_csr.o
#        ./mbedtls/EFR32/x509write_crt.o ./mbedtls/EFR32/x509write_csr.o
#        ./mbedtls/EFR32/xtea.o ./mbedtls-multiprotocol/sl_malloc.o
#        ./manufacturing-library-cli/manufacturing-library-cli-soc.o
#        ./kit-drivers/udelay.o ./interpan/interpan-cli.o
#        ./interpan/interpan-soc.o ./interpan/interpan.o
#        ./idle-sleep/idle-sleep-cli.o ./idle-sleep/idle-sleep-soc.o
#        ./idle-sleep/idle-sleep.o ./identify-feedback/identify-feedback.o
#        ./identify/identify-cli.o ./identify/identify.o
#        ./hal-library/EFR32/hal-config-gpio.o ./hal-library/EFR32/hal-config.o
#        ./groups-server/groups-server-cli.o ./groups-server/groups-server.o
#        ./green-power-common/green-power-common.o
#        ./green-power-client/green-power-client-cli.o
#        ./green-power-client/green-power-client.o ./glib/EFR32/graphics.o
#        ./glib/bmp.o ./glib/dmd_display.o ./glib/glib.o ./glib/glib_bitmap.o
#        ./glib/glib_circle.o ./glib/glib_font_narrow_6x8.o
#        ./glib/glib_font_normal_8x8.o ./glib/glib_font_number_16x20.o
#        ./glib/glib_line.o ./glib/glib_polygon.o ./glib/glib_rectangle.o
#        ./glib/glib_string.o ./form-and-join/form-and-join-afv2.o
#        ./form-and-join/form-and-join-node-adapter.o
#        ./form-and-join/form-and-join.o
#        ./find-and-bind-target/find-and-bind-target-cli.o
#        ./find-and-bind-target/find-and-bind-target.o
#        ./external-generated-files/bootloader-interface-app.o
#        ./external-generated-files/bootloader-interface.o
#        ./external-generated-files/btl_interface.o
#        ./external-generated-files/btl_interface_storage.o ./emlib/em_adc.o
#        ./emlib/em_cmu.o ./emlib/em_core.o ./emlib/em_cryotimer.o
#        ./emlib/em_emu.o ./emlib/em_gpio.o ./emlib/em_i2c.o ./emlib/em_ldma.o
#        ./emlib/em_leuart.o ./emlib/em_msc.o ./emlib/em_prs.o ./emlib/em_rmu.o
#        ./emlib/em_rtcc.o ./emlib/em_se.o ./emlib/em_system.o
#        ./emlib/em_timer.o ./emlib/em_usart.o ./emlib/em_wdog.o
#        ./emlib/system_efr32mg21.o ./emdrv/dmadrv.o ./emdrv/gpiointerrupt.o
#        ./emdrv/rtcdriver.o ./emdrv/sleep.o ./emdrv/tempdrv.o
#        ./emdrv/uartdrv.o ./emdrv/ustimer.o
#        ./ember-minimal-printf/ember-printf.o ./efr32/assert-crash-handlers.o
#        ./efr32/button.o ./efr32/buzzer-efr32.o ./efr32/cstartup-common.o
#        ./efr32/diagnostic.o ./efr32/ext-device.o ./efr32/faults-v7m.o
#        ./efr32/isr-stubs.o ./efr32/led.o ./efr32/mfg-token.o
#        ./efr32/micro-common.o ./efr32/micro.o ./efr32/mpu.o
#        ./efr32/sleep-efm32.o ./efr32/token.o ./eeprom/eeprom-afv2.o
#        ./eeprom/eeprom-cli.o ./eeprom/eeprom.o ./dmp-ui-demo/dmp-ui.o
#        ./debug-jtag/EFR32/debug-jtag-efr32.o
#        ./debug-basic-library/EFR32/SEGGER_RTT.o ./counters/counters-cli.o
#        ./counters/counters-ota.o ./counters/counters-soc.o
#        ./concentrator/concentrator-support-cli.o
#        ./concentrator/concentrator-support.o
#        ./concentrator/source-route-common.o ./concentrator/source-route.o
#        ./coexistence-stub/EFR32/coexistence-802154.o
#        ./coexistence-stub/EFR32/coulomb-counter-802154.o
#        ./ccm-encryption/ccm-star.o ./ble/ble-cli.o ./ble/ble-interface.o
#        ./ble/rtos_bluetooth.o ./antenna-stub/antenna-stub.o
#        ./address-table/address-table-cli.o ./address-table/address-table.o
#        ./adc/EFR32/adc-efr32.o ./call-command-handler.o ./callback-stub.o
#        ./command-interpreter2.o ./crc.o ./dm_lite_mg21_v660_callbacks.o
#        ./ember-base-configuration.o ./ember-configuration.o ./endian.o
#        ./gatt_db.o ./library.o ./mem-util.o ./random.o
#        ./security-address-cache.o ./stack-handler-stub.o ./token-def.o
#        ./zigbee-device-common.o ./zigbee-device-library.o
#        ./znet-bookkeeping.o ./znet-cli.o)
#
###############################################################################

*******************************************************************************
*** RUNTIME MODEL ATTRIBUTES
***

CppFlavor                   = *
__Heap_Handler              = DLMalloc
__SystemLibrary             = DLib
__dlib_jmp_buf_num_elements = 16
__dlib_version              = 6


*******************************************************************************
*** HEAP SELECTION
***

The advanced heap was selected because the application calls memory
allocation functions outside of system library functions, and there
are calls to deallocation functions in the application.


*******************************************************************************
*** PLACEMENT SUMMARY
***

"BAT": place at 0x0 { section BAT };
define block HEADER_block with fixed order { ro section AAT };
"HEADERS":
       place at start of [from 0x4000 to 0x40ff] { block HEADER_block };
define block APPRO_block
   with fixed order {
      ro section .intvec, ro section .textrw_init, ro section .gatt_header,
      ro section .gatt_data, ro section .text, ro section CODE,
      ro section .rodata, ro section .data_init, ro section .iar.init_table,
      ro section __DLIB_PERTHREAD_init };
"APP ro":
       place at start of [from 0x4100 to 0xf'ffff] { block APPRO_block };
"SIMEE&LOCKBITS":
       place at end of [from 0x4100 to 0xf'ffff] {
          zi section SIMEE, zi section INTERNAL_STORAGE, zi section LONGTOKEN,
          zi section PSSTORE, zi section LOCKBITS_IN_MAINFLASH };
define block ALIGN_EMHEAP with alignment = 8 { rw section EMHEAP };
define block RESETHEAP
   with fixed order { rw section RESETINFO, block ALIGN_EMHEAP };
"ResetHeap":
       place at start of [from 0x2000'0000 to 0x2001'7fef] { block RESETHEAP };
"Guard":
       place in [from 0x2000'0000 to 0x2001'7fef] { rw section GUARD_REGION };
define block ALIGN_CSTACK with alignment = 8 { rw section CSTACK };
define block DLIB_PERTHREAD_INITIALIZED_DATA { rw section __DLIB_PERTHREAD };
define block DLIB_PERTHREAD_ZERO_DATA { zi section __DLIB_PERTHREAD };
define block HEAP with size = 8K, alignment = 8 { };
define block APPRW_block
   with fixed order {
      block ALIGN_CSTACK, rw section .textrw, rw section .data,
      block DLIB_PERTHREAD_INITIALIZED_DATA, block DLIB_PERTHREAD_ZERO_DATA,
      rw section .bss, rw section .noinit, block HEAP };
"APP rw":
       place at end of [from 0x2000'0000 to 0x2001'7fef] { block APPRW_block };
do not initialize {
   rw section .noinit, rw section CSTACK, rw section RESETINFO,
   rw section EMHEAP, zi section SIMEE, zi section INTERNAL_STORAGE,
   zi section LONGTOKEN, zi section PSSTORE, zi section LOCKBITS_IN_MAINFLASH };
initialize by copy { rw };

No sections matched the following patterns:

  ro section .iar.init_table        in block APPRO_block
  ro section __DLIB_PERTHREAD_init  in block APPRO_block
  rw section .noinit                in block APPRW_block
  rw section DEBUG_CHANNEL          in "DEBUGCHAN"
  rw section __DLIB_PERTHREAD       in block DLIB_PERTHREAD_INITIALIZED_DATA
  zi section INTERNAL_STORAGE       in "SIMEE&LOCKBITS"
  zi section LONGTOKEN              in "SIMEE&LOCKBITS"
  zi section PSSTORE                in "SIMEE&LOCKBITS"
  zi section __DLIB_PERTHREAD       in block DLIB_PERTHREAD_ZERO_DATA


  Section                 Kind         Address     Size  Object
  -------                 ----         -------     ----  ------
"BAT":                                             0x54
  BAT                     uninit           0x0     0x54  cstartup-common.o [14]
                                        - 0x54     0x54

"HEADERS":                                         0xac
  HEADER_block                          0x4000     0xac  <Block>
    AAT                   const         0x4000     0xac  cstartup-common.o [14]
                                      - 0x40ac     0xac

"APP ro":                                       0x66100
  APPRO_block                           0x4100  0x66100  <Block>
    .intvec               const         0x4100    0x134  startup_efr32mg21.o [70]
    Initializer bytes     const         0x4234    0x135  <for rw section .textrw-1>
    .gatt_header          const         0x436c     0x34  gatt_db.o [1]
    .gatt_data            const         0x43a0     0x24  gatt_db.o [1]
    .gatt_data            const         0x43c4     0x40  gatt_db.o [1]
    .gatt_data            const         0x4404      0x8  gatt_db.o [1]
    .gatt_data            const         0x440c      0x8  gatt_db.o [1]
    .gatt_data            const         0x4414      0x8  gatt_db.o [1]
    .gatt_data            const         0x441c      0x8  gatt_db.o [1]
    .gatt_data            const         0x4424      0x8  gatt_db.o [1]
    .gatt_data            const         0x442c      0x8  gatt_db.o [1]
    .gatt_data            const         0x4434      0x8  gatt_db.o [1]
    .gatt_data            const         0x443c      0x8  gatt_db.o [1]
    .gatt_data            const         0x4444      0x8  gatt_db.o [1]
    .gatt_data            const         0x444c      0x8  gatt_db.o [1]
    .gatt_data            const         0x4454      0x8  gatt_db.o [1]
    .gatt_data            const         0x445c      0x8  gatt_db.o [1]
    .gatt_data            const         0x4464    0x1ec  gatt_db.o [1]
    .gatt_data            const         0x4650     0x18  gatt_db.o [1]
    .gatt_data            const         0x4668      0x6  gatt_db.o [1]
    .gatt_data            const         0x466e     0x16  gatt_db.o [1]
    .gatt_data            const         0x4684      0x6  gatt_db.o [1]
    .gatt_data            const         0x468a     0x16  gatt_db.o [1]
    .gatt_data            const         0x46a0      0x6  gatt_db.o [1]
    .gatt_data            const         0x46a6     0x16  gatt_db.o [1]
    .gatt_data            const         0x46bc     0x12  gatt_db.o [1]
    .gatt_data            const         0x46ce      0x6  gatt_db.o [1]
    .gatt_data            const         0x46d4      0x8  gatt_db.o [1]
    .gatt_data            const         0x46dc      0x6  gatt_db.o [1]
    .gatt_data            const         0x46e2      0x8  gatt_db.o [1]
    .gatt_data            const         0x46ea      0x4  gatt_db.o [1]
    .gatt_data            const         0x46ee      0x6  gatt_db.o [1]
    .gatt_data            const         0x46f4      0x8  gatt_db.o [1]
    .gatt_data            const         0x46fc      0x6  gatt_db.o [1]
    .gatt_data            const         0x4702      0x8  gatt_db.o [1]
    .gatt_data            const         0x470a      0x6  gatt_db.o [1]
    .gatt_data            const         0x4710      0x8  gatt_db.o [1]
    .gatt_data            const         0x4718      0x6  gatt_db.o [1]
    .gatt_data            const         0x471e      0x8  gatt_db.o [1]
    .gatt_data            const         0x4726      0x4  gatt_db.o [1]
    .gatt_data            const         0x472a      0x8  gatt_db.o [1]
    .gatt_data            const         0x4732      0x8  gatt_db.o [1]
    .gatt_data            const         0x473a      0x8  gatt_db.o [1]
    .gatt_data            const         0x4742      0x4  gatt_db.o [1]
    .gatt_data            const         0x4746      0x1  gatt_db.o [1]
    .gatt_data            const         0x4747      0x1  gatt_db.o [1]
    .text                               0x4748  0x53420  <Block>
      .text               ro code       0x4748    0x12c  zll-utility-server.o [57]
      .text               ro code       0x4874    0x91e  util.o [51]
      .text               ro code       0x5192      0x2  identify-cli.o [27]
      .text               ro code       0x5194    0x15c  callback-stub.o [1]
      .text               ro code       0x52f0    0x16c  message.o [51]
      .text               ro code       0x545c    0x27c  client-api.o [51]
      .text               ro code       0x56d8    0x9d4  attribute-storage.o [51]
      .text               ro code       0x60ac    0x694  attribute-table.o [51]
      .text               ro code       0x6740     0xbe  mem-util.o [1]
      .text               ro code       0x67fe      0x2  startup_efr32mg21.o [70]
      .text               ro code       0x6800     0x58  multi-network.o [51]
      .text               ro code       0x6858    0x15e  af-event.o [51]
      .text               ro code       0x69b6      0x2  startup_efr32mg21.o [70]
      .text               ro code       0x69b8    0x134  eeprom.o [13]
      .text               ro code       0x6aec    0x230  zll-commissioning-common.o [52]
      .text               ro code       0x6d1c    0xf24  green-power-client.o [23]
      .text               ro code       0x7c40    0xa00  reporting.o [43]
      .text               ro code       0x8640    0x160  concentrator-support.o [8]
      .text               ro code       0x87a0     0x88  ble-interface.o [5]
      .text               ro code       0x8828     0x88  interpan-soc.o [30]
      .text               ro code       0x88b0     0x3e  idle-sleep-soc.o [29]
      .text               ro code       0x88ee      0x2  startup_efr32mg21.o [70]
      .text               ro code       0x88f0    0x16c  counters-soc.o [9]
      .text               ro code       0x8a5c   0x14a0  association.o [83]
      .text               ro code       0x9efc    0x208  ember-stack-common.o [83]
      .text               ro code       0xa104    0x124  print.o [51]
      .text               ro code       0xa228    0x118  time-util.o [51]
      .text               ro code       0xa340    0x14c  print-formatter.o [51]
      .text               ro code       0xa48c    0x42c  groups-server.o [25]
      .text               ro code       0xa8b8     0x50  process-cluster-message.o [51]
      .text               ro code       0xa908    0x578  process-global-message.o [51]
      .text               ro code       0xae80    0x2c4  ember-multi-network-stub.o [77]
      .text               ro code       0xb144     0x18  ABImemcpy_small.o [79]
      .text               ro code       0xb15c     0x64  znet-bookkeeping.o [1]
      .text               ro code       0xb1c0    0x55c  interpan.o [30]
      .text               ro code       0xb71c    0x988  af-main-common.o [51]
      .text               ro code       0xc0a4    0x440  address-table.o [83]
      .text               ro code       0xc4e4    0x4d0  binding-table.o [58]
      .text               ro code       0xc9b4     0x50  random.o [1]
      .text               ro code       0xca04    0x5cc  af-main-soc.o [51]
      .text               ro code       0xcfd0     0x98  micro-common.o [14]
      .text               ro code       0xd068     0x24  attribute-size.o [51]
      .text               ro code       0xd08c     0x12  ABImemset_small.o [79]
      .text               ro code       0xd09e      0x2  startup_efr32mg21.o [70]
      .text               ro code       0xd0a0    0x24c  event-control.o [83]
      .text               ro code       0xd2ec     0x10  crypto-state.o [51]
      .text               ro code       0xd2fc     0xd8  bootloader-interface-app.o [18]
      .text               ro code       0xd3d4    0x1fc  assert-crash-handlers.o [14]
      .text               ro code       0xd5d0    0x920  scenes.o [45]
      .text               ro code       0xdef0    0x1d4  zll-commissioning-server.o [53]
      .text               ro code       0xe0c4    0x810  zll-api.o [85]
      .text               ro code       0xe8d4    0x406  leave.o [83]
      .text               ro code       0xecda    0x128  zll-tokens.o [85]
      .text               ro code       0xee02     0x1a  xsnprout.o [67]
      .text               ro code       0xee1c    0xc54  gp-data.o [69]
      .text               ro code       0xfa70    0x74c  scan.o [83]
      .text               ro code     0x1'01bc    0x100  zigbee-dispatch.o [83]
      .text               ro code     0x1'02bc      0x6  ABImemclr4.o [79]
      .text               ro code     0x1'02c2     0x3a  zero_init3.o [79]
      .text               ro code     0x1'02fc    0x15a  green-power-common.o [24]
      .text               ro code     0x1'0456     0x7a  lz77_init_single.o [79]
      .text               ro code     0x1'04d0    0x824  gp-proxy-table.o [69]
      .text               ro code     0x1'0cf4    0x474  zigbee-stack.o [83]
      .text               ro code     0x1'1168   0x18f8  network.o [83]
      .text               ro code     0x1'2a60     0x7a  gp-util.o [69]
      .text               ro code     0x1'2adc    0x268  green-power-client-cli.o [23]
      .text               ro code     0x1'2d44    0x334  token.o [14]
      .text               ro code     0x1'3078     0x74  reporting-default-configuration.o [43]
      .text               ro code     0x1'30ec     0xd0  system-timer.o [70]
      .text               ro code     0x1'31bc    0x2a8  source-route-common.o [8]
      .text               ro code     0x1'3464    0x140  source-route.o [8]
      .text               ro code     0x1'35a4    0x9c0  zigbee-device-util.o [83]
      .text               ro code     0x1'3f64   0x1128  dm_lite_mg21_v660_callbacks.o [1]
      .text               ro code     0x1'508c    0x3ea  os_flag.o [35]
      .text               ro code     0x1'5478    0x76c  packet-buffer.o [83]
      .text               ro code     0x1'5be4    0x9d0  upper-mac.o [83]
      .text               ro code     0x1'65b4    0x380  mac-header.o [83]
      .text               ro code     0x1'6934      0x8  em_core.o [17]
      .text               ro code     0x1'693c     0xac  idle-sleep.o [29]
      .text               ro code     0x1'69e8      0x8  em_core.o [17]
      .text               ro code     0x1'69f0    0x344  child-handling.o [83]
      .text               ro code     0x1'6d34    0x8e8  beacon-handling.o [83]
      .text               ro code     0x1'761c    0x184  token-cache.o [83]
      .text               ro code     0x1'77a0    0x2f8  management.o [83]
      .text               ro code     0x1'7a98     0x14  debug-extended-stub.o [66]
      .text               ro code     0x1'7aac    0x36c  random-id.o [83]
      .text               ro code     0x1'7e18    0xdb8  aps-security.o [80]
      .text               ro code     0x1'8bd0    0x74c  child.o [83]
      .text               ro code     0x1'931c     0x98  strong-random-api.o [49]
      .text               ro code     0x1'93b4    0x628  command.o [83]
      .text               ro code     0x1'99dc    0x168  child-aging.o [83]
      .text               ro code     0x1'9b44      0xc  ember-multi-phy-stub.o [83]
      .text               ro code     0x1'9b50     0x3c  ember-configuration.o [1]
      .text               ro code     0x1'9b8c    0x258  packet-header.o [83]
      .text               ro code     0x1'9de4     0x5e  byte-utilities.o [83]
      .text               ro code     0x1'9e44    0x5dc  zigbee-packet-header.o [83]
      .text               ro code     0x1'a420     0x48  child-table.o [83]
      .text               ro code     0x1'a468    0x5b5  mac-indirect.o [83]
      .text               ro code     0x1'aa20    0x2f6  retry.o [83]
      .text               ro code     0x1'ad18    0x7d4  neighbor.o [83]
      .text               ro code     0x1'b4ec    0x664  trust-center-util.o [80]
      .text               ro code     0x1'bb50     0x34  mac-info-element-parsing-stub.o [84]
      .text               ro code     0x1'bb84   0x1438  phy.o [83]
      .text               ro code     0x1'cfbc    0x45c  zdo-channel.o [83]
      .text               ro code     0x1'd418    0x6b0  aps-keys.o [80]
      .text               ro code     0x1'dac8     0x1c  zdo-r22-stub.o [84]
      .text               ro code     0x1'dae4     0x30  mac-dispatch.o [83]
      .text               ro code     0x1'db14    0x2ae  ember-printf.o [15]
      .text               ro code     0x1'ddc4     0xba  serial.o [47]
      .text               ro code     0x1'de80    0x956  call-command-handler.o [1]
      .text               ro code     0x1'e7d8    0x1f8  zigbee-neighbor.o [83]
      .text               ro code     0x1'e9d0    0x238  network-creator-security.o [38]
      .text               ro code     0x1'ec08    0x108  update-tc-link-key.o [50]
      .text               ro code     0x1'ed10    0x294  zigbee-device-library.o [1]
      .text               ro code     0x1'efa4    0x46c  service-discovery-common.o [51]
      .text               ro code     0x1'f410     0x70  af-security-common.o [51]
      .text               ro code     0x1'f480    0x604  network-steering.o [39]
      .text               ro code     0x1'fa84    0x1d0  af-trust-center.o [51]
      .text               ro code     0x1'fc54     0x8e  af-node.o [51]
      .text               ro code     0x1'fce4    0x988  aps-retry.o [83]
      .text               ro code     0x2'066c    0x5ba  micro.o [14]
      .text               ro code     0x2'0c28     0xa4  cstartup-common.o [14]
      .text               ro code     0x2'0ccc    0x3b0  diagnostic.o [14]
      .text               ro code     0x2'107c     0xa4  security-address-cache.o [1]
      .text               ro code     0x2'1120    0x79a  command-interpreter2.o [1]
      .text               ro code     0x2'18bc    0x272  mfg-token.o [14]
      .text               ro code     0x2'1b30    0xa58  application-support.o [83]
      .text               ro code     0x2'2588    0x33e  form-and-join.o [20]
      .text               ro code     0x2'28c8    0x168  scan-dispatch.o [44]
      .text               ro code     0x2'2a30      0x4  faults-v7m.o [14]
      .text               ro code     0x2'2a34    0x79c  em_cmu.o [17]
      .text               ro code     0x2'31d0     0xba  em_wdog.o [17]
      .text               ro code     0x2'328a      0xc  em_core.o [17]
      .text               ro code     0x2'3296      0x6  em_core.o [17]
      .text               ro code     0x2'329c     0x1a  em_core.o [17]
      .text               ro code     0x2'32b8    0x1b4  micrium-rtos-main.o [35]
      .text               ro code     0x2'346c     0x68  btl_interface.o [18]
      .text               ro code     0x2'34d4    0x2d8  debug.o [65]
      .text               ro code     0x2'37ac     0x50  micro-internal.o [70]
      .text               ro code     0x2'37fc    0x1ba  zll-scenes-server.o [56]
      .text               ro code     0x2'39b8    0x984  zll-interpan.o [85]
      .text               ro code     0x2'433c    0x184  zll-security.o [85]
      .text               ro code     0x2'44c0     0xac  aes-efm32.o [83]
      .text               ro code     0x2'456c    0x428  crypto.o [83]
      .text               ro code     0x2'4994    0x474  lower-mac-efr32.o [83]
      .text               ro code     0x2'4e08     0x28  enhanced-beacon-request-stub.o [84]
      .text               ro code     0x2'4e30     0x3a  ABImemset48.o [79]
      .text               ro code     0x2'4e6c    0x260  debug-jtag-efr32.o [11]
      .text               ro code     0x2'50cc     0x90  ember-library.o [83]
      .text               ro code     0x2'515c    0x4c6  rail_rf.o [74]
      .text               ro code     0x2'5622     0x12  phy-util.o [83]
      .text               ro code     0x2'5634      0x6  cbke-crypto-engine-163k1-stub.o [59]
      .text               ro code     0x2'563a      0x6  cbke-crypto-engine-283k1-stub.o [60]
      .text               ro code     0x2'5640    0x1c4  broadcast.o [83]
      .text               ro code     0x2'5804    0x538  route-table.o [83]
      .text               ro code     0x2'5d3c      0xe  cbke-crypto-engine-stub.o [64]
      .text               ro code     0x2'5d4c     0x58  micro-common-internal.o [70]
      .text               ro code     0x2'5da4    0x22c  store-forward.o [83]
      .text               ro code     0x2'5fd0     0x64  unicast-table.o [83]
      .text               ro code     0x2'6034    0x4fc  aps-encryption.o [80]
      .text               ro code     0x2'6530    0x2a8  jit.o [83]
      .text               ro code     0x2'67d8    0x7c6  route-discovery.o [83]
      .text               ro code     0x2'6fa0     0x7a  led.o [14]
      .text               ro code     0x2'701c    0x2dc  packet-validate.o [78]
      .text               ro code     0x2'72f8    0x154  route-error.o [83]
      .text               ro code     0x2'744c    0x39c  neighbor-exchange.o [83]
      .text               ro code     0x2'77e8      0x4  sim-eeprom2-to-nvm3-upgrade-stub.o [82]
      .text               ro code     0x2'77ec   0x1b7a  nvm3.o [73]
      .text               ro code     0x2'9366      0x6  ember-base-configuration.o [1]
      .text               ro code     0x2'936c    0x604  rtcdriver.o [16]
      .text               ro code     0x2'9970    0x184  ustimer.o [16]
      .text               ro code     0x2'9af4    0x170  sleep-efm32.o [14]
      .text               ro code     0x2'9c64    0xa68  zigbee-device.o [83]
      .text               ro code     0x2'a6cc      0x8  end-device-bind-stub.o [68]
      .text               ro code     0x2'a6d4    0x1e4  rtos_bluetooth.o [5]
      .text               ro code     0x2'a8b8    0x528  aps-keys-transient.o [81]
      .text               ro code     0x2'ade0    0x724  dmp-ui.o [12]
      .text               ro code     0x2'b504    0x368  network-creator.o [37]
      .text               ro code     0x2'b86c   0x14e0  dlmalloc.o [67]
      .text               ro code     0x2'cd4c      0x4  heaptramp0.o [67]
      .text               ro code     0x2'cd50     0x44  snprintf.o [67]
      .text               ro code     0x2'cd94     0x14  strlen_small.o [79]
      .text               ro code     0x2'cda8      0x2  cpu_core.o [35]
      .text               ro code     0x2'cdaa      0x8  em_core.o [17]
      .text               ro code     0x2'cdb4    0x744  os_core.o [35]
      .text               ro code     0x2'd4f8      0x6  em_core.o [17]
      .text               ro code     0x2'd500      0xc  bsp_cpu.o [36]
      .text               ro code     0x2'd50c    0x360  os_tick.o [35]
      .text               ro code     0x2'd86c     0x6c  install-code-tokens.o [71]
      .text               ro code     0x2'd8d8     0x62  hmac.o [80]
      .text               ro code     0x2'd93c    0x31c  aps-keys-full.o [81]
      .text               ro code     0x2'dc58      0x4  ember-duty-cycle-stub.o [83]
      .text               ro code     0x2'dc5c    0x2a4  entropy.o [34]
      .text               ro code     0x2'df00    0x400  ctr_drbg.o [34]
      .text               ro code     0x2'e300     0x22  I64Shl.o [79]
      .text               ro code     0x2'e322      0xc  coexistence-802154.o [7]
      .text               ro code     0x2'e330    0xa08  rail_multiprotocol.o [74]
      .text               ro code     0x2'ed38    0x132  rail_calibration.o [74]
      .text               ro code     0x2'ee6c    0x1b8  rail_tx.o [74]
      .text               ro code     0x2'f024    0x2d8  rail_ieee802154.o [74]
      .text               ro code     0x2'f2fc     0x5e  duty-cycle-stub.o [83]
      .text               ro code     0x2'f35c     0x34  antenna-stub.o [4]
      .text               ro code     0x2'f390    0x1a8  rail_data.o [74]
      .text               ro code     0x2'f538     0xa6  rail_rx.o [74]
      .text               ro code     0x2'f5e0     0x18  eui64.o [83]
      .text               ro code     0x2'f5f8    0x11e  rail_autoack.o [74]
      .text               ro code     0x2'f716      0xc  rail_pti.o [74]
      .text               ro code     0x2'f722      0x2  phy.o [83]
      .text               ro code     0x2'f724     0xca  security-config-mfg-3xx.o [80]
      .text               ro code     0x2'f7f0    0x786  com.o [46]
      .text               ro code     0x2'ff78    0x11c  identify.o [27]
      .text               ro code     0x3'0094    0x142  zll-identify-server.o [54]
      .text               ro code     0x3'01d8    0x122  on-off.o [42]
      .text               ro code     0x3'02fc    0x3f0  zll-on-off-server.o [55]
      .text               ro code     0x3'06ec    0x100  zigbee-device-common.o [1]
      .text               ro code     0x3'07ec     0x56  service-discovery-soc.o [51]
      .text               ro code     0x3'0844     0x68  network-steering-soc.o [39]
      .text               ro code     0x3'08ac     0x24  crc.o [1]
      .text               ro code     0x3'08d0    0x14e  aes-mmo.o [80]
      .text               ro code     0x3'0a20     0x1c  em_system.o [17]
      .text               ro code     0x3'0a3c     0xd8  hal-config.o [26]
      .text               ro code     0x3'0b14    0x194  tempdrv.o [16]
      .text               ro code     0x3'0ca8     0x86  em_emu.o [17]
      .text               ro code     0x3'0d30     0x1c  pa_conversions_efr32.o [74]
      .text               ro code     0x3'0d4c      0x4  hal-config-gpio.o [26]
      .text               ro code     0x3'0d50     0x1c  em_rmu.o [17]
      .text               ro code     0x3'0d6c    0x534  core-cli.o [51]
      .text               ro code     0x3'12a0     0xf4  em_se.o [17]
      Veneer              ro code     0x3'1394      0x8  - Linker created -
      .text               ro code     0x3'139c     0xbc  flash.o [70]
      .text               ro code     0x3'1458      0x4  cbke-crypto-engine-dsa-sign-stub.o [61]
      .text               ro code     0x3'145c     0x50  form-and-join-node-adapter.o [20]
      .text               ro code     0x3'14ac      0xa  form-and-join-afv2.o [20]
      .text               ro code     0x3'14b8     0x70  faults-v7m.o [14]
      .text               ro code     0x3'1528    0x148  system_efr32mg21.o [17]
      .text               ro code     0x3'1670    0x4c4  os_mutex.o [35]
      .text               ro code     0x3'1b34     0xb2  os_app_hooks.o [35]
      .text               ro code     0x3'1be8    0x6a4  os_task.o [35]
      .text               ro code     0x3'228c    0x39c  bglib.c.obj [72]
      .text               ro code     0x3'2628     0x14  gecko_bgapi_dfu.c.obj [72]
      .text               ro code     0x3'263c     0x14  gecko_bgapi_system.c.obj [72]
      .text               ro code     0x3'2650     0x14  gecko_bgapi_gap.c.obj [72]
      .text               ro code     0x3'2664     0x14  gecko_bgapi_le_connection.c.obj [72]
      .text               ro code     0x3'2678     0x14  gecko_bgapi_gatt.c.obj [72]
      .text               ro code     0x3'268c     0x14  gecko_bgapi_gatt_server.c.obj [72]
      .text               ro code     0x3'26a0     0x14  gecko_bgapi_hardware.c.obj [72]
      .text               ro code     0x3'26b4     0x14  gecko_bgapi_flash.c.obj [72]
      .text               ro code     0x3'26c8     0x14  gecko_bgapi_test.c.obj [72]
      .text               ro code     0x3'26dc     0x14  gecko_bgapi_sm.c.obj [72]
      .text               ro code     0x3'26f0     0x70  micrium-rtos-sleep.o [35]
      .text               ro code     0x3'2760    0x1c0  armv7m_os_cpu_c.o [36]
      .text               ro code     0x3'2920    0x2c0  os_stat.o [35]
      .text               ro code     0x3'2be0     0x2c  threading.o [34]
      .text               ro code     0x3'2c0c    0x300  se_aes.o [34]
      .text               ro code     0x3'2f0c    0x128  ccm-star.o [6]
      .text               ro code     0x3'3034    0x10c  symbol-timer.o [83]
      .text               ro code     0x3'3140    0x134  em_gpio.o [17]
      .text               ro code     0x3'3274    0x170  SEGGER_RTT.o [10]
      .text               ro code     0x3'33e4     0x28  rfhal_module.o [74]
      .text               ro code     0x3'340c   0x1e18  rail_rf_hal.o [74]
      .text               ro code     0x3'5224     0x18  rail_assert.o [74]
      .text               ro code     0x3'523c     0xc0  pa_conversions_efr32.o [74]
      .text               ro code     0x3'52fc     0xcc  rfhal_antenna.o [74]
      .text               ro code     0x3'53c8    0x256  nvm3_page.o [73]
      .text               ro code     0x3'5620    0x1ba  nvm3_object.o [73]
      .text               ro code     0x3'57dc    0x23e  nvm3_cache.o [73]
      .text               ro code     0x3'5a1a     0x3e  nvm3_utils.o [73]
      .text               ro code     0x3'5a58     0x10  nvm3_lock.o [40]
      .text               ro code     0x3'5a68      0xc  nvm3_lock.o [40]
      .text               ro code     0x3'5a74     0xf4  em_rtcc.o [17]
      .text               ro code     0x3'5b68    0x106  I64DivMod_small.o [79]
      .text               ro code     0x3'5c70    0x1ba  em_timer.o [17]
      .text               ro code     0x3'5e2c    0x1c4  zdo-binding-table.o [58]
      .text               ro code     0x3'5ff0    0x17a  gecko_endpoints.c.obj [72]
      .text               ro code     0x3'616c     0x70  ll_task.c.obj [72]
      .text               ro code     0x3'61dc    0x1c0  glib_string.o [21]
      .text               ro code     0x3'639c    0x464  dmd_display.o [21]
      .text               ro code     0x3'6800     0x34  glib_bitmap.o [21]
      .text               ro code     0x3'6834    0x2fe  glib_line.o [21]
      .text               ro code     0x3'6b34     0x90  graphics.o [22]
      .text               ro code     0x3'6bc4    0x1be  glib.o [21]
      .text               ro code     0x3'6d84     0x1e  strncpy_small.o [79]
      .text               ro code     0x3'6da2      0x6  abort.o [67]
      .text               ro code     0x3'6da8     0x2c  xgetmemchunk.o [67]
      .text               ro code     0x3'6dd4    0x4d0  xprintfsmall_nomb.o [67]
      .text               ro code     0x3'72a4     0x44  os_prio.o [35]
      .text               ro code     0x3'72e8     0x64  os_msg.o [35]
      .text               ro code     0x3'734c    0x248  os_dbg.o [35]
      .text               ro code     0x3'7594      0x2  os_cfg_app.o [35]
      .text               ro code     0x3'7598    0x1ee  shax.o [34]
      .text               ro code     0x3'7786     0x42  sha256.o [34]
      .text               ro code     0x3'77c8    0x312  tmrdrv.o [74]
      .text               ro code     0x3'7adc    0x51e  radio_scheduler.o [74]
      .text               ro code     0x3'7ffc     0x24  rail_rssi.o [74]
      .text               ro code     0x3'8020    0x5ce  rfhal_protimer.o [74]
      .text               ro code     0x3'85f0     0x74  rfhal_ircal.o [74]
      .text               ro code     0x3'8664     0xac  pa_conversions_efr32.o [74]
      .text               ro code     0x3'8710    0x29c  rail_ieee802154_rf_hal.o [74]
      .text               ro code     0x3'89ac    0xb34  uartdrv.o [16]
      .text               ro code     0x3'94e0    0x278  em_usart.o [17]
      .text               ro code     0x3'9758     0x64  identify-feedback.o [28]
      .text               ro code     0x3'97bc    0x156  button.o [14]
      .text               ro code     0x3'9912      0x2  em_emu.o [17]
      .text               ro code     0x3'9914     0x30  em_msc.o [17]
      .text               ro code     0x3'9944     0xc6  pskeys.c.obj [72]
      .text               ro code     0x3'9a0c     0x30  efr32xg2x.c.obj [72]
      .text               ro code     0x3'9a3c      0x6  ABImemclr.o [79]
      .text               ro code     0x3'9a44     0xb0  vectors_efr32xg2x.c.obj [72]
      .text               ro code     0x3'9af4    0x43c  bgapi.c.obj [72]
      .text               ro code     0x3'9f30     0xb4  bg_pool.c.obj [72]
      .text               ro code     0x3'9fe4    0x168  ubt.c.obj [72]
      .text               ro code     0x3'a14c    0x3d0  bondingdb.c.obj [72]
      .text               ro code     0x3'a51c    0x1e4  ll_init.c.obj [72]
      .text               ro code     0x3'a700    0x34c  bg_message.c.obj [72]
      .text               ro code     0x3'aa4c      0x2  ll_adv_sync-stubs.c.obj [72]
      .text               ro code     0x3'aa4e      0x2  gap_periodic_adv-stubs.c.obj [72]
      .text               ro code     0x3'aa50      0x2  ll_scan_sync-stubs.c.obj [72]
      .text               ro code     0x3'aa52      0x2  gap_periodic_scan-stubs.c.obj [72]
      .text               ro code     0x3'aa54    0x110  bg_event.c.obj [72]
      .text               ro code     0x3'ab64     0xf8  init.c.obj [72]
      .text               ro code     0x3'ac5c     0x2a  bg_malloc_sl.c.obj [72]
      .text               ro code     0x3'ac86     0xca  ubt_gatt.c.obj [72]
      .text               ro code     0x3'ad50     0xd0  sleep_efr32xg2x.c.obj [72]
      .text               ro code     0x3'ae20     0x84  timer_hal.c.obj [72]
      .text               ro code     0x3'aea4    0x93c  gap.c.obj [72]
      .text               ro code     0x3'b7e0    0x130  sleep.o [16]
      .text               ro code     0x3'b910     0x8c  ll_radio_multiprotocol.c.obj [72]
      .text               ro code     0x3'b99c      0x2  bgapi_dfu.c.obj [72]
      .text               ro code     0x3'b9a0    0x150  bgapi_system.c.obj [72]
      .text               ro code     0x3'baf0    0x220  bgapi_gap.c.obj [72]
      .text               ro code     0x3'bd10     0xb0  bgapi_le_connection.c.obj [72]
      .text               ro code     0x3'bdc0    0x180  bgapi_gatt_lib.c.obj [72]
      .text               ro code     0x3'bf40     0x88  bgapi_hardware.c.obj [72]
      .text               ro code     0x3'bfc8      0x2  bgapi_ps.c.obj [72]
      .text               ro code     0x3'bfcc     0x90  bgapi_test_lib.c.obj [72]
      .text               ro code     0x3'c05c    0x170  bgapi_sm.c.obj [72]
      .text               ro code     0x3'c1cc     0xb4  os_time.o [35]
      .text               ro code     0x3'c280     0x60  se_management.o [34]
      .text               ro code     0x3'c2e0    0x3d8  se_ccm.o [34]
      .text               ro code     0x3'c6b8      0x4  rail_timer.o [74]
      .text               ro code     0x3'c6bc     0x18  strcpy.o [79]
      .text               ro code     0x3'c6d4    0x394  rfhal_timings.o [74]
      .text               ro code     0x3'ca68   0x1008  generic_phy.o [74]
      .text               ro code     0x3'da70    0x7a4  rfhal_radio.o [74]
      .text               ro code     0x3'e214    0x7d0  rfhal_pa.o [74]
      .text               ro code     0x3'e9e4    0x644  rfhal_bufc.o [74]
      .text               ro code     0x3'f028    0x348  rail_ble_rf_hal.o [74]
      .text               ro code     0x3'f370     0x26  rail_rf.o [74]
      .text               ro code     0x3'f398     0x2c  rfhal_tempcal.o [74]
      .text               ro code     0x3'f3c4    0x152  rfhal_rftest.o [74]
      .text               ro code     0x3'f518    0x300  rfhal_synth.o [74]
      .text               ro code     0x3'f818     0x2a  cortex_utils.o [74]
      .text               ro code     0x3'f844    0x120  rfhal_rand.o [74]
      .text               ro code     0x3'f964    0x150  rfhal_pti.o [74]
      .text               ro code     0x3'fab4      0x2  I64DivZer.o [79]
      .text               ro code     0x3'fab6      0xc  memcpy.o [79]
      .text               ro code     0x3'fac4    0x7dc  bgbuf.c.obj [72]
      .text               ro code     0x4'02a0     0x98  display.o [48]
      .text               ro code     0x4'0338     0x24  glib_rectangle.o [21]
      .text               ro code     0x4'035c      0xc  XXexit.o [79]
      .text               ro code     0x4'0368     0x16  strchr.o [79]
      .text               ro code     0x4'0380     0x40  xfail_s.o [67]
      .text               ro code     0x4'03c0     0x58  memchr.o [79]
      .text               ro code     0x4'0418     0xe4  se_sha.o [34]
      .text               ro code     0x4'04fc     0x28  tmrdrv_config.o [74]
      .text               ro code     0x4'0524    0x430  dmadrv.o [16]
      .text               ro code     0x4'0954     0xc0  gpiointerrupt.o [16]
      .text               ro code     0x4'0a14     0x4c  em_core.o [17]
      .text               ro code     0x4'0a60     0x8c  em_core.o [17]
      .text               ro code     0x4'0aec     0x14  memset.o [79]
      .text               ro code     0x4'0b00    0x216  acl.c.obj [72]
      .text               ro code     0x4'0d16     0x3c  adv_report_msg.c.obj [72]
      .text               ro code     0x4'0d54    0x266  ubt_message.c.obj [72]
      .text               ro code     0x4'0fbc    0xc50  hci.c.obj [72]
      .text               ro code     0x4'1c0c    0x2da  l2cap.c.obj [72]
      .text               ro code     0x4'1ee8    0x1ee  gatt.c.obj [72]
      .text               ro code     0x4'20d8    0x9b8  gap_adv.c.obj [72]
      .text               ro code     0x4'2a90      0x2  l2cap_coc-stubs.c.obj [72]
      .text               ro code     0x4'2a94     0xa0  uuid.c.obj [72]
      .text               ro code     0x4'2b34    0xafc  gatt_db_minimal.c.obj [72]
      .text               ro code     0x4'3630      0x6  gap_whitelist-stubs.c.obj [72]
      .text               ro code     0x4'3636      0x6  gap_whitelist-stubs.c.obj [72]
      .text               ro code     0x4'363c     0x1e  memcmp_small.o [79]
      .text               ro code     0x4'365c    0x9b6  ll_radio.c.obj [72]
      .text               ro code     0x4'4014    0xfec  ll_hci.c.obj [72]
      .text               ro code     0x4'5000    0xc98  ll_scan.c.obj [72]
      .text               ro code     0x4'5c98   0x1672  ll_conn.c.obj [72]
      .text               ro code     0x4'730c    0xc70  ll_adv.c.obj [72]
      .text               ro code     0x4'7f7c      0x2  ll_channelmap.c.obj [72]
      .text               ro code     0x4'7f80    0x714  ll_adv_ext.c.obj [72]
      .text               ro code     0x4'8694      0x2  ll_scan_sync-stubs.c.obj [72]
      .text               ro code     0x4'8696      0x2  ll_aox-stubs.c.obj [72]
      .text               ro code     0x4'8698      0x2  ll_addr-stubs.c.obj [72]
      .text               ro code     0x4'869c     0xfc  ll_radio_pa.c.obj [72]
      .text               ro code     0x4'8798    0x17c  ll_channelmap.c.obj [72]
      .text               ro code     0x4'8914      0x2  ll_addr-stubs.c.obj [72]
      .text               ro code     0x4'8918    0x26a  ll_conn_enc.c.obj [72]
      .text               ro code     0x4'8b84    0x6c0  ll_scan_ext.c.obj [72]
      .text               ro code     0x4'9244     0xe2  ll_to_hci.c.obj [72]
      .text               ro code     0x4'9328    0x102  irq.c.obj [72]
      .text               ro code     0x4'942a     0x36  sl_malloc.o [33]
      .text               ro code     0x4'9460   0x119a  gatt_server.c.obj [72]
      .text               ro code     0x4'a5fc    0x140  gatt_caching.c.obj [72]
      .text               ro code     0x4'a73c    0x29a  gap_scan.c.obj [72]
      .text               ro code     0x4'a9d8     0xc8  gap_resolver.c.obj [72]
      .text               ro code     0x4'aaa0    0x27e  sm.c.obj [72]
      .text               ro code     0x4'ad20    0x2b4  scheduler.c.obj [72]
      .text               ro code     0x4'afd4     0xc4  gap_deprecated.c.obj [72]
      .text               ro code     0x4'b098      0x6  gap_periodic_adv-stubs.c.obj [72]
      .text               ro code     0x4'b0a0    0xb6c  gatt_client.c.obj [72]
      .text               ro code     0x4'bc0c     0xc0  ubt_gatt_client.c.obj [72]
      .text               ro code     0x4'bccc     0x44  seq_globals.o [74]
      .text               ro code     0x4'bd10    0x272  rail_ble.o [74]
      .text               ro code     0x4'bf84     0x1e  U64Shr.o [79]
      .text               ro code     0x4'bfa4     0x1e  ABImemmove_small.o [79]
      .text               ro code     0x4'bfc4    0x184  em_ldma.o [17]
      .text               ro code     0x4'c148     0x3a  bg_util_aes.c.obj [72]
      .text               ro code     0x4'c182      0x2  l2cap_coc-stubs.c.obj [72]
      .text               ro code     0x4'c184      0x2  gap_periodic_adv-stubs.c.obj [72]
      .text               ro code     0x4'c188     0xf0  hci_pck.c.obj [72]
      .text               ro code     0x4'c278      0x4  l2cap_coc-stubs.c.obj [72]
      .text               ro code     0x4'c27c      0xa  l2cap_coc-stubs.c.obj [72]
      .text               ro code     0x4'c288    0x2f4  att.c.obj [72]
      .text               ro code     0x4'c57c    0x254  bgapi_gatt.c.obj [72]
      .text               ro code     0x4'c7d0      0x4  gap_periodic_adv-stubs.c.obj [72]
      .text               ro code     0x4'c7d4     0xdc  bg_random_aes.c.obj [72]
      .text               ro code     0x4'c8b0    0x128  cipher.o [34]
      .text               ro code     0x4'c9d8    0x374  se_cmac.o [34]
      .text               ro code     0x4'cd4c    0x150  ll_hci_phy.c.obj [72]
      .text               ro code     0x4'ce9c      0x2  ll_coex-stubs.c.obj [72]
      .text               ro code     0x4'ce9e      0x2  ll_radio.c.obj [72]
      .text               ro code     0x4'cea0     0x3c  ext_utils.c.obj [72]
      .text               ro code     0x4'cedc      0x2  ll_coex-stubs.c.obj [72]
      .text               ro code     0x4'cee0     0x10  ll_timing.c.obj [72]
      .text               ro code     0x4'cef0      0x4  ll_radio.c.obj [72]
      .text               ro code     0x4'cef4      0x2  ll_radio.c.obj [72]
      .text               ro code     0x4'cef6      0x2  ll_radio.c.obj [72]
      .text               ro code     0x4'cef8      0x2  ll_coex-stubs.c.obj [72]
      .text               ro code     0x4'cefa      0x4  ll_radio.c.obj [72]
      .text               ro code     0x4'cefe      0x4  ll_aox-stubs.c.obj [72]
      .text               ro code     0x4'cf04   0x105a  ll_llcp.c.obj [72]
      .text               ro code     0x4'df60     0x10  ll_channelmap.c.obj [72]
      .text               ro code     0x4'df70      0x2  ll_adv_sync-stubs.c.obj [72]
      .text               ro code     0x4'df72      0x4  ll_channelmap.c.obj [72]
      .text               ro code     0x4'df76      0x4  ll_channelmap.c.obj [72]
      .text               ro code     0x4'df7a      0x4  ll_addr-stubs.c.obj [72]
      .text               ro code     0x4'df80     0xf8  ll_link.c.obj [72]
      .text               ro code     0x4'e078     0x26  bg_bit.c.obj [72]
      .text               ro code     0x4'e09e      0x2  ll_channelmap.c.obj [72]
      .text               ro code     0x4'e0a0      0x2  ll_aox-stubs.c.obj [72]
      .text               ro code     0x4'e0a2      0x4  ll_aox-stubs.c.obj [72]
      .text               ro code     0x4'e0a8     0x14  ll_aox-stubs.c.obj [72]
      .text               ro code     0x4'e0bc     0x2c  ll_channelmap.c.obj [72]
      .text               ro code     0x4'e0e8      0x4  ll_adv.c.obj [72]
      .text               ro code     0x4'e0ec    0x2e4  ll_adv_header.c.obj [72]
      .text               ro code     0x4'e3d0      0x4  ll_adv_sync-stubs.c.obj [72]
      .text               ro code     0x4'e3d4      0x2  ll_adv_sync-stubs.c.obj [72]
      .text               ro code     0x4'e3d6      0x4  ll_adv_sync-stubs.c.obj [72]
      .text               ro code     0x4'e3da      0x2  ll_radio_pa.c.obj [72]
      .text               ro code     0x4'e3dc     0xdc  ll_random.c.obj [72]
      .text               ro code     0x4'e4b8    0x1ec  radioaes_aes.o [34]
      .text               ro code     0x4'e6a4    0x202  radioaes_ble.o [34]
      .text               ro code     0x4'e8a6      0x4  ll_scan_sync-stubs.c.obj [72]
      .text               ro code     0x4'e8aa      0x2  ll_scan_sync-stubs.c.obj [72]
      .text               ro code     0x4'e8ac     0x16  vla_alloc.o [67]
      .text               ro code     0x4'e8c4   0x2ba4  smp.c.obj [72]
      .text               ro code     0x5'1468    0x474  att_client.c.obj [72]
      .text               ro code     0x5'18dc    0x49c  ll_llcp_phy.c.obj [72]
      .text               ro code     0x5'1d78      0x4  ll_aox-stubs.c.obj [72]
      .text               ro code     0x5'1d7c      0x4  ll_adv_sync-stubs.c.obj [72]
      .text               ro code     0x5'1d80     0xe6  radioaes.o [34]
      .text               ro code     0x5'1e68    0x300  ecp.o [34]
      .text               ro code     0x5'2168    0xda0  bignum.o [34]
      .text               ro code     0x5'2f08    0x316  se_ecp.o [34]
      .text               ro code     0x5'3220    0x3f8  ecp_curves.o [34]
      .text               ro code     0x5'3618      0x6  gap_whitelist-stubs.c.obj [72]
      .text               ro code     0x5'3620    0x38e  zll-commissioning-cli.o [52]
      .text               ro code     0x5'39b0    0x328  network-cli.o [51]
      .text               ro code     0x5'3cd8    0x360  option-cli.o [51]
      .text               ro code     0x5'4038    0x360  security-cli.o [51]
      .text               ro code     0x5'4398    0xa06  zcl-cli.o [51]
      .text               ro code     0x5'4da0    0x58a  zdo-cli.o [51]
      .text               ro code     0x5'532c    0x1f6  displayls013b7dh03.o [48]
      .text               ro code     0x5'5524     0xfc  displaypalemlib.o [48]
      .text               ro code     0x5'5620    0x1a4  udelay.o [31]
      .text               ro code     0x5'57c4     0x18  scenes-cli.o [45]
      .text               ro code     0x5'57dc     0xb0  reporting-cli.o [43]
      Veneer              ro code     0x5'588c      0x8  - Linker created -
      .text               ro code     0x5'5894     0xe0  nvm3_hal_flash.o [41]
      .text               ro code     0x5'5974    0x21a  network-steering-cli.o [39]
      .text               ro code     0x5'5b90     0xe4  network-creator-security-cli.o [38]
      .text               ro code     0x5'5c74    0x16c  network-creator-cli.o [37]
      .text               ro code     0x5'5de0     0xf8  se_trng.o [34]
      .text               ro code     0x5'5ed8    0x41c  manufacturing-library-cli-soc.o [32]
      .text               ro code     0x5'62f4    0x238  mfglib.o [76]
      .text               ro code     0x5'652c      0x4  eeprom-afv2.o [13]
      .text               ro code     0x5'6530     0xd4  interpan-cli.o [30]
      .text               ro code     0x5'6604     0x88  idle-sleep-cli.o [29]
      .text               ro code     0x5'668c     0x5c  groups-server-cli.o [25]
      .text               ro code     0x5'66e8     0x44  find-and-bind-target.o [19]
      .text               ro code     0x5'672c      0x4  faults-v7m.o [14]
      .text               ro code     0x5'6730      0x4  faults-v7m.o [14]
      .text               ro code     0x5'6734      0x4  faults-v7m.o [14]
      .text               ro code     0x5'6738      0x4  faults-v7m.o [14]
      .text               ro code     0x5'673c      0x4  faults-v7m.o [14]
      .text               ro code     0x5'6740      0x4  faults-v7m.o [14]
      .text               ro code     0x5'6744      0x4  isr-stubs.o [14]
      .text               ro code     0x5'6748    0x156  eeprom-cli.o [13]
      .text               ro code     0x5'68a0     0xc0  counters-cli.o [9]
      .text               ro code     0x5'6960    0x214  concentrator-support-cli.o [8]
      .text               ro code     0x5'6b74    0x66c  ble-cli.o [5]
      .text               ro code     0x5'71e0    0x130  address-table-cli.o [3]
      .text               ro code     0x5'7310    0x114  address-table.o [3]
      .text               ro code     0x5'7424     0xac  library.o [1]
      .text               ro code     0x5'74d0    0x55c  rfhal_rtccsync.o [74]
      .text               ro code     0x5'7a2c     0x22  fpinit_M.o [75]
      .text               ro code     0x5'7a50     0x1e  cmain.o [79]
      .text               ro code     0x5'7a6e      0x4  low_level_init.o [67]
      .text               ro code     0x5'7a74     0x28  data_init.o [79]
      .text               ro code     0x5'7a9c      0x4  exit.o [67]
      .text               ro code     0x5'7aa0      0xa  cexit.o [79]
      .text               ro code     0x5'7aaa     0x10  update-tc-link-key-cli.o [50]
      .text               ro code     0x5'7aba     0x78  cipher_wrap.o [34]
      .text               ro code     0x5'7b32     0x12  find-and-bind-target-cli.o [19]
      .text               ro code     0x5'7b44      0xa  znet-cli.o [1]
      .text               ro code     0x5'7b4e      0xe  startup_efr32mg21.o [70]
      .text               ro code     0x5'7b5c      0xc  cstartup_M.o [79]
    CODE                  ro code     0x5'7b68     0x34  armv7m_cpu_a.o [36]
    CODE                  ro code     0x5'7b9c     0xf8  armv7m_os_cpu_a.o [36]
    .rodata               const       0x5'7c94      0x4  zll-utility-server.o [57]
    .rodata               const       0x5'7c98      0x4  zll-scenes-server.o [56]
    .rodata               const       0x5'7c9c      0x8  zll-on-off-server.o [55]
    .rodata               const       0x5'7ca4      0x8  zll-on-off-server.o [55]
    .rodata               const       0x5'7cac     0x10  zll-on-off-server.o [55]
    .rodata               const       0x5'7cbc     0x18  zll-on-off-server.o [55]
    .rodata               const       0x5'7cd4      0x4  zll-commissioning-server.o [53]
    .rodata               const       0x5'7cd8     0x1c  zll-commissioning-server.o [53]
    .rodata               const       0x5'7cf4     0x20  zll-commissioning-server.o [53]
    .rodata               const       0x5'7d14     0x2c  zll-commissioning-cli.o [52]
    .rodata               const       0x5'7d40     0x2c  zll-commissioning-cli.o [52]
    .rodata               const       0x5'7d6c      0x8  zll-commissioning-cli.o [52]
    .rodata               const       0x5'7d74      0x8  zll-commissioning-cli.o [52]
    .rodata               const       0x5'7d7c     0x18  zll-commissioning-cli.o [52]
    .rodata               const       0x5'7d94     0x18  zll-commissioning-cli.o [52]
    .rodata               const       0x5'7dac     0x14  zll-commissioning-cli.o [52]
    .rodata               const       0x5'7dc0      0xc  zll-commissioning-cli.o [52]
    .rodata               const       0x5'7dcc     0x10  zll-commissioning-cli.o [52]
    .rodata               const       0x5'7ddc      0x8  zll-commissioning-cli.o [52]
    .rodata               const       0x5'7de4      0x8  zll-commissioning-cli.o [52]
    .rodata               const       0x5'7dec      0xc  zll-commissioning-cli.o [52]
    .rodata               const       0x5'7df8      0x8  zll-commissioning-cli.o [52]
    .rodata               const       0x5'7e00      0xc  zll-commissioning-cli.o [52]
    .rodata               const       0x5'7e0c      0xc  zll-commissioning-cli.o [52]
    .rodata               const       0x5'7e18     0x10  zll-commissioning-cli.o [52]
    .rodata               const       0x5'7e28     0x28  zll-commissioning-cli.o [52]
    .rodata               const       0x5'7e50     0x28  zll-commissioning-cli.o [52]
    .rodata               const       0x5'7e78     0x18  zll-commissioning-cli.o [52]
    .rodata               const       0x5'7e90     0x14  zll-commissioning-cli.o [52]
    .rodata               const       0x5'7ea4     0x18  zll-commissioning-cli.o [52]
    .rodata               const       0x5'7ebc     0x18  zll-commissioning-cli.o [52]
    .rodata               const       0x5'7ed4     0x1c  zll-commissioning-cli.o [52]
    .rodata               const       0x5'7ef0     0x14  zll-commissioning-cli.o [52]
    .rodata               const       0x5'7f04     0x20  zll-commissioning-cli.o [52]
    .rodata               const       0x5'7f24     0x10  zll-commissioning-cli.o [52]
    .rodata               const       0x5'7f34      0x8  zll-commissioning-cli.o [52]
    .rodata               const       0x5'7f3c      0xc  zll-commissioning-cli.o [52]
    .rodata               const       0x5'7f48      0xc  zll-commissioning-cli.o [52]
    .rodata               const       0x5'7f54     0x30  zll-commissioning-common.o [52]
    .rodata               const       0x5'7f84     0x1c  zll-commissioning-common.o [52]
    .rodata               const       0x5'7fa0     0x28  zll-commissioning-common.o [52]
    .rodata               const       0x5'7fc8     0x14  zll-commissioning-common.o [52]
    .rodata               const       0x5'7fdc      0x8  zll-commissioning-common.o [52]
    .rodata               const       0x5'7fe4     0x18  zll-commissioning-common.o [52]
    .rodata               const       0x5'7ffc     0x18  zll-commissioning-common.o [52]
    .rodata               const       0x5'8014     0x30  zll-commissioning-common.o [52]
    .rodata               const       0x5'8044     0x20  zll-commissioning-common.o [52]
    .rodata               const       0x5'8064     0x18  zll-commissioning-common.o [52]
    .rodata               const       0x5'807c     0x10  zll-commissioning-common.o [52]
    .rodata               const       0x5'808c     0x20  af-event.o [51]
    .rodata               const       0x5'80ac     0x20  af-event.o [51]
    .rodata               const       0x5'80cc     0x20  af-event.o [51]
    .rodata               const       0x5'80ec     0x20  af-event.o [51]
    .rodata               const       0x5'810c     0x20  af-event.o [51]
    .rodata               const       0x5'812c     0x1c  af-event.o [51]
    .rodata               const       0x5'8148     0x14  af-event.o [51]
    .rodata               const       0x5'815c     0x18  af-event.o [51]
    .rodata               const       0x5'8174     0x18  af-event.o [51]
    .rodata               const       0x5'818c     0x24  af-event.o [51]
    .rodata               const       0x5'81b0     0x28  af-event.o [51]
    .rodata               const       0x5'81d8     0x24  af-event.o [51]
    .rodata               const       0x5'81fc     0x2c  af-event.o [51]
    .rodata               const       0x5'8228     0x2c  af-event.o [51]
    .rodata               const       0x5'8254     0x20  af-event.o [51]
    .rodata               const       0x5'8274     0x24  af-event.o [51]
    .rodata               const       0x5'8298     0x2c  af-event.o [51]
    .rodata               const       0x5'82c4     0x28  af-event.o [51]
    .rodata               const       0x5'82ec     0x18  af-event.o [51]
    .rodata               const       0x5'8304     0x1c  af-event.o [51]
    .rodata               const       0x5'8320     0x30  af-event.o [51]
    .rodata               const       0x5'8350     0x24  af-event.o [51]
    .rodata               const       0x5'8374     0x20  af-event.o [51]
    .rodata               const       0x5'8394     0x30  af-event.o [51]
    .rodata               const       0x5'83c4     0x30  af-event.o [51]
    .rodata               const       0x5'83f4     0xd0  af-event.o [51]
    .rodata               const       0x5'84c4      0xc  af-main-common.o [51]
    .rodata               const       0x5'84d0      0x8  af-main-common.o [51]
    .rodata               const       0x5'84d8      0x8  af-main-common.o [51]
    .rodata               const       0x5'84e0      0x8  af-main-common.o [51]
    .rodata               const       0x5'84e8      0x8  af-main-common.o [51]
    .rodata               const       0x5'84f0      0x8  af-main-common.o [51]
    .rodata               const       0x5'84f8      0x8  af-main-common.o [51]
    .rodata               const       0x5'8500      0x4  af-main-common.o [51]
    .rodata               const       0x5'8504      0x8  af-main-common.o [51]
    .rodata               const       0x5'850c      0x8  af-main-common.o [51]
    .rodata               const       0x5'8514     0x10  af-main-common.o [51]
    .rodata               const       0x5'8524      0x8  af-main-common.o [51]
    .rodata               const       0x5'852c      0x4  af-main-common.o [51]
    .rodata               const       0x5'8530     0x3c  af-main-common.o [51]
    .rodata               const       0x5'856c     0x18  af-main-common.o [51]
    .rodata               const       0x5'8584     0x30  af-main-common.o [51]
    .rodata               const       0x5'85b4     0x14  af-main-common.o [51]
    .rodata               const       0x5'85c8      0x8  af-main-common.o [51]
    .rodata               const       0x5'85d0      0x8  af-main-common.o [51]
    .rodata               const       0x5'85d8      0xc  af-main-common.o [51]
    .rodata               const       0x5'85e4      0x8  af-main-common.o [51]
    .rodata               const       0x5'85ec     0x10  af-main-common.o [51]
    .rodata               const       0x5'85fc      0x8  af-main-common.o [51]
    .rodata               const       0x5'8604      0xc  af-main-common.o [51]
    .rodata               const       0x5'8610     0x20  af-main-common.o [51]
    .rodata               const       0x5'8630      0xc  af-main-common.o [51]
    .rodata               const       0x5'863c      0xc  af-main-common.o [51]
    .rodata               const       0x5'8648      0x8  af-main-common.o [51]
    .rodata               const       0x5'8650     0x30  af-main-common.o [51]
    .rodata               const       0x5'8680     0x1c  af-main-common.o [51]
    .rodata               const       0x5'869c      0x8  af-main-common.o [51]
    .rodata               const       0x5'86a4      0x8  af-main-common.o [51]
    .rodata               const       0x5'86ac     0x18  af-main-common.o [51]
    .rodata               const       0x5'86c4      0x4  af-main-common.o [51]
    .rodata               const       0x5'86c8     0x10  af-main-common.o [51]
    .rodata               const       0x5'86d8     0x48  af-main-common.o [51]
    .rodata               const       0x5'8720     0x18  af-main-soc.o [51]
    .rodata               const       0x5'8738     0x20  af-main-soc.o [51]
    .rodata               const       0x5'8758     0x14  af-main-soc.o [51]
    .rodata               const       0x5'876c      0x8  af-main-soc.o [51]
    .rodata               const       0x5'8774     0x10  af-main-soc.o [51]
    .rodata               const       0x5'8784      0x4  af-main-soc.o [51]
    .rodata               const       0x5'8788     0x14  af-main-soc.o [51]
    .rodata               const       0x5'879c     0x18  af-main-soc.o [51]
    .rodata               const       0x5'87b4     0x1c  af-security-common.o [51]
    .rodata               const       0x5'87d0     0x10  af-security-common.o [51]
    .rodata               const       0x5'87e0      0x4  af-trust-center.o [51]
    .rodata               const       0x5'87e4     0x30  attribute-size.o [51]
    .rodata               const       0x5'8814      0x4  attribute-storage.o [51]
    .rodata               const       0x5'8818      0x4  attribute-storage.o [51]
    .rodata               const       0x5'881c     0x18  attribute-storage.o [51]
    .rodata               const       0x5'8834     0x84  attribute-storage.o [51]
    .rodata               const       0x5'88b8      0x8  attribute-storage.o [51]
    .rodata               const       0x5'88c0      0x4  attribute-storage.o [51]
    .rodata               const       0x5'88c4      0x4  attribute-storage.o [51]
    .rodata               const       0x5'88c8      0x8  attribute-storage.o [51]
    .rodata               const       0x5'88d0     0xf0  attribute-storage.o [51]
    .rodata               const       0x5'89c0      0x4  attribute-storage.o [51]
    .rodata               const       0x5'89c4    0x12c  attribute-storage.o [51]
    .rodata               const       0x5'8af0     0xa0  attribute-storage.o [51]
    .rodata               const       0x5'8b90     0x10  attribute-storage.o [51]
    .rodata               const       0x5'8ba0      0x4  attribute-storage.o [51]
    .rodata               const       0x5'8ba4      0x4  attribute-storage.o [51]
    .rodata               const       0x5'8ba8      0x8  attribute-table.o [51]
    .rodata               const       0x5'8bb0      0xc  attribute-table.o [51]
    .rodata               const       0x5'8bbc     0x40  attribute-table.o [51]
    .rodata               const       0x5'8bfc     0x14  attribute-table.o [51]
    .rodata               const       0x5'8c10      0x8  attribute-table.o [51]
    .rodata               const       0x5'8c18      0x8  attribute-table.o [51]
    .rodata               const       0x5'8c20      0x8  attribute-table.o [51]
    .rodata               const       0x5'8c28      0x4  attribute-table.o [51]
    .rodata               const       0x5'8c2c     0x18  attribute-table.o [51]
    .rodata               const       0x5'8c44      0x8  attribute-table.o [51]
    .rodata               const       0x5'8c4c      0x8  attribute-table.o [51]
    .rodata               const       0x5'8c54      0x8  attribute-table.o [51]
    .rodata               const       0x5'8c5c      0xc  attribute-table.o [51]
    .rodata               const       0x5'8c68     0x34  attribute-table.o [51]
    .rodata               const       0x5'8c9c     0x24  attribute-table.o [51]
    .rodata               const       0x5'8cc0     0x2c  attribute-table.o [51]
    .rodata               const       0x5'8cec     0x28  attribute-table.o [51]
    .rodata               const       0x5'8d14      0xc  attribute-table.o [51]
    .rodata               const       0x5'8d20     0x14  attribute-table.o [51]
    .rodata               const       0x5'8d34     0x14  attribute-table.o [51]
    .rodata               const       0x5'8d48     0x20  attribute-table.o [51]
    .rodata               const       0x5'8d68     0x2c  attribute-table.o [51]
    .rodata               const       0x5'8d94     0x10  core-cli.o [51]
    .rodata               const       0x5'8da4     0x10  core-cli.o [51]
    .rodata               const       0x5'8db4     0x10  core-cli.o [51]
    .rodata               const       0x5'8dc4     0x1c  core-cli.o [51]
    .rodata               const       0x5'8de0      0x8  core-cli.o [51]
    .rodata               const       0x5'8de8     0x18  core-cli.o [51]
    .rodata               const       0x5'8e00     0x18  core-cli.o [51]
    .rodata               const       0x5'8e18      0x8  core-cli.o [51]
    .rodata               const       0x5'8e20     0x20  core-cli.o [51]
    .rodata               const       0x5'8e40      0xc  core-cli.o [51]
    .rodata               const       0x5'8e4c      0xc  core-cli.o [51]
    .rodata               const       0x5'8e58     0x20  core-cli.o [51]
    .rodata               const       0x5'8e78      0xc  core-cli.o [51]
    .rodata               const       0x5'8e84     0x24  core-cli.o [51]
    .rodata               const       0x5'8ea8      0xc  core-cli.o [51]
    .rodata               const       0x5'8eb4      0x8  core-cli.o [51]
    .rodata               const       0x5'8ebc      0x8  core-cli.o [51]
    .rodata               const       0x5'8ec4     0x10  core-cli.o [51]
    .rodata               const       0x5'8ed4      0xc  core-cli.o [51]
    .rodata               const       0x5'8ee0     0x14  core-cli.o [51]
    .rodata               const       0x5'8ef4      0xc  core-cli.o [51]
    .rodata               const       0x5'8f00     0x20  core-cli.o [51]
[...]
writeObj                   0x2'79ff   0x2b4  Code  Lc  nvm3.o [73]
writeServerAttribute         0xd5d1     0xe  Code  Lc  scenes.o [45]
writeZllTokens               0xecdb     0xc  Code  Lc  zll-tokens.o [85]
write_value                0x4'b29f    0x48  Code  Lc  gatt_client.c.obj [72]
xor_in_place               0x4'e8d1    0x16  Code  Lc  smp.c.obj [72]
zaNodeSecurityInit         0x1'fc55    0x8e  Code  Gb  af-node.o [51]
zaTrustCenterSecurityInit
                           0x1'fabf    0x8e  Code  Gb  af-trust-center.o [51]
zaTrustCenterSecurityPolicyInit
                           0x1'fa95    0x2a  Code  Gb  af-trust-center.o [51]
zaTrustCenterSetJoinPolicy
                           0x1'fa8d     0x8  Code  Gb  af-trust-center.o [51]
zclBasicGlsrCommand        0x5'7b45     0xa  Code  Lc  znet-cli.o [1]
zclBasicGlsrCommandArguments
                           0x6'6ac4    0x10  Data  Lc  znet-cli.o [1]
zclBufferAddByte           0x5'44b7    0x12  Code  Gb  zcl-cli.o [51]
zclBufferAddByteFromArgument
                           0x5'44ef     0x8  Code  Gb  zcl-cli.o [51]
zclBufferAddInt32          0x5'44db    0x14  Code  Gb  zcl-cli.o [51]
zclBufferAddLengthAndStringFromArgument
                           0x5'450d    0x34  Code  Gb  zcl-cli.o [51]
zclBufferAddWord           0x5'44c9    0x12  Code  Gb  zcl-cli.o [51]
zclBufferAddWordFromArgument
                           0x5'44ff     0x6  Code  Gb  zcl-cli.o [51]
zclBufferSetup             0x5'4465    0x52  Code  Gb  zcl-cli.o [51]
zclClusterNames            0x5'993c    0x40  Data  Gb  util.o [51]
zclCmdIsBuilt           0x2001'5d9d     0x1  Data  Gb  zcl-cli.o [51]
zclGlobalCommandDiscoveryCommand
                           0x5'47db    0x2e  Code  Gb  zcl-cli.o [51]
zclGlobalDirection      0x2001'5da0     0x1  Data  Lc  zcl-cli.o [51]
zclGlobalDirectionCommand
                           0x5'4615    0x14  Code  Gb  zcl-cli.o [51]
zclGlobalDirectionCommandArguments
                           0x6'6afc     0x8  Data  Lc  znet-cli.o [1]
zclGlobalDiscComGenCommandArguments
                           0x6'6b04    0x10  Data  Lc  znet-cli.o [1]
zclGlobalDiscComRecCommandArguments
                           0x6'6b14    0x10  Data  Lc  znet-cli.o [1]
zclGlobalDiscoverCommand
                           0x5'467f     0x4  Code  Gb  zcl-cli.o [51]
zclGlobalDiscoverCommandArguments
                           0x6'6b24    0x10  Data  Lc  znet-cli.o [1]
zclGlobalExpectReportFromMeCommand
                           0x5'47b3    0x1c  Code  Gb  zcl-cli.o [51]
zclGlobalExpectReportFromMeCommandArguments
                           0x6'6b34    0x10  Data  Lc  znet-cli.o [1]
zclGlobalNwriteCommandArguments
                           0x6'6b44    0x14  Data  Lc  znet-cli.o [1]
zclGlobalReadCommand       0x5'4629     0x6  Code  Gb  zcl-cli.o [51]
zclGlobalReadCommandArguments
                           0x6'6b58     0xc  Data  Lc  znet-cli.o [1]
zclGlobalReportCommand     0x5'468d    0x94  Code  Gb  zcl-cli.o [51]
zclGlobalReportCommandArguments
                           0x6'6b64    0x14  Data  Lc  znet-cli.o [1]
zclGlobalReportReadCommand
                           0x5'4729    0x20  Code  Gb  zcl-cli.o [51]
zclGlobalReportReadCommandArguments
                           0x6'6b78    0x10  Data  Lc  znet-cli.o [1]
zclGlobalSendMeAReportCommand
                           0x5'4749    0x4a  Code  Gb  zcl-cli.o [51]
zclGlobalSendMeAReportCommandArguments
                           0x6'6b88    0x1c  Data  Lc  znet-cli.o [1]
zclGlobalSetup             0x5'45fb    0x1a  Code  Gb  zcl-cli.o [51]
zclGlobalUwriteCommandArguments
                           0x6'6ba4    0x14  Data  Lc  znet-cli.o [1]
zclGlobalWriteCommand      0x5'462f    0x50  Code  Gb  zcl-cli.o [51]
zclGlobalWriteCommandArguments
                           0x6'6bb8    0x14  Data  Lc  znet-cli.o [1]
zclIdentifyOffCommandArguments
                           0x6'6cd0     0x8  Data  Lc  znet-cli.o [1]
zclIdentifyOnCommandArguments
                           0x6'6cd8     0xc  Data  Lc  znet-cli.o [1]
zclIdentifyOnOffCommand
                           0x5'4899    0x40  Code  Gb  zcl-cli.o [51]
zclMfgCodeCommand          0x5'4821    0x2a  Code  Gb  zcl-cli.o [51]
zclMfgCodeCommandArguments
                           0x6'6d20     0x8  Data  Lc  znet-cli.o [1]
zclSimpleCommand           0x5'4541    0xba  Code  Gb  zcl-cli.o [51]
zclTestResponseOffCommand
                           0x5'481b     0x6  Code  Gb  zcl-cli.o [51]
zclTestResponseOnCommand
                           0x5'4815     0x6  Code  Gb  zcl-cli.o [51]
zclTimeCommand             0x5'488b     0xe  Code  Gb  zcl-cli.o [51]
zclTimeCommandArguments
                           0x6'6d8c     0x8  Data  Lc  znet-cli.o [1]
zclUseNextSequenceCommand
                           0x5'4869    0x22  Code  Gb  zcl-cli.o [51]
zclUseNextSequenceCommandArguments
                           0x6'6d94     0x8  Data  Lc  znet-cli.o [1]
zclXDefaultRespCommand     0x5'484b    0x14  Code  Gb  zcl-cli.o [51]
zclXDefaultRespCommandArguments
                           0x6'6d9c     0x8  Data  Lc  znet-cli.o [1]
zdoActiveCommandArguments
                           0x6'6e58     0x8  Data  Lc  znet-cli.o [1]
zdoActiveEpCommand         0x5'5059    0x1e  Code  Gb  zdo-cli.o [51]
zdoAddClusterCommand       0x5'4efb    0x38  Code  Gb  zdo-cli.o [51]
zdoBindCommand             0x5'4e81    0x72  Code  Gb  zdo-cli.o [51]
zdoBindCommandArguments
                           0x6'6e60    0x1c  Data  Lc  znet-cli.o [1]
zdoClearClusterCommand     0x5'4f33    0x1c  Code  Gb  zdo-cli.o [51]
zdoConfigurationModeEnabled
                        0x2000'c3e1     0x1  Data  Gb  zigbee-device-util.o [83]
zdoIeeeAddressRequestCommand
                           0x5'4db7    0x14  Code  Gb  zdo-cli.o [51]
zdoIeeeCommandArguments
                           0x6'6e7c     0x8  Data  Lc  znet-cli.o [1]
zdoInClListAddCommandArguments
                           0x6'6e84     0x8  Data  Lc  znet-cli.o [1]
zdoLeaveCommandArguments
                           0x6'6ec8    0x10  Data  Lc  znet-cli.o [1]
zdoLeaveRequestCommand     0x5'50b7    0x32  Code  Gb  zdo-cli.o [51]
zdoMatchCommand            0x5'4e13    0x44  Code  Gb  zdo-cli.o [51]
zdoMatchCommandArguments
                           0x6'6ed8     0xc  Data  Lc  znet-cli.o [1]
zdoMgmtBindCommand         0x5'509b    0x1c  Code  Gb  zdo-cli.o [51]
zdoMgmtBindCommandArguments
                           0x6'6ee4     0xc  Data  Lc  znet-cli.o [1]
zdoMgmtLqiCommand          0x5'5077    0x1a  Code  Gb  zdo-cli.o [51]
zdoMgmtLqiCommandArguments
                           0x6'6ef0     0xc  Data  Lc  znet-cli.o [1]
zdoNetworkUpdateChannelCommand
                           0x5'4f59    0x72  Code  Gb  zdo-cli.o [51]
zdoNetworkUpdateScanCommand
                           0x5'4fcb    0x5c  Code  Gb  zdo-cli.o [51]
zdoNetworkUpdateSetCommand
                           0x5'502d    0x1e  Code  Gb  zdo-cli.o [51]
zdoNodeCommand             0x5'4df1    0x22  Code  Gb  zdo-cli.o [51]
zdoNodeCommandArguments
                           0x6'6efc     0x8  Data  Lc  znet-cli.o [1]
zdoNwkAddressRequestCommand
                           0x5'4da1    0x16  Code  Gb  zdo-cli.o [51]
zdoNwkCommandArguments     0x6'6f04     0x8  Data  Lc  znet-cli.o [1]
zdoNwkUpdChanCommandArguments
                           0x6'6f0c     0x8  Data  Lc  znet-cli.o [1]
zdoNwkUpdChanPgCommandArguments
                           0x6'6f14     0xc  Data  Lc  znet-cli.o [1]
zdoNwkUpdScanChanMaskCommandArguments
                           0x6'6f30    0x14  Data  Lc  znet-cli.o [1]
zdoNwkUpdScanCommandArguments
                           0x6'6f20    0x10  Data  Lc  znet-cli.o [1]
zdoNwkUpdSetCommandArguments
                           0x6'6f44     0xc  Data  Lc  znet-cli.o [1]
zdoOutClListAddCommandArguments
                           0x6'6fc8     0x8  Data  Lc  znet-cli.o [1]
zdoPowerCommandArguments
                           0x6'700c     0x8  Data  Lc  znet-cli.o [1]
zdoPowerDescriptorRequestCommand
                           0x5'50e9    0x18  Code  Gb  zdo-cli.o [51]
zdoRouteCommandArguments
                           0x6'7014     0xc  Data  Lc  znet-cli.o [1]
zdoRouteRequestCommand     0x5'51d7    0x26  Code  Gb  zdo-cli.o [51]
zdoSimpleCommand           0x5'4dcb    0x26  Code  Gb  zdo-cli.o [51]
zdoSimpleCommandArguments
                           0x6'7020     0xc  Data  Lc  znet-cli.o [1]
zdoUnbindGroupCommand      0x5'5193    0x18  Code  Gb  zdo-cli.o [51]
zdoUnbindGroupCommandArguments
                           0x6'702c    0x18  Data  Lc  znet-cli.o [1]
zdoUnbindUnicastCommand
                           0x5'51ab    0x2c  Code  Gb  zdo-cli.o [51]
zdoUnbindUnicastCommandArguments
                           0x6'7044    0x1c  Data  Lc  znet-cli.o [1]
zeroLenByte             0x2001'5c3c     0x2  Data  Lc  message.o [51]
zeroize                    0x4'c171    0x12  Code  Gb  bg_util_aes.c.obj [72]
zeros                      0x5'ac44     0x4  Data  Lc  radioaes_ble.o [34]
zigDevApsStruct         0x2001'4984     0x4  Data  Lc  zigbee-device-util.o [83]
zigDevRequestRadius     0x2000'c3d3     0x1  Data  Gb  zigbee-device-common.o [1]
zigDevRequestSequence   0x2001'5e03     0x1  Data  Lc  zigbee-device-common.o [1]
zigDevRequestSequence   0x2001'4974     0x1  Data  Lc  zigbee-device-util.o [83]
zigbeeBitmap            0x2000'bd70    0x20  Data  Lc  dmp-ui.o [12]
zigbeeTask                 0x2'33f5    0x48  Code  Lc  micrium-rtos-main.o [35]
zigbeeTaskControlBlock  0x2000'df9c    0x98  Data  Lc  micrium-rtos-main.o [35]
zigbeeTaskDeepSleepAllowed
                        0x2001'5db5     0x1  Data  Lc  micrium-rtos-sleep.o [35]
zigbeeTaskNextWakeUpTimeMs
                        0x2000'f614     0x4  Data  Lc  micrium-rtos-sleep.o [35]
zigbeeTaskStack         0x2000'e034  0x15e0  Data  Lc  micrium-rtos-main.o [35]
zllNodeType             0x2001'4769     0x1  Data  Lc  zll-api.o [85]
zllPrimaryChannelMask   0x2001'477c     0x4  Data  Lc  zll-api.o [85]
zllSecondaryChannelMask
                        0x2001'47a4     0x4  Data  Lc  zll-api.o [85]
zllSequenceNum          0x2001'5e17     0x1  Data  Lc  zll-interpan.o [85]


[1] = C:\SiliconLabs\SimplicityStudio\v4\developer\sdks\gecko_sdk_suite\v2.5\dm_lite_mg21_v660\IAR ARM - Default - EFR32MG21A010F1024IM32
[2] = C:\SiliconLabs\SimplicityStudio\v4\developer\sdks\gecko_sdk_suite\v2.5\dm_lite_mg21_v660\IAR ARM - Default - EFR32MG21A010F1024IM32\adc\EFR32
[3] = C:\SiliconLabs\SimplicityStudio\v4\developer\sdks\gecko_sdk_suite\v2.5\dm_lite_mg21_v660\IAR ARM - Default - EFR32MG21A010F1024IM32\address-table
[4] = C:\SiliconLabs\SimplicityStudio\v4\developer\sdks\gecko_sdk_suite\v2.5\dm_lite_mg21_v660\IAR ARM - Default - EFR32MG21A010F1024IM32\antenna-stub
[5] = C:\SiliconLabs\SimplicityStudio\v4\developer\sdks\gecko_sdk_suite\v2.5\dm_lite_mg21_v660\IAR ARM - Default - EFR32MG21A010F1024IM32\ble
[6] = C:\SiliconLabs\SimplicityStudio\v4\developer\sdks\gecko_sdk_suite\v2.5\dm_lite_mg21_v660\IAR ARM - Default - EFR32MG21A010F1024IM32\ccm-encryption
[7] = C:\SiliconLabs\SimplicityStudio\v4\developer\sdks\gecko_sdk_suite\v2.5\dm_lite_mg21_v660\IAR ARM - Default - EFR32MG21A010F1024IM32\coexistence-stub\EFR32
[8] = C:\SiliconLabs\SimplicityStudio\v4\developer\sdks\gecko_sdk_suite\v2.5\dm_lite_mg21_v660\IAR ARM - Default - EFR32MG21A010F1024IM32\concentrator
[9] = C:\SiliconLabs\SimplicityStudio\v4\developer\sdks\gecko_sdk_suite\v2.5\dm_lite_mg21_v660\IAR ARM - Default - EFR32MG21A010F1024IM32\counters
[10] = C:\SiliconLabs\SimplicityStudio\v4\developer\sdks\gecko_sdk_suite\v2.5\dm_lite_mg21_v660\IAR ARM - Default - EFR32MG21A010F1024IM32\debug-basic-library\EFR32
[11] = C:\SiliconLabs\SimplicityStudio\v4\developer\sdks\gecko_sdk_suite\v2.5\dm_lite_mg21_v660\IAR ARM - Default - EFR32MG21A010F1024IM32\debug-jtag\EFR32
[12] = C:\SiliconLabs\SimplicityStudio\v4\developer\sdks\gecko_sdk_suite\v2.5\dm_lite_mg21_v660\IAR ARM - Default - EFR32MG21A010F1024IM32\dmp-ui-demo
[13] = C:\SiliconLabs\SimplicityStudio\v4\developer\sdks\gecko_sdk_suite\v2.5\dm_lite_mg21_v660\IAR ARM - Default - EFR32MG21A010F1024IM32\eeprom
[14] = C:\SiliconLabs\SimplicityStudio\v4\developer\sdks\gecko_sdk_suite\v2.5\dm_lite_mg21_v660\IAR ARM - Default - EFR32MG21A010F1024IM32\efr32
[15] = C:\SiliconLabs\SimplicityStudio\v4\developer\sdks\gecko_sdk_suite\v2.5\dm_lite_mg21_v660\IAR ARM - Default - EFR32MG21A010F1024IM32\ember-minimal-printf
[16] = C:\SiliconLabs\SimplicityStudio\v4\developer\sdks\gecko_sdk_suite\v2.5\dm_lite_mg21_v660\IAR ARM - Default - EFR32MG21A010F1024IM32\emdrv
[17] = C:\SiliconLabs\SimplicityStudio\v4\developer\sdks\gecko_sdk_suite\v2.5\dm_lite_mg21_v660\IAR ARM - Default - EFR32MG21A010F1024IM32\emlib
[18] = C:\SiliconLabs\SimplicityStudio\v4\developer\sdks\gecko_sdk_suite\v2.5\dm_lite_mg21_v660\IAR ARM - Default - EFR32MG21A010F1024IM32\external-generated-files
[19] = C:\SiliconLabs\SimplicityStudio\v4\developer\sdks\gecko_sdk_suite\v2.5\dm_lite_mg21_v660\IAR ARM - Default - EFR32MG21A010F1024IM32\find-and-bind-target
[20] = C:\SiliconLabs\SimplicityStudio\v4\developer\sdks\gecko_sdk_suite\v2.5\dm_lite_mg21_v660\IAR ARM - Default - EFR32MG21A010F1024IM32\form-and-join
[21] = C:\SiliconLabs\SimplicityStudio\v4\developer\sdks\gecko_sdk_suite\v2.5\dm_lite_mg21_v660\IAR ARM - Default - EFR32MG21A010F1024IM32\glib
[22] = C:\SiliconLabs\SimplicityStudio\v4\developer\sdks\gecko_sdk_suite\v2.5\dm_lite_mg21_v660\IAR ARM - Default - EFR32MG21A010F1024IM32\glib\EFR32
[23] = C:\SiliconLabs\SimplicityStudio\v4\developer\sdks\gecko_sdk_suite\v2.5\dm_lite_mg21_v660\IAR ARM - Default - EFR32MG21A010F1024IM32\green-power-client
[24] = C:\SiliconLabs\SimplicityStudio\v4\developer\sdks\gecko_sdk_suite\v2.5\dm_lite_mg21_v660\IAR ARM - Default - EFR32MG21A010F1024IM32\green-power-common
[25] = C:\SiliconLabs\SimplicityStudio\v4\developer\sdks\gecko_sdk_suite\v2.5\dm_lite_mg21_v660\IAR ARM - Default - EFR32MG21A010F1024IM32\groups-server
[26] = C:\SiliconLabs\SimplicityStudio\v4\developer\sdks\gecko_sdk_suite\v2.5\dm_lite_mg21_v660\IAR ARM - Default - EFR32MG21A010F1024IM32\hal-library\EFR32
[27] = C:\SiliconLabs\SimplicityStudio\v4\developer\sdks\gecko_sdk_suite\v2.5\dm_lite_mg21_v660\IAR ARM - Default - EFR32MG21A010F1024IM32\identify
[28] = C:\SiliconLabs\SimplicityStudio\v4\developer\sdks\gecko_sdk_suite\v2.5\dm_lite_mg21_v660\IAR ARM - Default - EFR32MG21A010F1024IM32\identify-feedback
[29] = C:\SiliconLabs\SimplicityStudio\v4\developer\sdks\gecko_sdk_suite\v2.5\dm_lite_mg21_v660\IAR ARM - Default - EFR32MG21A010F1024IM32\idle-sleep
[30] = C:\SiliconLabs\SimplicityStudio\v4\developer\sdks\gecko_sdk_suite\v2.5\dm_lite_mg21_v660\IAR ARM - Default - EFR32MG21A010F1024IM32\interpan
[31] = C:\SiliconLabs\SimplicityStudio\v4\developer\sdks\gecko_sdk_suite\v2.5\dm_lite_mg21_v660\IAR ARM - Default - EFR32MG21A010F1024IM32\kit-drivers
[32] = C:\SiliconLabs\SimplicityStudio\v4\developer\sdks\gecko_sdk_suite\v2.5\dm_lite_mg21_v660\IAR ARM - Default - EFR32MG21A010F1024IM32\manufacturing-library-cli
[33] = C:\SiliconLabs\SimplicityStudio\v4\developer\sdks\gecko_sdk_suite\v2.5\dm_lite_mg21_v660\IAR ARM - Default - EFR32MG21A010F1024IM32\mbedtls-multiprotocol
[34] = C:\SiliconLabs\SimplicityStudio\v4\developer\sdks\gecko_sdk_suite\v2.5\dm_lite_mg21_v660\IAR ARM - Default - EFR32MG21A010F1024IM32\mbedtls\EFR32
[35] = C:\SiliconLabs\SimplicityStudio\v4\developer\sdks\gecko_sdk_suite\v2.5\dm_lite_mg21_v660\IAR ARM - Default - EFR32MG21A010F1024IM32\micrium-rtos
[36] = C:\SiliconLabs\SimplicityStudio\v4\developer\sdks\gecko_sdk_suite\v2.5\dm_lite_mg21_v660\IAR ARM - Default - EFR32MG21A010F1024IM32\micrium-rtos\EFR32
[37] = C:\SiliconLabs\SimplicityStudio\v4\developer\sdks\gecko_sdk_suite\v2.5\dm_lite_mg21_v660\IAR ARM - Default - EFR32MG21A010F1024IM32\network-creator
[38] = C:\SiliconLabs\SimplicityStudio\v4\developer\sdks\gecko_sdk_suite\v2.5\dm_lite_mg21_v660\IAR ARM - Default - EFR32MG21A010F1024IM32\network-creator-security
[39] = C:\SiliconLabs\SimplicityStudio\v4\developer\sdks\gecko_sdk_suite\v2.5\dm_lite_mg21_v660\IAR ARM - Default - EFR32MG21A010F1024IM32\network-steering
[40] = C:\SiliconLabs\SimplicityStudio\v4\developer\sdks\gecko_sdk_suite\v2.5\dm_lite_mg21_v660\IAR ARM - Default - EFR32MG21A010F1024IM32\nvm3
[41] = C:\SiliconLabs\SimplicityStudio\v4\developer\sdks\gecko_sdk_suite\v2.5\dm_lite_mg21_v660\IAR ARM - Default - EFR32MG21A010F1024IM32\nvm3\EFR32
[42] = C:\SiliconLabs\SimplicityStudio\v4\developer\sdks\gecko_sdk_suite\v2.5\dm_lite_mg21_v660\IAR ARM - Default - EFR32MG21A010F1024IM32\on-off
[43] = C:\SiliconLabs\SimplicityStudio\v4\developer\sdks\gecko_sdk_suite\v2.5\dm_lite_mg21_v660\IAR ARM - Default - EFR32MG21A010F1024IM32\reporting
[44] = C:\SiliconLabs\SimplicityStudio\v4\developer\sdks\gecko_sdk_suite\v2.5\dm_lite_mg21_v660\IAR ARM - Default - EFR32MG21A010F1024IM32\scan-dispatch
[45] = C:\SiliconLabs\SimplicityStudio\v4\developer\sdks\gecko_sdk_suite\v2.5\dm_lite_mg21_v660\IAR ARM - Default - EFR32MG21A010F1024IM32\scenes
[46] = C:\SiliconLabs\SimplicityStudio\v4\developer\sdks\gecko_sdk_suite\v2.5\dm_lite_mg21_v660\IAR ARM - Default - EFR32MG21A010F1024IM32\serial
[47] = C:\SiliconLabs\SimplicityStudio\v4\developer\sdks\gecko_sdk_suite\v2.5\dm_lite_mg21_v660\IAR ARM - Default - EFR32MG21A010F1024IM32\serial\EFR32
[48] = C:\SiliconLabs\SimplicityStudio\v4\developer\sdks\gecko_sdk_suite\v2.5\dm_lite_mg21_v660\IAR ARM - Default - EFR32MG21A010F1024IM32\spidisplay
[49] = C:\SiliconLabs\SimplicityStudio\v4\developer\sdks\gecko_sdk_suite\v2.5\dm_lite_mg21_v660\IAR ARM - Default - EFR32MG21A010F1024IM32\strong-random
[50] = C:\SiliconLabs\SimplicityStudio\v4\developer\sdks\gecko_sdk_suite\v2.5\dm_lite_mg21_v660\IAR ARM - Default - EFR32MG21A010F1024IM32\update-tc-link-key
[51] = C:\SiliconLabs\SimplicityStudio\v4\developer\sdks\gecko_sdk_suite\v2.5\dm_lite_mg21_v660\IAR ARM - Default - EFR32MG21A010F1024IM32\zcl-framework-core
[52] = C:\SiliconLabs\SimplicityStudio\v4\developer\sdks\gecko_sdk_suite\v2.5\dm_lite_mg21_v660\IAR ARM - Default - EFR32MG21A010F1024IM32\zll-commissioning-common
[53] = C:\SiliconLabs\SimplicityStudio\v4\developer\sdks\gecko_sdk_suite\v2.5\dm_lite_mg21_v660\IAR ARM - Default - EFR32MG21A010F1024IM32\zll-commissioning-server
[54] = C:\SiliconLabs\SimplicityStudio\v4\developer\sdks\gecko_sdk_suite\v2.5\dm_lite_mg21_v660\IAR ARM - Default - EFR32MG21A010F1024IM32\zll-identify-server
[55] = C:\SiliconLabs\SimplicityStudio\v4\developer\sdks\gecko_sdk_suite\v2.5\dm_lite_mg21_v660\IAR ARM - Default - EFR32MG21A010F1024IM32\zll-on-off-server
[56] = C:\SiliconLabs\SimplicityStudio\v4\developer\sdks\gecko_sdk_suite\v2.5\dm_lite_mg21_v660\IAR ARM - Default - EFR32MG21A010F1024IM32\zll-scenes-server
[57] = C:\SiliconLabs\SimplicityStudio\v4\developer\sdks\gecko_sdk_suite\v2.5\dm_lite_mg21_v660\IAR ARM - Default - EFR32MG21A010F1024IM32\zll-utility-server
[58] = binding-table-library.a
[59] = cbke-163k1-stub-library.a
[60] = cbke-283k1-stub-library.a
[61] = cbke-library-dsa-sign-stub.a
[62] = cbke-library-dsa-verify-283k1-stub.a
[63] = cbke-library-dsa-verify-stub.a
[64] = cbke-stub-library.a
[65] = debug-basic-library.a
[66] = debug-extended-stub-library.a
[67] = dl7M_tln.a
[68] = end-device-bind-stub-library.a
[69] = gp-library.a
[70] = hal-library.a
[71] = install-code-library.a
[72] = libbluetooth.a
[73] = libnvm3_CM33_iar.a
[74] = librail_multiprotocol_efr32xg21_iar_release.a
[75] = m7M_tls.a
[76] = mfglib-library.a
[77] = multi-network-stub-library.a
[78] = packet-validate-library.a
[79] = rt7M_tl.a
[80] = security-library-core.a
[81] = security-library-link-keys.a
[82] = sim-eeprom2-to-nvm3-upgrade-stub-library.a
[83] = zigbee-pro-stack.a
[84] = zigbee-r22-support-stub-library.a
[85] = zll-library.a

  341 324 bytes of readonly  code memory
      324 bytes of readwrite code memory
   76 980 bytes of readonly  data memory
   97 174 bytes of readwrite data memory

Errors: none
Warnings: none
